../Drivers/STM32L4xx_HAL_Driver/Inc/stm32l4xx_ll_exti.h:305:22:LL_EXTI_EnableIT_0_31	16	static
../Drivers/STM32L4xx_HAL_Driver/Inc/stm32l4xx_ll_exti.h:377:22:LL_EXTI_DisableIT_0_31	16	static
../Drivers/STM32L4xx_HAL_Driver/Inc/stm32l4xx_ll_exti.h:528:22:LL_EXTI_EnableEvent_0_31	16	static
../Drivers/STM32L4xx_HAL_Driver/Inc/stm32l4xx_ll_exti.h:596:22:LL_EXTI_DisableEvent_0_31	16	static
../Drivers/STM32L4xx_HAL_Driver/Inc/stm32l4xx_ll_exti.h:738:22:LL_EXTI_EnableRisingTrig_0_31	16	static
../Drivers/STM32L4xx_HAL_Driver/Inc/stm32l4xx_ll_exti.h:804:22:LL_EXTI_DisableRisingTrig_0_31	16	static
../Drivers/STM32L4xx_HAL_Driver/Inc/stm32l4xx_ll_exti.h:931:22:LL_EXTI_EnableFallingTrig_0_31	16	static
../Drivers/STM32L4xx_HAL_Driver/Inc/stm32l4xx_ll_exti.h:996:22:LL_EXTI_DisableFallingTrig_0_31	16	static
../Drivers/STM32L4xx_HAL_Driver/Inc/stm32l4xx_ll_exti.h:1186:26:LL_EXTI_IsActiveFlag_0_31	16	static
../Drivers/STM32L4xx_HAL_Driver/Inc/stm32l4xx_ll_exti.h:1298:22:LL_EXTI_ClearFlag_0_31	16	static
../Drivers/STM32L4xx_HAL_Driver/Src/stm32l4xx_hal_comp.c:262:19:HAL_COMP_Init	40	static
../Drivers/STM32L4xx_HAL_Driver/Src/stm32l4xx_hal_comp.c:477:19:HAL_COMP_DeInit	24	static
../Drivers/STM32L4xx_HAL_Driver/Src/stm32l4xx_hal_comp.c:526:13:HAL_COMP_MspInit	16	static
../Drivers/STM32L4xx_HAL_Driver/Src/stm32l4xx_hal_comp.c:541:13:HAL_COMP_MspDeInit	16	static
../Drivers/STM32L4xx_HAL_Driver/Src/stm32l4xx_hal_comp.c:735:19:HAL_COMP_Start	24	static
../Drivers/STM32L4xx_HAL_Driver/Src/stm32l4xx_hal_comp.c:787:19:HAL_COMP_Stop	24	static
../Drivers/STM32L4xx_HAL_Driver/Src/stm32l4xx_hal_comp.c:829:6:HAL_COMP_IRQHandler	24	static
../Drivers/STM32L4xx_HAL_Driver/Src/stm32l4xx_hal_comp.c:892:19:HAL_COMP_Lock	24	static
../Drivers/STM32L4xx_HAL_Driver/Src/stm32l4xx_hal_comp.c:953:10:HAL_COMP_GetOutputLevel	16	static
../Drivers/STM32L4xx_HAL_Driver/Src/stm32l4xx_hal_comp.c:967:13:HAL_COMP_TriggerCallback	16	static
../Drivers/STM32L4xx_HAL_Driver/Src/stm32l4xx_hal_comp.c:1001:23:HAL_COMP_GetState	16	static
../Drivers/STM32L4xx_HAL_Driver/Src/stm32l4xx_hal_comp.c:1021:10:HAL_COMP_GetError	16	static
