Archive member included to satisfy reference by file (symbol)

c:/st/stm32cubeide_1.9.0/stm32cubeide/plugins/com.st.stm32cube.ide.mcu.externaltools.gnu-tools-for-stm32.10.3-2021.10.win32_1.0.0.202111181127/tools/bin/../lib/gcc/arm-none-eabi/10.3.1/../../../../arm-none-eabi/lib/thumb/v7e-m+fp/hard\libc_nano.a(lib_a-ctype_.o)
                              ./Src/usbserial.o (_ctype_)
c:/st/stm32cubeide_1.9.0/stm32cubeide/plugins/com.st.stm32cube.ide.mcu.externaltools.gnu-tools-for-stm32.10.3-2021.10.win32_1.0.0.202111181127/tools/bin/../lib/gcc/arm-none-eabi/10.3.1/../../../../arm-none-eabi/lib/thumb/v7e-m+fp/hard\libc_nano.a(lib_a-errno.o)
                              ./Src/syscalls.o (__errno)
c:/st/stm32cubeide_1.9.0/stm32cubeide/plugins/com.st.stm32cube.ide.mcu.externaltools.gnu-tools-for-stm32.10.3-2021.10.win32_1.0.0.202111181127/tools/bin/../lib/gcc/arm-none-eabi/10.3.1/../../../../arm-none-eabi/lib/thumb/v7e-m+fp/hard\libc_nano.a(lib_a-exit.o)
                              c:/st/stm32cubeide_1.9.0/stm32cubeide/plugins/com.st.stm32cube.ide.mcu.externaltools.gnu-tools-for-stm32.10.3-2021.10.win32_1.0.0.202111181127/tools/bin/../lib/gcc/arm-none-eabi/10.3.1/../../../../arm-none-eabi/lib/thumb/v7e-m+fp/hard/crt0.o (exit)
c:/st/stm32cubeide_1.9.0/stm32cubeide/plugins/com.st.stm32cube.ide.mcu.externaltools.gnu-tools-for-stm32.10.3-2021.10.win32_1.0.0.202111181127/tools/bin/../lib/gcc/arm-none-eabi/10.3.1/../../../../arm-none-eabi/lib/thumb/v7e-m+fp/hard\libc_nano.a(lib_a-findfp.o)
                              ./Middlewares/Third_Party/FreeRTOS/Source/tasks.o (__sf_fake_stderr)
c:/st/stm32cubeide_1.9.0/stm32cubeide/plugins/com.st.stm32cube.ide.mcu.externaltools.gnu-tools-for-stm32.10.3-2021.10.win32_1.0.0.202111181127/tools/bin/../lib/gcc/arm-none-eabi/10.3.1/../../../../arm-none-eabi/lib/thumb/v7e-m+fp/hard\libc_nano.a(lib_a-fwalk.o)
                              c:/st/stm32cubeide_1.9.0/stm32cubeide/plugins/com.st.stm32cube.ide.mcu.externaltools.gnu-tools-for-stm32.10.3-2021.10.win32_1.0.0.202111181127/tools/bin/../lib/gcc/arm-none-eabi/10.3.1/../../../../arm-none-eabi/lib/thumb/v7e-m+fp/hard\libc_nano.a(lib_a-findfp.o) (_fwalk)
c:/st/stm32cubeide_1.9.0/stm32cubeide/plugins/com.st.stm32cube.ide.mcu.externaltools.gnu-tools-for-stm32.10.3-2021.10.win32_1.0.0.202111181127/tools/bin/../lib/gcc/arm-none-eabi/10.3.1/../../../../arm-none-eabi/lib/thumb/v7e-m+fp/hard\libc_nano.a(lib_a-impure.o)
                              c:/st/stm32cubeide_1.9.0/stm32cubeide/plugins/com.st.stm32cube.ide.mcu.externaltools.gnu-tools-for-stm32.10.3-2021.10.win32_1.0.0.202111181127/tools/bin/../lib/gcc/arm-none-eabi/10.3.1/../../../../arm-none-eabi/lib/thumb/v7e-m+fp/hard\libc_nano.a(lib_a-exit.o) (_global_impure_ptr)
c:/st/stm32cubeide_1.9.0/stm32cubeide/plugins/com.st.stm32cube.ide.mcu.externaltools.gnu-tools-for-stm32.10.3-2021.10.win32_1.0.0.202111181127/tools/bin/../lib/gcc/arm-none-eabi/10.3.1/../../../../arm-none-eabi/lib/thumb/v7e-m+fp/hard\libc_nano.a(lib_a-init.o)
                              c:/st/stm32cubeide_1.9.0/stm32cubeide/plugins/com.st.stm32cube.ide.mcu.externaltools.gnu-tools-for-stm32.10.3-2021.10.win32_1.0.0.202111181127/tools/bin/../lib/gcc/arm-none-eabi/10.3.1/../../../../arm-none-eabi/lib/thumb/v7e-m+fp/hard/crt0.o (__libc_init_array)
c:/st/stm32cubeide_1.9.0/stm32cubeide/plugins/com.st.stm32cube.ide.mcu.externaltools.gnu-tools-for-stm32.10.3-2021.10.win32_1.0.0.202111181127/tools/bin/../lib/gcc/arm-none-eabi/10.3.1/../../../../arm-none-eabi/lib/thumb/v7e-m+fp/hard\libc_nano.a(lib_a-lock.o)
                              c:/st/stm32cubeide_1.9.0/stm32cubeide/plugins/com.st.stm32cube.ide.mcu.externaltools.gnu-tools-for-stm32.10.3-2021.10.win32_1.0.0.202111181127/tools/bin/../lib/gcc/arm-none-eabi/10.3.1/../../../../arm-none-eabi/lib/thumb/v7e-m+fp/hard\libc_nano.a(lib_a-findfp.o) (__retarget_lock_init_recursive)
c:/st/stm32cubeide_1.9.0/stm32cubeide/plugins/com.st.stm32cube.ide.mcu.externaltools.gnu-tools-for-stm32.10.3-2021.10.win32_1.0.0.202111181127/tools/bin/../lib/gcc/arm-none-eabi/10.3.1/../../../../arm-none-eabi/lib/thumb/v7e-m+fp/hard\libc_nano.a(lib_a-memcpy-stub.o)
                              ./Middlewares/Third_Party/FreeRTOS/Source/CMSIS_RTOS_V2/cmsis_os2.o (memcpy)
c:/st/stm32cubeide_1.9.0/stm32cubeide/plugins/com.st.stm32cube.ide.mcu.externaltools.gnu-tools-for-stm32.10.3-2021.10.win32_1.0.0.202111181127/tools/bin/../lib/gcc/arm-none-eabi/10.3.1/../../../../arm-none-eabi/lib/thumb/v7e-m+fp/hard\libc_nano.a(lib_a-memset.o)
                              c:/st/stm32cubeide_1.9.0/stm32cubeide/plugins/com.st.stm32cube.ide.mcu.externaltools.gnu-tools-for-stm32.10.3-2021.10.win32_1.0.0.202111181127/tools/bin/../lib/gcc/arm-none-eabi/10.3.1/../../../../arm-none-eabi/lib/thumb/v7e-m+fp/hard/crt0.o (memset)
[...]
Memory Configuration

Name             Origin             Length             Attributes
RAM              0x0000000020000000 0x0000000000050000 xrw
FLASH            0x0000000008000000 0x0000000000080000 xr
*default*        0x0000000000000000 0xffffffffffffffff

Linker script and memory map

LOAD c:/st/stm32cubeide_1.9.0/stm32cubeide/plugins/com.st.stm32cube.ide.mcu.externaltools.gnu-tools-for-stm32.10.3-2021.10.win32_1.0.0.202111181127/tools/bin/../lib/gcc/arm-none-eabi/10.3.1/thumb/v7e-m+fp/hard/crti.o
LOAD c:/st/stm32cubeide_1.9.0/stm32cubeide/plugins/com.st.stm32cube.ide.mcu.externaltools.gnu-tools-for-stm32.10.3-2021.10.win32_1.0.0.202111181127/tools/bin/../lib/gcc/arm-none-eabi/10.3.1/thumb/v7e-m+fp/hard/crtbegin.o
LOAD c:/st/stm32cubeide_1.9.0/stm32cubeide/plugins/com.st.stm32cube.ide.mcu.externaltools.gnu-tools-for-stm32.10.3-2021.10.win32_1.0.0.202111181127/tools/bin/../lib/gcc/arm-none-eabi/10.3.1/../../../../arm-none-eabi/lib/thumb/v7e-m+fp/hard/crt0.o
LOAD ./Drivers/STM32L4xx_HAL_Driver/Src/stm32l4xx_hal.o
LOAD ./Drivers/STM32L4xx_HAL_Driver/Src/stm32l4xx_hal_adc.o
LOAD ./Drivers/STM32L4xx_HAL_Driver/Src/stm32l4xx_hal_adc_ex.o
LOAD ./Drivers/STM32L4xx_HAL_Driver/Src/stm32l4xx_hal_comp.o
LOAD ./Drivers/STM32L4xx_HAL_Driver/Src/stm32l4xx_hal_cortex.o
LOAD ./Drivers/STM32L4xx_HAL_Driver/Src/stm32l4xx_hal_dac.o
LOAD ./Drivers/STM32L4xx_HAL_Driver/Src/stm32l4xx_hal_dac_ex.o
LOAD ./Drivers/STM32L4xx_HAL_Driver/Src/stm32l4xx_hal_dma.o
LOAD ./Drivers/STM32L4xx_HAL_Driver/Src/stm32l4xx_hal_dma_ex.o
LOAD ./Drivers/STM32L4xx_HAL_Driver/Src/stm32l4xx_hal_exti.o
LOAD ./Drivers/STM32L4xx_HAL_Driver/Src/stm32l4xx_hal_flash.o
LOAD ./Drivers/STM32L4xx_HAL_Driver/Src/stm32l4xx_hal_flash_ex.o
LOAD ./Drivers/STM32L4xx_HAL_Driver/Src/stm32l4xx_hal_flash_ramfunc.o
LOAD ./Drivers/STM32L4xx_HAL_Driver/Src/stm32l4xx_hal_gpio.o
LOAD ./Drivers/STM32L4xx_HAL_Driver/Src/stm32l4xx_hal_i2c.o
LOAD ./Drivers/STM32L4xx_HAL_Driver/Src/stm32l4xx_hal_i2c_ex.o
LOAD ./Drivers/STM32L4xx_HAL_Driver/Src/stm32l4xx_hal_lcd.o
LOAD ./Drivers/STM32L4xx_HAL_Driver/Src/stm32l4xx_hal_opamp.o
LOAD ./Drivers/STM32L4xx_HAL_Driver/Src/stm32l4xx_hal_opamp_ex.o
LOAD ./Drivers/STM32L4xx_HAL_Driver/Src/stm32l4xx_hal_pcd.o
LOAD ./Drivers/STM32L4xx_HAL_Driver/Src/stm32l4xx_hal_pcd_ex.o
LOAD ./Drivers/STM32L4xx_HAL_Driver/Src/stm32l4xx_hal_pwr.o
LOAD ./Drivers/STM32L4xx_HAL_Driver/Src/stm32l4xx_hal_pwr_ex.o
LOAD ./Drivers/STM32L4xx_HAL_Driver/Src/stm32l4xx_hal_rcc.o
LOAD ./Drivers/STM32L4xx_HAL_Driver/Src/stm32l4xx_hal_rcc_ex.o
LOAD ./Drivers/STM32L4xx_HAL_Driver/Src/stm32l4xx_hal_tim.o
LOAD ./Drivers/STM32L4xx_HAL_Driver/Src/stm32l4xx_hal_tim_ex.o
LOAD ./Drivers/STM32L4xx_HAL_Driver/Src/stm32l4xx_ll_usb.o
LOAD ./Middlewares/ST/STM32_USB_Device_Library/Class/CDC/Src/usbd_cdc.o
LOAD ./Middlewares/ST/STM32_USB_Device_Library/Core/Src/usbd_core.o
LOAD ./Middlewares/ST/STM32_USB_Device_Library/Core/Src/usbd_ctlreq.o
LOAD ./Middlewares/ST/STM32_USB_Device_Library/Core/Src/usbd_ioreq.o
LOAD ./Middlewares/Third_Party/FreeRTOS/Source/CMSIS_RTOS_V2/cmsis_os2.o
LOAD ./Middlewares/Third_Party/FreeRTOS/Source/croutine.o
LOAD ./Middlewares/Third_Party/FreeRTOS/Source/event_groups.o
LOAD ./Middlewares/Third_Party/FreeRTOS/Source/list.o
LOAD ./Middlewares/Third_Party/FreeRTOS/Source/queue.o
LOAD ./Middlewares/Third_Party/FreeRTOS/Source/stream_buffer.o
LOAD ./Middlewares/Third_Party/FreeRTOS/Source/tasks.o
LOAD ./Middlewares/Third_Party/FreeRTOS/Source/timers.o
LOAD ./Middlewares/Third_Party/FreeRTOS/Source/portable/GCC/ARM_CM4F/port.o
LOAD ./Middlewares/Third_Party/FreeRTOS/Source/portable/MemMang/heap_4.o
LOAD ./Src/application.o
LOAD ./Src/codificaMorse.o
LOAD ./Src/freertos.o
LOAD ./Src/io.o
LOAD ./Src/main.o
LOAD ./Src/stm32l4xx_hal_msp.o
LOAD ./Src/stm32l4xx_hal_timebase_tim.o
LOAD ./Src/stm32l4xx_it.o
LOAD ./Src/syscalls.o
LOAD ./Src/sysmem.o
LOAD ./Src/system_stm32l4xx.o
LOAD ./Src/usb_device.o
LOAD ./Src/usbd_cdc_if.o
LOAD ./Src/usbd_conf.o
LOAD ./Src/usbd_desc.o
LOAD ./Src/usbserial.o
LOAD ./Startup/startup_stm32l496vetx.o
START GROUP
LOAD c:/st/stm32cubeide_1.9.0/stm32cubeide/plugins/com.st.stm32cube.ide.mcu.externaltools.gnu-tools-for-stm32.10.3-2021.10.win32_1.0.0.202111181127/tools/bin/../lib/gcc/arm-none-eabi/10.3.1/../../../../arm-none-eabi/lib/thumb/v7e-m+fp/hard\libc_nano.a
LOAD c:/st/stm32cubeide_1.9.0/stm32cubeide/plugins/com.st.stm32cube.ide.mcu.externaltools.gnu-tools-for-stm32.10.3-2021.10.win32_1.0.0.202111181127/tools/bin/../lib/gcc/arm-none-eabi/10.3.1/../../../../arm-none-eabi/lib/thumb/v7e-m+fp/hard\libm.a
END GROUP
START GROUP
LOAD c:/st/stm32cubeide_1.9.0/stm32cubeide/plugins/com.st.stm32cube.ide.mcu.externaltools.gnu-tools-for-stm32.10.3-2021.10.win32_1.0.0.202111181127/tools/bin/../lib/gcc/arm-none-eabi/10.3.1/thumb/v7e-m+fp/hard\libgcc.a
LOAD c:/st/stm32cubeide_1.9.0/stm32cubeide/plugins/com.st.stm32cube.ide.mcu.externaltools.gnu-tools-for-stm32.10.3-2021.10.win32_1.0.0.202111181127/tools/bin/../lib/gcc/arm-none-eabi/10.3.1/../../../../arm-none-eabi/lib/thumb/v7e-m+fp/hard\libc_nano.a
END GROUP
START GROUP
LOAD c:/st/stm32cubeide_1.9.0/stm32cubeide/plugins/com.st.stm32cube.ide.mcu.externaltools.gnu-tools-for-stm32.10.3-2021.10.win32_1.0.0.202111181127/tools/bin/../lib/gcc/arm-none-eabi/10.3.1/thumb/v7e-m+fp/hard\libgcc.a
LOAD c:/st/stm32cubeide_1.9.0/stm32cubeide/plugins/com.st.stm32cube.ide.mcu.externaltools.gnu-tools-for-stm32.10.3-2021.10.win32_1.0.0.202111181127/tools/bin/../lib/gcc/arm-none-eabi/10.3.1/../../../../arm-none-eabi/lib/thumb/v7e-m+fp/hard\libc_nano.a
LOAD c:/st/stm32cubeide_1.9.0/stm32cubeide/plugins/com.st.stm32cube.ide.mcu.externaltools.gnu-tools-for-stm32.10.3-2021.10.win32_1.0.0.202111181127/tools/bin/../lib/gcc/arm-none-eabi/10.3.1/../../../../arm-none-eabi/lib/thumb/v7e-m+fp/hard\libnosys.a
END GROUP
START GROUP
LOAD c:/st/stm32cubeide_1.9.0/stm32cubeide/plugins/com.st.stm32cube.ide.mcu.externaltools.gnu-tools-for-stm32.10.3-2021.10.win32_1.0.0.202111181127/tools/bin/../lib/gcc/arm-none-eabi/10.3.1/thumb/v7e-m+fp/hard\libgcc.a
LOAD c:/st/stm32cubeide_1.9.0/stm32cubeide/plugins/com.st.stm32cube.ide.mcu.externaltools.gnu-tools-for-stm32.10.3-2021.10.win32_1.0.0.202111181127/tools/bin/../lib/gcc/arm-none-eabi/10.3.1/../../../../arm-none-eabi/lib/thumb/v7e-m+fp/hard\libc_nano.a
LOAD c:/st/stm32cubeide_1.9.0/stm32cubeide/plugins/com.st.stm32cube.ide.mcu.externaltools.gnu-tools-for-stm32.10.3-2021.10.win32_1.0.0.202111181127/tools/bin/../lib/gcc/arm-none-eabi/10.3.1/../../../../arm-none-eabi/lib/thumb/v7e-m+fp/hard\libnosys.a
END GROUP
LOAD c:/st/stm32cubeide_1.9.0/stm32cubeide/plugins/com.st.stm32cube.ide.mcu.externaltools.gnu-tools-for-stm32.10.3-2021.10.win32_1.0.0.202111181127/tools/bin/../lib/gcc/arm-none-eabi/10.3.1/thumb/v7e-m+fp/hard/crtend.o
LOAD c:/st/stm32cubeide_1.9.0/stm32cubeide/plugins/com.st.stm32cube.ide.mcu.externaltools.gnu-tools-for-stm32.10.3-2021.10.win32_1.0.0.202111181127/tools/bin/../lib/gcc/arm-none-eabi/10.3.1/thumb/v7e-m+fp/hard/crtn.o
                0x0000000020050000                _estack = (ORIGIN (RAM) + LENGTH (RAM))
                0x0000000000000200                _Min_Heap_Size = 0x200
                0x0000000000000400                _Min_Stack_Size = 0x400

.isr_vector     0x0000000008000000      0x1ac
                0x0000000008000000                . = ALIGN (0x4)
 *(.isr_vector)
 .isr_vector    0x0000000008000000      0x1ac ./Startup/startup_stm32l496vetx.o
                0x0000000008000000                g_pfnVectors
                0x00000000080001ac                . = ALIGN (0x4)

.text           0x00000000080001b0     0xf1c4
                0x00000000080001b0                . = ALIGN (0x4)
 *(.text)
 .text          0x00000000080001b0       0x40 c:/st/stm32cubeide_1.9.0/stm32cubeide/plugins/com.st.stm32cube.ide.mcu.externaltools.gnu-tools-for-stm32.10.3-2021.10.win32_1.0.0.202111181127/tools/bin/../lib/gcc/arm-none-eabi/10.3.1/thumb/v7e-m+fp/hard/crtbegin.o
 .text          0x00000000080001f0       0x10 c:/st/stm32cubeide_1.9.0/stm32cubeide/plugins/com.st.stm32cube.ide.mcu.externaltools.gnu-tools-for-stm32.10.3-2021.10.win32_1.0.0.202111181127/tools/bin/../lib/gcc/arm-none-eabi/10.3.1/../../../../arm-none-eabi/lib/thumb/v7e-m+fp/hard\libc_nano.a(lib_a-strlen.o)
                0x00000000080001f0                strlen
 .text          0x0000000008000200       0xa0 c:/st/stm32cubeide_1.9.0/stm32cubeide/plugins/com.st.stm32cube.ide.mcu.externaltools.gnu-tools-for-stm32.10.3-2021.10.win32_1.0.0.202111181127/tools/bin/../lib/gcc/arm-none-eabi/10.3.1/../../../../arm-none-eabi/lib/thumb/v7e-m+fp/hard\libc_nano.a(lib_a-memchr.o)
                0x0000000008000200                memchr
 *(.text*)
 .text.HAL_Init
                0x00000000080002a0       0x30 ./Drivers/STM32L4xx_HAL_Driver/Src/stm32l4xx_hal.o
                0x00000000080002a0                HAL_Init
 .text.HAL_IncTick
                0x00000000080002d0       0x28 ./Drivers/STM32L4xx_HAL_Driver/Src/stm32l4xx_hal.o
                0x00000000080002d0                HAL_IncTick
 .text.HAL_GetTick
                0x00000000080002f8       0x18 ./Drivers/STM32L4xx_HAL_Driver/Src/stm32l4xx_hal.o
                0x00000000080002f8                HAL_GetTick
 .text.HAL_Delay
                0x0000000008000310       0x48 ./Drivers/STM32L4xx_HAL_Driver/Src/stm32l4xx_hal.o
                0x0000000008000310                HAL_Delay
 .text.HAL_SYSCFG_VREFBUF_VoltageScalingConfig
                0x0000000008000358       0x28 ./Drivers/STM32L4xx_HAL_Driver/Src/stm32l4xx_hal.o
                0x0000000008000358                HAL_SYSCFG_VREFBUF_VoltageScalingConfig
 .text.HAL_SYSCFG_VREFBUF_HighImpedanceConfig
                0x0000000008000380       0x28 ./Drivers/STM32L4xx_HAL_Driver/Src/stm32l4xx_hal.o
                0x0000000008000380                HAL_SYSCFG_VREFBUF_HighImpedanceConfig
 .text.HAL_SYSCFG_EnableVREFBUF
                0x00000000080003a8       0x48 ./Drivers/STM32L4xx_HAL_Driver/Src/stm32l4xx_hal.o
                0x00000000080003a8                HAL_SYSCFG_EnableVREFBUF
 .text.LL_ADC_SetCommonClock
                0x00000000080003f0       0x26 ./Drivers/STM32L4xx_HAL_Driver/Src/stm32l4xx_hal_adc.o
 .text.LL_ADC_SetCommonPathInternalCh
                0x0000000008000416       0x26 ./Drivers/STM32L4xx_HAL_Driver/Src/stm32l4xx_hal_adc.o
 .text.LL_ADC_GetCommonPathInternalCh
                0x000000000800043c       0x1c ./Drivers/STM32L4xx_HAL_Driver/Src/stm32l4xx_hal_adc.o
 .text.LL_ADC_SetOffset
                0x0000000008000458       0x48 ./Drivers/STM32L4xx_HAL_Driver/Src/stm32l4xx_hal_adc.o
 .text.LL_ADC_GetOffsetChannel
                0x00000000080004a0       0x2c ./Drivers/STM32L4xx_HAL_Driver/Src/stm32l4xx_hal_adc.o
 .text.LL_ADC_SetOffsetState
                0x00000000080004cc       0x36 ./Drivers/STM32L4xx_HAL_Driver/Src/stm32l4xx_hal_adc.o
 .text.LL_ADC_SetSamplingTimeCommonConfig
                0x0000000008000502       0x26 ./Drivers/STM32L4xx_HAL_Driver/Src/stm32l4xx_hal_adc.o
 .text.LL_ADC_REG_SetSequencerRanks
                0x0000000008000528       0x58 ./Drivers/STM32L4xx_HAL_Driver/Src/stm32l4xx_hal_adc.o
 .text.LL_ADC_SetChannelSamplingTime
                0x0000000008000580       0x56 ./Drivers/STM32L4xx_HAL_Driver/Src/stm32l4xx_hal_adc.o
 *fill*         0x00000000080005d6        0x2 
 .text.LL_ADC_SetChannelSingleDiff
                0x00000000080005d8       0x48 ./Drivers/STM32L4xx_HAL_Driver/Src/stm32l4xx_hal_adc.o
 .text.LL_ADC_DisableDeepPowerDown
                0x0000000008000620       0x24 ./Drivers/STM32L4xx_HAL_Driver/Src/stm32l4xx_hal_adc.o
 .text.LL_ADC_IsDeepPowerDownEnabled
                0x0000000008000644       0x28 ./Drivers/STM32L4xx_HAL_Driver/Src/stm32l4xx_hal_adc.o
 .text.LL_ADC_EnableInternalRegulator
                0x000000000800066c       0x28 ./Drivers/STM32L4xx_HAL_Driver/Src/stm32l4xx_hal_adc.o
 .text.LL_ADC_IsInternalRegulatorEnabled
                0x0000000008000694       0x28 ./Drivers/STM32L4xx_HAL_Driver/Src/stm32l4xx_hal_adc.o
 .text.LL_ADC_IsEnabled
                0x00000000080006bc       0x26 ./Drivers/STM32L4xx_HAL_Driver/Src/stm32l4xx_hal_adc.o
 .text.LL_ADC_REG_IsConversionOngoing
                0x00000000080006e2       0x26 ./Drivers/STM32L4xx_HAL_Driver/Src/stm32l4xx_hal_adc.o
 .text.LL_ADC_INJ_IsConversionOngoing
                0x0000000008000708       0x26 ./Drivers/STM32L4xx_HAL_Driver/Src/stm32l4xx_hal_adc.o
 *fill*         0x000000000800072e        0x2 
 .text.HAL_ADC_Init
                0x0000000008000730      0x2b4 ./Drivers/STM32L4xx_HAL_Driver/Src/stm32l4xx_hal_adc.o
                0x0000000008000730                HAL_ADC_Init
 .text.HAL_ADC_ConfigChannel
                0x00000000080009e4      0x818 ./Drivers/STM32L4xx_HAL_Driver/Src/stm32l4xx_hal_adc.o
                0x00000000080009e4                HAL_ADC_ConfigChannel
 .text.LL_ADC_IsEnabled
                0x00000000080011fc       0x26 ./Drivers/STM32L4xx_HAL_Driver/Src/stm32l4xx_hal_adc_ex.o
 .text.LL_ADC_REG_IsConversionOngoing
                0x0000000008001222       0x26 ./Drivers/STM32L4xx_HAL_Driver/Src/stm32l4xx_hal_adc_ex.o
 .text.HAL_ADCEx_MultiModeConfigChannel
                0x0000000008001248      0x160 ./Drivers/STM32L4xx_HAL_Driver/Src/stm32l4xx_hal_adc_ex.o
                0x0000000008001248                HAL_ADCEx_MultiModeConfigChannel
 .text.LL_EXTI_EnableIT_0_31
                0x00000000080013a8       0x24 ./Drivers/STM32L4xx_HAL_Driver/Src/stm32l4xx_hal_comp.o
 .text.LL_EXTI_DisableIT_0_31
                0x00000000080013cc       0x28 ./Drivers/STM32L4xx_HAL_Driver/Src/stm32l4xx_hal_comp.o
 .text.LL_EXTI_EnableEvent_0_31
                0x00000000080013f4       0x24 ./Drivers/STM32L4xx_HAL_Driver/Src/stm32l4xx_hal_comp.o
 .text.LL_EXTI_DisableEvent_0_31
                0x0000000008001418       0x28 ./Drivers/STM32L4xx_HAL_Driver/Src/stm32l4xx_hal_comp.o
 .text.LL_EXTI_EnableRisingTrig_0_31
                0x0000000008001440       0x24 ./Drivers/STM32L4xx_HAL_Driver/Src/stm32l4xx_hal_comp.o
 .text.LL_EXTI_DisableRisingTrig_0_31
                0x0000000008001464       0x28 ./Drivers/STM32L4xx_HAL_Driver/Src/stm32l4xx_hal_comp.o
 .text.LL_EXTI_EnableFallingTrig_0_31
                0x000000000800148c       0x24 ./Drivers/STM32L4xx_HAL_Driver/Src/stm32l4xx_hal_comp.o
 .text.LL_EXTI_DisableFallingTrig_0_31
                0x00000000080014b0       0x28 ./Drivers/STM32L4xx_HAL_Driver/Src/stm32l4xx_hal_comp.o
 .text.LL_EXTI_ClearFlag_0_31
                0x00000000080014d8       0x20 ./Drivers/STM32L4xx_HAL_Driver/Src/stm32l4xx_hal_comp.o
 .text.HAL_COMP_Init
                0x00000000080014f8      0x1e4 ./Drivers/STM32L4xx_HAL_Driver/Src/stm32l4xx_hal_comp.o
                0x00000000080014f8                HAL_COMP_Init
 .text.__NVIC_SetPriorityGrouping
                0x00000000080016dc       0x48 ./Drivers/STM32L4xx_HAL_Driver/Src/stm32l4xx_hal_cortex.o
 .text.__NVIC_GetPriorityGrouping
                0x0000000008001724       0x1c ./Drivers/STM32L4xx_HAL_Driver/Src/stm32l4xx_hal_cortex.o
 .text.__NVIC_EnableIRQ
                0x0000000008001740       0x3c ./Drivers/STM32L4xx_HAL_Driver/Src/stm32l4xx_hal_cortex.o
 .text.__NVIC_SetPriority
                0x000000000800177c       0x54 ./Drivers/STM32L4xx_HAL_Driver/Src/stm32l4xx_hal_cortex.o
 .text.NVIC_EncodePriority
                0x00000000080017d0       0x66 ./Drivers/STM32L4xx_HAL_Driver/Src/stm32l4xx_hal_cortex.o
 .text.HAL_NVIC_SetPriorityGrouping
                0x0000000008001836       0x16 ./Drivers/STM32L4xx_HAL_Driver/Src/stm32l4xx_hal_cortex.o
                0x0000000008001836                HAL_NVIC_SetPriorityGrouping
 .text.HAL_NVIC_SetPriority
                0x000000000800184c       0x38 ./Drivers/STM32L4xx_HAL_Driver/Src/stm32l4xx_hal_cortex.o
                0x000000000800184c                HAL_NVIC_SetPriority
 .text.HAL_NVIC_EnableIRQ
                0x0000000008001884       0x1c ./Drivers/STM32L4xx_HAL_Driver/Src/stm32l4xx_hal_cortex.o
                0x0000000008001884                HAL_NVIC_EnableIRQ
 .text.HAL_DAC_Init
                0x00000000080018a0       0x44 ./Drivers/STM32L4xx_HAL_Driver/Src/stm32l4xx_hal_dac.o
                0x00000000080018a0                HAL_DAC_Init
 .text.HAL_DAC_ConfigChannel
                0x00000000080018e4      0x234 ./Drivers/STM32L4xx_HAL_Driver/Src/stm32l4xx_hal_dac.o
                0x00000000080018e4                HAL_DAC_ConfigChannel
 .text.HAL_GPIO_Init
                0x0000000008001b18      0x324 ./Drivers/STM32L4xx_HAL_Driver/Src/stm32l4xx_hal_gpio.o
                0x0000000008001b18                HAL_GPIO_Init
 .text.HAL_GPIO_WritePin
                0x0000000008001e3c       0x30 ./Drivers/STM32L4xx_HAL_Driver/Src/stm32l4xx_hal_gpio.o
                0x0000000008001e3c                HAL_GPIO_WritePin
 .text.HAL_GPIO_EXTI_IRQHandler
                0x0000000008001e6c       0x30 ./Drivers/STM32L4xx_HAL_Driver/Src/stm32l4xx_hal_gpio.o
                0x0000000008001e6c                HAL_GPIO_EXTI_IRQHandler
 .text.HAL_GPIO_EXTI_Callback
                0x0000000008001e9c       0x16 ./Drivers/STM32L4xx_HAL_Driver/Src/stm32l4xx_hal_gpio.o
                0x0000000008001e9c                HAL_GPIO_EXTI_Callback
 *fill*         0x0000000008001eb2        0x2 
 .text.HAL_LCD_Init
                0x0000000008001eb4      0x180 ./Drivers/STM32L4xx_HAL_Driver/Src/stm32l4xx_hal_lcd.o
                0x0000000008001eb4                HAL_LCD_Init
 .text.LCD_WaitForSynchro
                0x0000000008002034       0x42 ./Drivers/STM32L4xx_HAL_Driver/Src/stm32l4xx_hal_lcd.o
                0x0000000008002034                LCD_WaitForSynchro
 *fill*         0x0000000008002076        0x2 
 .text.HAL_OPAMP_Init
                0x0000000008002078      0x1ac ./Drivers/STM32L4xx_HAL_Driver/Src/stm32l4xx_hal_opamp.o
                0x0000000008002078                HAL_OPAMP_Init
 .text.HAL_PCD_Init
                0x0000000008002224      0x248 ./Drivers/STM32L4xx_HAL_Driver/Src/stm32l4xx_hal_pcd.o
                0x0000000008002224                HAL_PCD_Init
 .text.HAL_PCD_Start
                0x000000000800246c       0x5e ./Drivers/STM32L4xx_HAL_Driver/Src/stm32l4xx_hal_pcd.o
                0x000000000800246c                HAL_PCD_Start
 .text.HAL_PCD_IRQHandler
                0x00000000080024ca      0x732 ./Drivers/STM32L4xx_HAL_Driver/Src/stm32l4xx_hal_pcd.o
                0x00000000080024ca                HAL_PCD_IRQHandler
 .text.HAL_PCD_SetAddress
                0x0000000008002bfc       0x4a ./Drivers/STM32L4xx_HAL_Driver/Src/stm32l4xx_hal_pcd.o
                0x0000000008002bfc                HAL_PCD_SetAddress
 .text.HAL_PCD_EP_Open
                0x0000000008002c46       0xd0 ./Drivers/STM32L4xx_HAL_Driver/Src/stm32l4xx_hal_pcd.o
                0x0000000008002c46                HAL_PCD_EP_Open
 .text.HAL_PCD_EP_Close
                0x0000000008002d16       0x94 ./Drivers/STM32L4xx_HAL_Driver/Src/stm32l4xx_hal_pcd.o
                0x0000000008002d16                HAL_PCD_EP_Close
 .text.HAL_PCD_EP_Receive
                0x0000000008002daa       0x7c ./Drivers/STM32L4xx_HAL_Driver/Src/stm32l4xx_hal_pcd.o
                0x0000000008002daa                HAL_PCD_EP_Receive
 .text.HAL_PCD_EP_GetRxCount
                0x0000000008002e26       0x30 ./Drivers/STM32L4xx_HAL_Driver/Src/stm32l4xx_hal_pcd.o
                0x0000000008002e26                HAL_PCD_EP_GetRxCount
 .text.HAL_PCD_EP_Transmit
                0x0000000008002e56       0x7a ./Drivers/STM32L4xx_HAL_Driver/Src/stm32l4xx_hal_pcd.o
                0x0000000008002e56                HAL_PCD_EP_Transmit
 .text.HAL_PCD_EP_SetStall
                0x0000000008002ed0       0xc4 ./Drivers/STM32L4xx_HAL_Driver/Src/stm32l4xx_hal_pcd.o
                0x0000000008002ed0                HAL_PCD_EP_SetStall
 .text.HAL_PCD_EP_ClrStall
                0x0000000008002f94       0xac ./Drivers/STM32L4xx_HAL_Driver/Src/stm32l4xx_hal_pcd.o
                0x0000000008002f94                HAL_PCD_EP_ClrStall
 .text.PCD_WriteEmptyTxFifo
                0x0000000008003040      0x110 ./Drivers/STM32L4xx_HAL_Driver/Src/stm32l4xx_hal_pcd.o
 .text.PCD_EP_OutXfrComplete_int
                0x0000000008003150       0x9c ./Drivers/STM32L4xx_HAL_Driver/Src/stm32l4xx_hal_pcd.o
 .text.PCD_EP_OutSetupPacket_int
                0x00000000080031ec       0x68 ./Drivers/STM32L4xx_HAL_Driver/Src/stm32l4xx_hal_pcd.o
 .text.HAL_PCDEx_SetTxFiFo
                0x0000000008003254       0x8e ./Drivers/STM32L4xx_HAL_Driver/Src/stm32l4xx_hal_pcd_ex.o
                0x0000000008003254                HAL_PCDEx_SetTxFiFo
 .text.HAL_PCDEx_SetRxFiFo
                0x00000000080032e2       0x22 ./Drivers/STM32L4xx_HAL_Driver/Src/stm32l4xx_hal_pcd_ex.o
                0x00000000080032e2                HAL_PCDEx_SetRxFiFo
 .text.HAL_PCDEx_ActivateLPM
                0x0000000008003304       0x48 ./Drivers/STM32L4xx_HAL_Driver/Src/stm32l4xx_hal_pcd_ex.o
                0x0000000008003304                HAL_PCDEx_ActivateLPM
 .text.HAL_PCDEx_LPM_Callback
                0x000000000800334c       0x18 ./Drivers/STM32L4xx_HAL_Driver/Src/stm32l4xx_hal_pcd_ex.o
                0x000000000800334c                HAL_PCDEx_LPM_Callback
 .text.HAL_PWREx_GetVoltageRange
                0x0000000008003364       0x1c ./Drivers/STM32L4xx_HAL_Driver/Src/stm32l4xx_hal_pwr_ex.o
                0x0000000008003364                HAL_PWREx_GetVoltageRange
 .text.HAL_PWREx_ControlVoltageScaling
                0x0000000008003380       0xac ./Drivers/STM32L4xx_HAL_Driver/Src/stm32l4xx_hal_pwr_ex.o
                0x0000000008003380                HAL_PWREx_ControlVoltageScaling
 .text.HAL_PWREx_EnableVddUSB
                0x000000000800342c       0x20 ./Drivers/STM32L4xx_HAL_Driver/Src/stm32l4xx_hal_pwr_ex.o
                0x000000000800342c                HAL_PWREx_EnableVddUSB
 .text.HAL_RCC_OscConfig
                0x000000000800344c      0x84c ./Drivers/STM32L4xx_HAL_Driver/Src/stm32l4xx_hal_rcc.o
                0x000000000800344c                HAL_RCC_OscConfig
 .text.HAL_RCC_ClockConfig
                0x0000000008003c98      0x1c4 ./Drivers/STM32L4xx_HAL_Driver/Src/stm32l4xx_hal_rcc.o
                0x0000000008003c98                HAL_RCC_ClockConfig
 .text.HAL_RCC_GetSysClockFreq
                0x0000000008003e5c      0x118 ./Drivers/STM32L4xx_HAL_Driver/Src/stm32l4xx_hal_rcc.o
                0x0000000008003e5c                HAL_RCC_GetSysClockFreq
 .text.HAL_RCC_GetHCLKFreq
                0x0000000008003f74       0x18 ./Drivers/STM32L4xx_HAL_Driver/Src/stm32l4xx_hal_rcc.o
                0x0000000008003f74                HAL_RCC_GetHCLKFreq
 .text.HAL_RCC_GetPCLK2Freq
                0x0000000008003f8c       0x2c ./Drivers/STM32L4xx_HAL_Driver/Src/stm32l4xx_hal_rcc.o
                0x0000000008003f8c                HAL_RCC_GetPCLK2Freq
 .text.HAL_RCC_GetClockConfig
                0x0000000008003fb8       0x64 ./Drivers/STM32L4xx_HAL_Driver/Src/stm32l4xx_hal_rcc.o
                0x0000000008003fb8                HAL_RCC_GetClockConfig
 .text.RCC_SetFlashLatencyFromMSIRange
                0x000000000800401c       0xc0 ./Drivers/STM32L4xx_HAL_Driver/Src/stm32l4xx_hal_rcc.o
 .text.HAL_RCCEx_PeriphCLKConfig
                0x00000000080040dc      0x5f8 ./Drivers/STM32L4xx_HAL_Driver/Src/stm32l4xx_hal_rcc_ex.o
                0x00000000080040dc                HAL_RCCEx_PeriphCLKConfig
 .text.RCCEx_PLLSAI1_Config
                0x00000000080046d4      0x1e4 ./Drivers/STM32L4xx_HAL_Driver/Src/stm32l4xx_hal_rcc_ex.o
 .text.RCCEx_PLLSAI2_Config
                0x00000000080048b8      0x1b8 ./Drivers/STM32L4xx_HAL_Driver/Src/stm32l4xx_hal_rcc_ex.o
 .text.HAL_TIM_Base_Init
                0x0000000008004a70       0xae ./Drivers/STM32L4xx_HAL_Driver/Src/stm32l4xx_hal_tim.o
                0x0000000008004a70                HAL_TIM_Base_Init
 .text.HAL_TIM_Base_MspInit
                0x0000000008004b1e       0x14 ./Drivers/STM32L4xx_HAL_Driver/Src/stm32l4xx_hal_tim.o
                0x0000000008004b1e                HAL_TIM_Base_MspInit
 *fill*         0x0000000008004b32        0x2 
 .text.HAL_TIM_Base_Start_IT
                0x0000000008004b34       0xe0 ./Drivers/STM32L4xx_HAL_Driver/Src/stm32l4xx_hal_tim.o
                0x0000000008004b34                HAL_TIM_Base_Start_IT
 .text.HAL_TIM_IRQHandler
                0x0000000008004c14      0x23e ./Drivers/STM32L4xx_HAL_Driver/Src/stm32l4xx_hal_tim.o
                0x0000000008004c14                HAL_TIM_IRQHandler
 .text.HAL_TIM_OC_DelayElapsedCallback
                0x0000000008004e52       0x14 ./Drivers/STM32L4xx_HAL_Driver/Src/stm32l4xx_hal_tim.o
                0x0000000008004e52                HAL_TIM_OC_DelayElapsedCallback
 .text.HAL_TIM_IC_CaptureCallback
                0x0000000008004e66       0x14 ./Drivers/STM32L4xx_HAL_Driver/Src/stm32l4xx_hal_tim.o
                0x0000000008004e66                HAL_TIM_IC_CaptureCallback
 .text.HAL_TIM_PWM_PulseFinishedCallback
                0x0000000008004e7a       0x14 ./Drivers/STM32L4xx_HAL_Driver/Src/stm32l4xx_hal_tim.o
                0x0000000008004e7a                HAL_TIM_PWM_PulseFinishedCallback
 .text.HAL_TIM_TriggerCallback
                0x0000000008004e8e       0x14 ./Drivers/STM32L4xx_HAL_Driver/Src/stm32l4xx_hal_tim.o
                0x0000000008004e8e                HAL_TIM_TriggerCallback
 *fill*         0x0000000008004ea2        0x2 
 .text.TIM_Base_SetConfig
                0x0000000008004ea4      0x134 ./Drivers/STM32L4xx_HAL_Driver/Src/stm32l4xx_hal_tim.o
                0x0000000008004ea4                TIM_Base_SetConfig
 .text.HAL_TIMEx_CommutCallback
                0x0000000008004fd8       0x14 ./Drivers/STM32L4xx_HAL_Driver/Src/stm32l4xx_hal_tim_ex.o
                0x0000000008004fd8                HAL_TIMEx_CommutCallback
 .text.HAL_TIMEx_BreakCallback
                0x0000000008004fec       0x14 ./Drivers/STM32L4xx_HAL_Driver/Src/stm32l4xx_hal_tim_ex.o
                0x0000000008004fec                HAL_TIMEx_BreakCallback
 .text.HAL_TIMEx_Break2Callback
                0x0000000008005000       0x14 ./Drivers/STM32L4xx_HAL_Driver/Src/stm32l4xx_hal_tim_ex.o
                0x0000000008005000                HAL_TIMEx_Break2Callback
 .text.USB_CoreInit
                0x0000000008005014       0x58 ./Drivers/STM32L4xx_HAL_Driver/Src/stm32l4xx_ll_usb.o
                0x0000000008005014                USB_CoreInit
 .text.USB_SetTurnaroundTime
                0x000000000800506c      0x138 ./Drivers/STM32L4xx_HAL_Driver/Src/stm32l4xx_ll_usb.o
                0x000000000800506c                USB_SetTurnaroundTime
 .text.USB_EnableGlobalInt
                0x00000000080051a4       0x22 ./Drivers/STM32L4xx_HAL_Driver/Src/stm32l4xx_ll_usb.o
                0x00000000080051a4                USB_EnableGlobalInt
 .text.USB_DisableGlobalInt
                0x00000000080051c6       0x22 ./Drivers/STM32L4xx_HAL_Driver/Src/stm32l4xx_ll_usb.o
                0x00000000080051c6                USB_DisableGlobalInt
 .text.USB_SetCurrentMode
                0x00000000080051e8       0x98 ./Drivers/STM32L4xx_HAL_Driver/Src/stm32l4xx_ll_usb.o
                0x00000000080051e8                USB_SetCurrentMode
 .text.USB_DevInit
                0x0000000008005280      0x298 ./Drivers/STM32L4xx_HAL_Driver/Src/stm32l4xx_ll_usb.o
                0x0000000008005280                USB_DevInit
 .text.USB_FlushTxFifo
                0x0000000008005518       0x64 ./Drivers/STM32L4xx_HAL_Driver/Src/stm32l4xx_ll_usb.o
                0x0000000008005518                USB_FlushTxFifo
 .text.USB_FlushRxFifo
                0x000000000800557c       0x5c ./Drivers/STM32L4xx_HAL_Driver/Src/stm32l4xx_ll_usb.o
                0x000000000800557c                USB_FlushRxFifo
 .text.USB_SetDevSpeed
                0x00000000080055d8       0x32 ./Drivers/STM32L4xx_HAL_Driver/Src/stm32l4xx_ll_usb.o
                0x00000000080055d8                USB_SetDevSpeed
 .text.USB_GetDevSpeed
                0x000000000800560a       0x3e ./Drivers/STM32L4xx_HAL_Driver/Src/stm32l4xx_ll_usb.o
                0x000000000800560a                USB_GetDevSpeed
 .text.USB_ActivateEndpoint
                0x0000000008005648      0x10e ./Drivers/STM32L4xx_HAL_Driver/Src/stm32l4xx_ll_usb.o
                0x0000000008005648                USB_ActivateEndpoint
 *fill*         0x0000000008005756        0x2 
 .text.USB_DeactivateEndpoint
                0x0000000008005758      0x1b8 ./Drivers/STM32L4xx_HAL_Driver/Src/stm32l4xx_ll_usb.o
                0x0000000008005758                USB_DeactivateEndpoint
 .text.USB_EPStartXfer
                0x0000000008005910      0x3b8 ./Drivers/STM32L4xx_HAL_Driver/Src/stm32l4xx_ll_usb.o
                0x0000000008005910                USB_EPStartXfer
 .text.USB_EP0StartXfer
                0x0000000008005cc8      0x23c ./Drivers/STM32L4xx_HAL_Driver/Src/stm32l4xx_ll_usb.o
                0x0000000008005cc8                USB_EP0StartXfer
 .text.USB_WritePacket
                0x0000000008005f04       0x74 ./Drivers/STM32L4xx_HAL_Driver/Src/stm32l4xx_ll_usb.o
                0x0000000008005f04                USB_WritePacket
 .text.USB_ReadPacket
                0x0000000008005f78       0xb0 ./Drivers/STM32L4xx_HAL_Driver/Src/stm32l4xx_ll_usb.o
                0x0000000008005f78                USB_ReadPacket
 .text.USB_EPSetStall
                0x0000000008006028       0xdc ./Drivers/STM32L4xx_HAL_Driver/Src/stm32l4xx_ll_usb.o
                0x0000000008006028                USB_EPSetStall
 .text.USB_EPClearStall
                0x0000000008006104       0xcc ./Drivers/STM32L4xx_HAL_Driver/Src/stm32l4xx_ll_usb.o
                0x0000000008006104                USB_EPClearStall
 .text.USB_SetDevAddress
                0x00000000080061d0       0x4c ./Drivers/STM32L4xx_HAL_Driver/Src/stm32l4xx_ll_usb.o
                0x00000000080061d0                USB_SetDevAddress
 .text.USB_DevConnect
                0x000000000800621c       0x42 ./Drivers/STM32L4xx_HAL_Driver/Src/stm32l4xx_ll_usb.o
                0x000000000800621c                USB_DevConnect
 .text.USB_DevDisconnect
                0x000000000800625e       0x42 ./Drivers/STM32L4xx_HAL_Driver/Src/stm32l4xx_ll_usb.o
                0x000000000800625e                USB_DevDisconnect
 .text.USB_ReadInterrupts
                0x00000000080062a0       0x26 ./Drivers/STM32L4xx_HAL_Driver/Src/stm32l4xx_ll_usb.o
                0x00000000080062a0                USB_ReadInterrupts
 .text.USB_ReadDevAllOutEpInterrupt
                0x00000000080062c6       0x34 ./Drivers/STM32L4xx_HAL_Driver/Src/stm32l4xx_ll_usb.o
                0x00000000080062c6                USB_ReadDevAllOutEpInterrupt
 .text.USB_ReadDevAllInEpInterrupt
                0x00000000080062fa       0x34 ./Drivers/STM32L4xx_HAL_Driver/Src/stm32l4xx_ll_usb.o
                0x00000000080062fa                USB_ReadDevAllInEpInterrupt
 .text.USB_ReadDevOutEPInterrupt
                0x000000000800632e       0x3c ./Drivers/STM32L4xx_HAL_Driver/Src/stm32l4xx_ll_usb.o
                0x000000000800632e                USB_ReadDevOutEPInterrupt
 .text.USB_ReadDevInEPInterrupt
                0x000000000800636a       0x5c ./Drivers/STM32L4xx_HAL_Driver/Src/stm32l4xx_ll_usb.o
                0x000000000800636a                USB_ReadDevInEPInterrupt
 .text.USB_GetMode
                0x00000000080063c6       0x1c ./Drivers/STM32L4xx_HAL_Driver/Src/stm32l4xx_ll_usb.o
                0x00000000080063c6                USB_GetMode
 .text.USB_ActivateSetup
                0x00000000080063e2       0x46 ./Drivers/STM32L4xx_HAL_Driver/Src/stm32l4xx_ll_usb.o
                0x00000000080063e2                USB_ActivateSetup
 .text.USB_EP0_OutStart
                0x0000000008006428       0x90 ./Drivers/STM32L4xx_HAL_Driver/Src/stm32l4xx_ll_usb.o
                0x0000000008006428                USB_EP0_OutStart
 .text.USB_CoreReset
                0x00000000080064b8       0x64 ./Drivers/STM32L4xx_HAL_Driver/Src/stm32l4xx_ll_usb.o
 .text.USBD_CDC_Init
                0x000000000800651c       0xfe ./Middlewares/ST/STM32_USB_Device_Library/Class/CDC/Src/usbd_cdc.o
 .text.USBD_CDC_DeInit
                0x000000000800661a       0x74 ./Middlewares/ST/STM32_USB_Device_Library/Class/CDC/Src/usbd_cdc.o
 *fill*         0x000000000800668e        0x2 
 .text.USBD_CDC_Setup
                0x0000000008006690      0x190 ./Middlewares/ST/STM32_USB_Device_Library/Class/CDC/Src/usbd_cdc.o
 .text.USBD_CDC_DataIn
                0x0000000008006820       0xca ./Middlewares/ST/STM32_USB_Device_Library/Class/CDC/Src/usbd_cdc.o
 .text.USBD_CDC_DataOut
                0x00000000080068ea       0x56 ./Middlewares/ST/STM32_USB_Device_Library/Class/CDC/Src/usbd_cdc.o
 .text.USBD_CDC_EP0_RxReady
                0x0000000008006940       0x5a ./Middlewares/ST/STM32_USB_Device_Library/Class/CDC/Src/usbd_cdc.o
 *fill*         0x000000000800699a        0x2 
 .text.USBD_CDC_GetFSCfgDesc
                0x000000000800699c       0x20 ./Middlewares/ST/STM32_USB_Device_Library/Class/CDC/Src/usbd_cdc.o
 .text.USBD_CDC_GetHSCfgDesc
                0x00000000080069bc       0x20 ./Middlewares/ST/STM32_USB_Device_Library/Class/CDC/Src/usbd_cdc.o
 .text.USBD_CDC_GetOtherSpeedCfgDesc
                0x00000000080069dc       0x20 ./Middlewares/ST/STM32_USB_Device_Library/Class/CDC/Src/usbd_cdc.o
 .text.USBD_CDC_GetDeviceQualifierDescriptor
                0x00000000080069fc       0x20 ./Middlewares/ST/STM32_USB_Device_Library/Class/CDC/Src/usbd_cdc.o
                0x00000000080069fc                USBD_CDC_GetDeviceQualifierDescriptor
 .text.USBD_CDC_RegisterInterface
                0x0000000008006a1c       0x2a ./Middlewares/ST/STM32_USB_Device_Library/Class/CDC/Src/usbd_cdc.o
                0x0000000008006a1c                USBD_CDC_RegisterInterface
 .text.USBD_CDC_SetTxBuffer
                0x0000000008006a46       0x3c ./Middlewares/ST/STM32_USB_Device_Library/Class/CDC/Src/usbd_cdc.o
                0x0000000008006a46                USBD_CDC_SetTxBuffer
 .text.USBD_CDC_SetRxBuffer
                0x0000000008006a82       0x32 ./Middlewares/ST/STM32_USB_Device_Library/Class/CDC/Src/usbd_cdc.o
                0x0000000008006a82                USBD_CDC_SetRxBuffer
 .text.USBD_CDC_TransmitPacket
                0x0000000008006ab4       0x60 ./Middlewares/ST/STM32_USB_Device_Library/Class/CDC/Src/usbd_cdc.o
                0x0000000008006ab4                USBD_CDC_TransmitPacket
 .text.USBD_CDC_ReceivePacket
                0x0000000008006b14       0x54 ./Middlewares/ST/STM32_USB_Device_Library/Class/CDC/Src/usbd_cdc.o
                0x0000000008006b14                USBD_CDC_ReceivePacket
 .text.USBD_Init
                0x0000000008006b68       0x60 ./Middlewares/ST/STM32_USB_Device_Library/Core/Src/usbd_core.o
                0x0000000008006b68                USBD_Init
 .text.USBD_RegisterClass
                0x0000000008006bc8       0x4e ./Middlewares/ST/STM32_USB_Device_Library/Core/Src/usbd_core.o
                0x0000000008006bc8                USBD_RegisterClass
 .text.USBD_Start
                0x0000000008006c16       0x18 ./Middlewares/ST/STM32_USB_Device_Library/Core/Src/usbd_core.o
                0x0000000008006c16                USBD_Start
 .text.USBD_RunTestMode
                0x0000000008006c2e       0x16 ./Middlewares/ST/STM32_USB_Device_Library/Core/Src/usbd_core.o
                0x0000000008006c2e                USBD_RunTestMode
 .text.USBD_SetClassConfig
                0x0000000008006c44       0x38 ./Middlewares/ST/STM32_USB_Device_Library/Core/Src/usbd_core.o
                0x0000000008006c44                USBD_SetClassConfig
 .text.USBD_ClrClassConfig
                0x0000000008006c7c       0x30 ./Middlewares/ST/STM32_USB_Device_Library/Core/Src/usbd_core.o
                0x0000000008006c7c                USBD_ClrClassConfig
 .text.USBD_LL_SetupStage
                0x0000000008006cac       0xaa ./Middlewares/ST/STM32_USB_Device_Library/Core/Src/usbd_core.o
                0x0000000008006cac                USBD_LL_SetupStage
 .text.USBD_LL_DataOutStage
                0x0000000008006d56       0xc6 ./Middlewares/ST/STM32_USB_Device_Library/Core/Src/usbd_core.o
                0x0000000008006d56                USBD_LL_DataOutStage
 .text.USBD_LL_DataInStage
                0x0000000008006e1c      0x12c ./Middlewares/ST/STM32_USB_Device_Library/Core/Src/usbd_core.o
                0x0000000008006e1c                USBD_LL_DataInStage
 .text.USBD_LL_Reset
                0x0000000008006f48       0x9c ./Middlewares/ST/STM32_USB_Device_Library/Core/Src/usbd_core.o
                0x0000000008006f48                USBD_LL_Reset
 .text.USBD_LL_SetSpeed
                0x0000000008006fe4       0x20 ./Middlewares/ST/STM32_USB_Device_Library/Core/Src/usbd_core.o
                0x0000000008006fe4                USBD_LL_SetSpeed
 .text.USBD_LL_Suspend
                0x0000000008007004       0x2c ./Middlewares/ST/STM32_USB_Device_Library/Core/Src/usbd_core.o
                0x0000000008007004                USBD_LL_Suspend
 .text.USBD_LL_Resume
                0x0000000008007030       0x30 ./Middlewares/ST/STM32_USB_Device_Library/Core/Src/usbd_core.o
                0x0000000008007030                USBD_LL_Resume
 .text.USBD_LL_SOF
                0x0000000008007060       0x44 ./Middlewares/ST/STM32_USB_Device_Library/Core/Src/usbd_core.o
                0x0000000008007060                USBD_LL_SOF
 .text.USBD_LL_IsoINIncomplete
                0x00000000080070a4       0x4c ./Middlewares/ST/STM32_USB_Device_Library/Core/Src/usbd_core.o
                0x00000000080070a4                USBD_LL_IsoINIncomplete
 .text.USBD_LL_IsoOUTIncomplete
                0x00000000080070f0       0x4c ./Middlewares/ST/STM32_USB_Device_Library/Core/Src/usbd_core.o
                0x00000000080070f0                USBD_LL_IsoOUTIncomplete
 .text.USBD_LL_DevConnected
                0x000000000800713c       0x16 ./Middlewares/ST/STM32_USB_Device_Library/Core/Src/usbd_core.o
                0x000000000800713c                USBD_LL_DevConnected
 .text.USBD_LL_DevDisconnected
                0x0000000008007152       0x38 ./Middlewares/ST/STM32_USB_Device_Library/Core/Src/usbd_core.o
                0x0000000008007152                USBD_LL_DevDisconnected
 .text.SWAPBYTE
                0x000000000800718a       0x3c ./Middlewares/ST/STM32_USB_Device_Library/Core/Src/usbd_ctlreq.o
 *fill*         0x00000000080071c6        0x2 
 .text.USBD_StdDevReq
                0x00000000080071c8       0xdc ./Middlewares/ST/STM32_USB_Device_Library/Core/Src/usbd_ctlreq.o
                0x00000000080071c8                USBD_StdDevReq
 .text.USBD_StdItfReq
                0x00000000080072a4       0x92 ./Middlewares/ST/STM32_USB_Device_Library/Core/Src/usbd_ctlreq.o
                0x00000000080072a4                USBD_StdItfReq
 .text.USBD_StdEPReq
                0x0000000008007336      0x2c4 ./Middlewares/ST/STM32_USB_Device_Library/Core/Src/usbd_ctlreq.o
                0x0000000008007336                USBD_StdEPReq
 *fill*         0x00000000080075fa        0x2 
 .text.USBD_GetDescriptor
                0x00000000080075fc      0x2d4 ./Middlewares/ST/STM32_USB_Device_Library/Core/Src/usbd_ctlreq.o
 .text.USBD_SetAddress
                0x00000000080078d0       0x88 ./Middlewares/ST/STM32_USB_Device_Library/Core/Src/usbd_ctlreq.o
 .text.USBD_SetConfig
                0x0000000008007958      0x14c ./Middlewares/ST/STM32_USB_Device_Library/Core/Src/usbd_ctlreq.o
 .text.USBD_GetConfig
                0x0000000008007aa4       0x6c ./Middlewares/ST/STM32_USB_Device_Library/Core/Src/usbd_ctlreq.o
 .text.USBD_GetStatus
                0x0000000008007b10       0x68 ./Middlewares/ST/STM32_USB_Device_Library/Core/Src/usbd_ctlreq.o
 .text.USBD_SetFeature
                0x0000000008007b78       0x28 ./Middlewares/ST/STM32_USB_Device_Library/Core/Src/usbd_ctlreq.o
 .text.USBD_ClrFeature
                0x0000000008007ba0       0x44 ./Middlewares/ST/STM32_USB_Device_Library/Core/Src/usbd_ctlreq.o
 .text.USBD_ParseSetupRequest
                0x0000000008007be4       0x74 ./Middlewares/ST/STM32_USB_Device_Library/Core/Src/usbd_ctlreq.o
                0x0000000008007be4                USBD_ParseSetupRequest
 .text.USBD_CtlError
                0x0000000008007c58       0x22 ./Middlewares/ST/STM32_USB_Device_Library/Core/Src/usbd_ctlreq.o
                0x0000000008007c58                USBD_CtlError
 .text.USBD_GetString
                0x0000000008007c7a       0x8c ./Middlewares/ST/STM32_USB_Device_Library/Core/Src/usbd_ctlreq.o
                0x0000000008007c7a                USBD_GetString
 .text.USBD_GetLen
                0x0000000008007d06       0x34 ./Middlewares/ST/STM32_USB_Device_Library/Core/Src/usbd_ctlreq.o
 .text.USBD_CtlSendData
                0x0000000008007d3a       0x36 ./Middlewares/ST/STM32_USB_Device_Library/Core/Src/usbd_ioreq.o
                0x0000000008007d3a                USBD_CtlSendData
 .text.USBD_CtlContinueSendData
                0x0000000008007d70       0x22 ./Middlewares/ST/STM32_USB_Device_Library/Core/Src/usbd_ioreq.o
                0x0000000008007d70                USBD_CtlContinueSendData
 .text.USBD_CtlPrepareRx
                0x0000000008007d92       0x3a ./Middlewares/ST/STM32_USB_Device_Library/Core/Src/usbd_ioreq.o
                0x0000000008007d92                USBD_CtlPrepareRx
 .text.USBD_CtlContinueRx
                0x0000000008007dcc       0x22 ./Middlewares/ST/STM32_USB_Device_Library/Core/Src/usbd_ioreq.o
                0x0000000008007dcc                USBD_CtlContinueRx
 .text.USBD_CtlSendStatus
                0x0000000008007dee       0x26 ./Middlewares/ST/STM32_USB_Device_Library/Core/Src/usbd_ioreq.o
                0x0000000008007dee                USBD_CtlSendStatus
 .text.USBD_CtlReceiveStatus
                0x0000000008007e14       0x26 ./Middlewares/ST/STM32_USB_Device_Library/Core/Src/usbd_ioreq.o
                0x0000000008007e14                USBD_CtlReceiveStatus
 *fill*         0x0000000008007e3a        0x2 
 .text.__NVIC_SetPriority
                0x0000000008007e3c       0x54 ./Middlewares/Third_Party/FreeRTOS/Source/CMSIS_RTOS_V2/cmsis_os2.o
 .text.SysTick_Handler
                0x0000000008007e90       0x20 ./Middlewares/Third_Party/FreeRTOS/Source/CMSIS_RTOS_V2/cmsis_os2.o
                0x0000000008007e90                SysTick_Handler
 .text.SVC_Setup
                0x0000000008007eb0       0x12 ./Middlewares/Third_Party/FreeRTOS/Source/CMSIS_RTOS_V2/cmsis_os2.o
 *fill*         0x0000000008007ec2        0x2 
 .text.osKernelInitialize
                0x0000000008007ec4       0x48 ./Middlewares/Third_Party/FreeRTOS/Source/CMSIS_RTOS_V2/cmsis_os2.o
                0x0000000008007ec4                osKernelInitialize
 .text.osKernelStart
                0x0000000008007f0c       0x4c ./Middlewares/Third_Party/FreeRTOS/Source/CMSIS_RTOS_V2/cmsis_os2.o
                0x0000000008007f0c                osKernelStart
 .text.osThreadNew
                0x0000000008007f58      0x124 ./Middlewares/Third_Party/FreeRTOS/Source/CMSIS_RTOS_V2/cmsis_os2.o
                0x0000000008007f58                osThreadNew
 .text.osThreadFlagsSet
                0x000000000800807c       0x9c ./Middlewares/Third_Party/FreeRTOS/Source/CMSIS_RTOS_V2/cmsis_os2.o
                0x000000000800807c                osThreadFlagsSet
 .text.osThreadFlagsWait
                0x0000000008008118      0x102 ./Middlewares/Third_Party/FreeRTOS/Source/CMSIS_RTOS_V2/cmsis_os2.o
                0x0000000008008118                osThreadFlagsWait
 .text.osDelay  0x000000000800821a       0x36 ./Middlewares/Third_Party/FreeRTOS/Source/CMSIS_RTOS_V2/cmsis_os2.o
                0x000000000800821a                osDelay
 .text.osSemaphoreNew
                0x0000000008008250      0x112 ./Middlewares/Third_Party/FreeRTOS/Source/CMSIS_RTOS_V2/cmsis_os2.o
                0x0000000008008250                osSemaphoreNew
 *fill*         0x0000000008008362        0x2 
 .text.osSemaphoreAcquire
                0x0000000008008364       0xa4 ./Middlewares/Third_Party/FreeRTOS/Source/CMSIS_RTOS_V2/cmsis_os2.o
                0x0000000008008364                osSemaphoreAcquire
 .text.osSemaphoreRelease
                0x0000000008008408       0x88 ./Middlewares/Third_Party/FreeRTOS/Source/CMSIS_RTOS_V2/cmsis_os2.o
                0x0000000008008408                osSemaphoreRelease
 .text.osMessageQueueNew
                0x0000000008008490       0xe6 ./Middlewares/Third_Party/FreeRTOS/Source/CMSIS_RTOS_V2/cmsis_os2.o
                0x0000000008008490                osMessageQueueNew
 *fill*         0x0000000008008576        0x2 
 .text.osMessageQueuePut
                0x0000000008008578       0xc0 ./Middlewares/Third_Party/FreeRTOS/Source/CMSIS_RTOS_V2/cmsis_os2.o
                0x0000000008008578                osMessageQueuePut
 .text.osMessageQueueGet
                0x0000000008008638       0xbc ./Middlewares/Third_Party/FreeRTOS/Source/CMSIS_RTOS_V2/cmsis_os2.o
                0x0000000008008638                osMessageQueueGet
 .text.osMessageQueueGetCount
                0x00000000080086f4       0x40 ./Middlewares/Third_Party/FreeRTOS/Source/CMSIS_RTOS_V2/cmsis_os2.o
                0x00000000080086f4                osMessageQueueGetCount
 .text.vApplicationGetIdleTaskMemory
                0x0000000008008734       0x34 ./Middlewares/Third_Party/FreeRTOS/Source/CMSIS_RTOS_V2/cmsis_os2.o
                0x0000000008008734                vApplicationGetIdleTaskMemory
 .text.vApplicationGetTimerTaskMemory
                0x0000000008008768       0x34 ./Middlewares/Third_Party/FreeRTOS/Source/CMSIS_RTOS_V2/cmsis_os2.o
                0x0000000008008768                vApplicationGetTimerTaskMemory
 .text.vListInitialise
                0x000000000800879c       0x40 ./Middlewares/Third_Party/FreeRTOS/Source/list.o
                0x000000000800879c                vListInitialise
 .text.vListInitialiseItem
                0x00000000080087dc       0x1a ./Middlewares/Third_Party/FreeRTOS/Source/list.o
                0x00000000080087dc                vListInitialiseItem
 .text.vListInsertEnd
                0x00000000080087f6       0x48 ./Middlewares/Third_Party/FreeRTOS/Source/list.o
                0x00000000080087f6                vListInsertEnd
 .text.vListInsert
                0x000000000800883e       0x72 ./Middlewares/Third_Party/FreeRTOS/Source/list.o
                0x000000000800883e                vListInsert
 .text.uxListRemove
                0x00000000080088b0       0x54 ./Middlewares/Third_Party/FreeRTOS/Source/list.o
                0x00000000080088b0                uxListRemove
 .text.xQueueGenericReset
                0x0000000008008904       0xd0 ./Middlewares/Third_Party/FreeRTOS/Source/queue.o
                0x0000000008008904                xQueueGenericReset
 .text.xQueueGenericCreateStatic
                0x00000000080089d4       0xf0 ./Middlewares/Third_Party/FreeRTOS/Source/queue.o
                0x00000000080089d4                xQueueGenericCreateStatic
 .text.xQueueGenericCreate
                0x0000000008008ac4       0x74 ./Middlewares/Third_Party/FreeRTOS/Source/queue.o
                0x0000000008008ac4                xQueueGenericCreate
 .text.prvInitialiseNewQueue
                0x0000000008008b38       0x46 ./Middlewares/Third_Party/FreeRTOS/Source/queue.o
 .text.xQueueCreateCountingSemaphoreStatic
                0x0000000008008b7e       0x6e ./Middlewares/Third_Party/FreeRTOS/Source/queue.o
                0x0000000008008b7e                xQueueCreateCountingSemaphoreStatic
 .text.xQueueCreateCountingSemaphore
                0x0000000008008bec       0x66 ./Middlewares/Third_Party/FreeRTOS/Source/queue.o
                0x0000000008008bec                xQueueCreateCountingSemaphore
 *fill*         0x0000000008008c52        0x2 
 .text.xQueueGenericSend
                0x0000000008008c54      0x1fc ./Middlewares/Third_Party/FreeRTOS/Source/queue.o
                0x0000000008008c54                xQueueGenericSend
 .text.xQueueGenericSendFromISR
                0x0000000008008e50      0x136 ./Middlewares/Third_Party/FreeRTOS/Source/queue.o
                0x0000000008008e50                xQueueGenericSendFromISR
 .text.xQueueGiveFromISR
                0x0000000008008f86      0x11a ./Middlewares/Third_Party/FreeRTOS/Source/queue.o
                0x0000000008008f86                xQueueGiveFromISR
 .text.xQueueReceive
                0x00000000080090a0      0x1c0 ./Middlewares/Third_Party/FreeRTOS/Source/queue.o
                0x00000000080090a0                xQueueReceive
 .text.xQueueSemaphoreTake
                0x0000000008009260      0x218 ./Middlewares/Third_Party/FreeRTOS/Source/queue.o
                0x0000000008009260                xQueueSemaphoreTake
 .text.xQueueReceiveFromISR
                0x0000000008009478      0x100 ./Middlewares/Third_Party/FreeRTOS/Source/queue.o
                0x0000000008009478                xQueueReceiveFromISR
 .text.uxQueueMessagesWaiting
                0x0000000008009578       0x3c ./Middlewares/Third_Party/FreeRTOS/Source/queue.o
                0x0000000008009578                uxQueueMessagesWaiting
 .text.uxQueueMessagesWaitingFromISR
                0x00000000080095b4       0x3c ./Middlewares/Third_Party/FreeRTOS/Source/queue.o
                0x00000000080095b4                uxQueueMessagesWaitingFromISR
 .text.vQueueDelete
                0x00000000080095f0       0x46 ./Middlewares/Third_Party/FreeRTOS/Source/queue.o
                0x00000000080095f0                vQueueDelete
 .text.prvGetDisinheritPriorityAfterTimeout
                0x0000000008009636       0x30 ./Middlewares/Third_Party/FreeRTOS/Source/queue.o
 .text.prvCopyDataToQueue
                0x0000000008009666       0xd4 ./Middlewares/Third_Party/FreeRTOS/Source/queue.o
 .text.prvCopyDataFromQueue
                0x000000000800973a       0x4c ./Middlewares/Third_Party/FreeRTOS/Source/queue.o
 .text.prvUnlockQueue
                0x0000000008009786       0xa4 ./Middlewares/Third_Party/FreeRTOS/Source/queue.o
 .text.prvIsQueueEmpty
                0x000000000800982a       0x2c ./Middlewares/Third_Party/FreeRTOS/Source/queue.o
 .text.prvIsQueueFull
                0x0000000008009856       0x30 ./Middlewares/Third_Party/FreeRTOS/Source/queue.o
 *fill*         0x0000000008009886        0x2 
 .text.vQueueAddToRegistry
                0x0000000008009888       0x54 ./Middlewares/Third_Party/FreeRTOS/Source/queue.o
                0x0000000008009888                vQueueAddToRegistry
 .text.vQueueUnregisterQueue
                0x00000000080098dc       0x54 ./Middlewares/Third_Party/FreeRTOS/Source/queue.o
                0x00000000080098dc                vQueueUnregisterQueue
 .text.vQueueWaitForMessageRestricted
                0x0000000008009930       0x68 ./Middlewares/Third_Party/FreeRTOS/Source/queue.o
                0x0000000008009930                vQueueWaitForMessageRestricted
 .text.xStreamBufferGenericCreateStatic
                0x0000000008009998      0x102 ./Middlewares/Third_Party/FreeRTOS/Source/stream_buffer.o
                0x0000000008009998                xStreamBufferGenericCreateStatic
 .text.xStreamBufferSpacesAvailable
                0x0000000008009a9a       0x66 ./Middlewares/Third_Party/FreeRTOS/Source/stream_buffer.o
                0x0000000008009a9a                xStreamBufferSpacesAvailable
 .text.xStreamBufferSend
                0x0000000008009b00      0x16a ./Middlewares/Third_Party/FreeRTOS/Source/stream_buffer.o
                0x0000000008009b00                xStreamBufferSend
 .text.xStreamBufferSendFromISR
                0x0000000008009c6a       0xe2 ./Middlewares/Third_Party/FreeRTOS/Source/stream_buffer.o
                0x0000000008009c6a                xStreamBufferSendFromISR
 .text.prvWriteMessageToBuffer
                0x0000000008009d4c       0x7a ./Middlewares/Third_Party/FreeRTOS/Source/stream_buffer.o
 .text.xStreamBufferReceive
                0x0000000008009dc6      0x12a ./Middlewares/Third_Party/FreeRTOS/Source/stream_buffer.o
                0x0000000008009dc6                xStreamBufferReceive
 .text.prvReadMessageFromBuffer
                0x0000000008009ef0       0x64 ./Middlewares/Third_Party/FreeRTOS/Source/stream_buffer.o
 .text.prvWriteBytesToBuffer
                0x0000000008009f54       0xe4 ./Middlewares/Third_Party/FreeRTOS/Source/stream_buffer.o
 .text.prvReadBytesFromBuffer
                0x000000000800a038       0xf4 ./Middlewares/Third_Party/FreeRTOS/Source/stream_buffer.o
 .text.prvBytesInBuffer
                0x000000000800a12c       0x40 ./Middlewares/Third_Party/FreeRTOS/Source/stream_buffer.o
 .text.prvInitialiseNewStreamBuffer
                0x000000000800a16c       0x66 ./Middlewares/Third_Party/FreeRTOS/Source/stream_buffer.o
 .text.xTaskCreateStatic
                0x000000000800a1d2       0xba ./Middlewares/Third_Party/FreeRTOS/Source/tasks.o
                0x000000000800a1d2                xTaskCreateStatic
 .text.xTaskCreate
                0x000000000800a28c       0x8a ./Middlewares/Third_Party/FreeRTOS/Source/tasks.o
                0x000000000800a28c                xTaskCreate
 *fill*         0x000000000800a316        0x2 
 .text.prvInitialiseNewTask
                0x000000000800a318      0x14c ./Middlewares/Third_Party/FreeRTOS/Source/tasks.o
 .text.prvAddNewTaskToReadyList
                0x000000000800a464       0xe0 ./Middlewares/Third_Party/FreeRTOS/Source/tasks.o
 .text.vTaskDelay
                0x000000000800a544       0x68 ./Middlewares/Third_Party/FreeRTOS/Source/tasks.o
                0x000000000800a544                vTaskDelay
 .text.vTaskStartScheduler
                0x000000000800a5ac       0xe0 ./Middlewares/Third_Party/FreeRTOS/Source/tasks.o
                0x000000000800a5ac                vTaskStartScheduler
 .text.vTaskSuspendAll
                0x000000000800a68c       0x1c ./Middlewares/Third_Party/FreeRTOS/Source/tasks.o
                0x000000000800a68c                vTaskSuspendAll
 .text.xTaskResumeAll
                0x000000000800a6a8      0x13c ./Middlewares/Third_Party/FreeRTOS/Source/tasks.o
                0x000000000800a6a8                xTaskResumeAll
 .text.xTaskGetTickCount
                0x000000000800a7e4       0x20 ./Middlewares/Third_Party/FreeRTOS/Source/tasks.o
                0x000000000800a7e4                xTaskGetTickCount
 .text.xTaskIncrementTick
                0x000000000800a804      0x174 ./Middlewares/Third_Party/FreeRTOS/Source/tasks.o
                0x000000000800a804                xTaskIncrementTick
 .text.vTaskSwitchContext
                0x000000000800a978       0xc8 ./Middlewares/Third_Party/FreeRTOS/Source/tasks.o
                0x000000000800a978                vTaskSwitchContext
 .text.vTaskPlaceOnEventList
                0x000000000800aa40       0x48 ./Middlewares/Third_Party/FreeRTOS/Source/tasks.o
                0x000000000800aa40                vTaskPlaceOnEventList
 .text.vTaskPlaceOnEventListRestricted
                0x000000000800aa88       0x58 ./Middlewares/Third_Party/FreeRTOS/Source/tasks.o
                0x000000000800aa88                vTaskPlaceOnEventListRestricted
 .text.xTaskRemoveFromEventList
                0x000000000800aae0       0xc8 ./Middlewares/Third_Party/FreeRTOS/Source/tasks.o
                0x000000000800aae0                xTaskRemoveFromEventList
 .text.vTaskSetTimeOutState
                0x000000000800aba8       0x4c ./Middlewares/Third_Party/FreeRTOS/Source/tasks.o
                0x000000000800aba8                vTaskSetTimeOutState
 .text.vTaskInternalSetTimeOutState
                0x000000000800abf4       0x2c ./Middlewares/Third_Party/FreeRTOS/Source/tasks.o
                0x000000000800abf4                vTaskInternalSetTimeOutState
 .text.xTaskCheckForTimeOut
                0x000000000800ac20       0xc4 ./Middlewares/Third_Party/FreeRTOS/Source/tasks.o
                0x000000000800ac20                xTaskCheckForTimeOut
 .text.vTaskMissedYield
                0x000000000800ace4       0x18 ./Middlewares/Third_Party/FreeRTOS/Source/tasks.o
                0x000000000800ace4                vTaskMissedYield
 .text.prvIdleTask
                0x000000000800acfc       0x30 ./Middlewares/Third_Party/FreeRTOS/Source/tasks.o
 .text.prvInitialiseTaskLists
                0x000000000800ad2c       0x80 ./Middlewares/Third_Party/FreeRTOS/Source/tasks.o
 .text.prvCheckTasksWaitingTermination
                0x000000000800adac       0x5c ./Middlewares/Third_Party/FreeRTOS/Source/tasks.o
 .text.prvDeleteTCB
                0x000000000800ae08       0x68 ./Middlewares/Third_Party/FreeRTOS/Source/tasks.o
 .text.prvResetNextTaskUnblockTime
                0x000000000800ae70       0x40 ./Middlewares/Third_Party/FreeRTOS/Source/tasks.o
 .text.xTaskGetCurrentTaskHandle
                0x000000000800aeb0       0x20 ./Middlewares/Third_Party/FreeRTOS/Source/tasks.o
                0x000000000800aeb0                xTaskGetCurrentTaskHandle
 .text.xTaskGetSchedulerState
                0x000000000800aed0       0x3c ./Middlewares/Third_Party/FreeRTOS/Source/tasks.o
                0x000000000800aed0                xTaskGetSchedulerState
 .text.xTaskPriorityInherit
                0x000000000800af0c       0xd0 ./Middlewares/Third_Party/FreeRTOS/Source/tasks.o
                0x000000000800af0c                xTaskPriorityInherit
 .text.xTaskPriorityDisinherit
                0x000000000800afdc       0xdc ./Middlewares/Third_Party/FreeRTOS/Source/tasks.o
                0x000000000800afdc                xTaskPriorityDisinherit
 .text.vTaskPriorityDisinheritAfterTimeout
                0x000000000800b0b8      0x104 ./Middlewares/Third_Party/FreeRTOS/Source/tasks.o
                0x000000000800b0b8                vTaskPriorityDisinheritAfterTimeout
 .text.pvTaskIncrementMutexHeldCount
                0x000000000800b1bc       0x28 ./Middlewares/Third_Party/FreeRTOS/Source/tasks.o
                0x000000000800b1bc                pvTaskIncrementMutexHeldCount
 .text.xTaskNotifyWait
                0x000000000800b1e4       0xc0 ./Middlewares/Third_Party/FreeRTOS/Source/tasks.o
                0x000000000800b1e4                xTaskNotifyWait
 .text.xTaskGenericNotify
                0x000000000800b2a4      0x17c ./Middlewares/Third_Party/FreeRTOS/Source/tasks.o
                0x000000000800b2a4                xTaskGenericNotify
 .text.xTaskGenericNotifyFromISR
                0x000000000800b420      0x1c8 ./Middlewares/Third_Party/FreeRTOS/Source/tasks.o
                0x000000000800b420                xTaskGenericNotifyFromISR
 .text.xTaskNotifyStateClear
                0x000000000800b5e8       0x4c ./Middlewares/Third_Party/FreeRTOS/Source/tasks.o
                0x000000000800b5e8                xTaskNotifyStateClear
 .text.prvAddCurrentTaskToDelayedList
                0x000000000800b634       0xa8 ./Middlewares/Third_Party/FreeRTOS/Source/tasks.o
 .text.xTimerCreateTimerTask
                0x000000000800b6dc       0x90 ./Middlewares/Third_Party/FreeRTOS/Source/timers.o
                0x000000000800b6dc                xTimerCreateTimerTask
 .text.xTimerGenericCommand
                0x000000000800b76c       0x9c ./Middlewares/Third_Party/FreeRTOS/Source/timers.o
                0x000000000800b76c                xTimerGenericCommand
 .text.prvProcessExpiredTimer
                0x000000000800b808       0x98 ./Middlewares/Third_Party/FreeRTOS/Source/timers.o
 .text.prvTimerTask
                0x000000000800b8a0       0x24 ./Middlewares/Third_Party/FreeRTOS/Source/timers.o
 .text.prvProcessTimerOrBlockTask
                0x000000000800b8c4       0x9c ./Middlewares/Third_Party/FreeRTOS/Source/timers.o
 .text.prvGetNextExpireTime
                0x000000000800b960       0x48 ./Middlewares/Third_Party/FreeRTOS/Source/timers.o
 .text.prvSampleTimeNow
                0x000000000800b9a8       0x40 ./Middlewares/Third_Party/FreeRTOS/Source/timers.o
 .text.prvInsertTimerInActiveList
                0x000000000800b9e8       0x84 ./Middlewares/Third_Party/FreeRTOS/Source/timers.o
 .text.prvProcessReceivedCommands
                0x000000000800ba6c      0x1c4 ./Middlewares/Third_Party/FreeRTOS/Source/timers.o
 .text.prvSwitchTimerLists
                0x000000000800bc30       0xc8 ./Middlewares/Third_Party/FreeRTOS/Source/timers.o
 .text.prvCheckForValidListAndQueue
                0x000000000800bcf8       0x80 ./Middlewares/Third_Party/FreeRTOS/Source/timers.o
 .text.pxPortInitialiseStack
                0x000000000800bd78       0x68 ./Middlewares/Third_Party/FreeRTOS/Source/portable/GCC/ARM_CM4F/port.o
                0x000000000800bd78                pxPortInitialiseStack
 .text.prvTaskExitError
                0x000000000800bde0       0x58 ./Middlewares/Third_Party/FreeRTOS/Source/portable/GCC/ARM_CM4F/port.o
 *fill*         0x000000000800be38        0x8 
 .text.SVC_Handler
                0x000000000800be40       0x28 ./Middlewares/Third_Party/FreeRTOS/Source/portable/GCC/ARM_CM4F/port.o
                0x000000000800be40                SVC_Handler
 .text.prvPortStartFirstTask
                0x000000000800be68       0x28 ./Middlewares/Third_Party/FreeRTOS/Source/portable/GCC/ARM_CM4F/port.o
 .text.xPortStartScheduler
                0x000000000800be90      0x144 ./Middlewares/Third_Party/FreeRTOS/Source/portable/GCC/ARM_CM4F/port.o
                0x000000000800be90                xPortStartScheduler
 .text.vPortEnterCritical
                0x000000000800bfd4       0x60 ./Middlewares/Third_Party/FreeRTOS/Source/portable/GCC/ARM_CM4F/port.o
                0x000000000800bfd4                vPortEnterCritical
 .text.vPortExitCritical
                0x000000000800c034       0x54 ./Middlewares/Third_Party/FreeRTOS/Source/portable/GCC/ARM_CM4F/port.o
                0x000000000800c034                vPortExitCritical
 *fill*         0x000000000800c088        0x8 
 .text.PendSV_Handler
                0x000000000800c090       0x68 ./Middlewares/Third_Party/FreeRTOS/Source/portable/GCC/ARM_CM4F/port.o
                0x000000000800c090                PendSV_Handler
 .text.xPortSysTickHandler
                0x000000000800c0f8       0x44 ./Middlewares/Third_Party/FreeRTOS/Source/portable/GCC/ARM_CM4F/port.o
                0x000000000800c0f8                xPortSysTickHandler
 .text.vPortSetupTimerInterrupt
                0x000000000800c13c       0x48 ./Middlewares/Third_Party/FreeRTOS/Source/portable/GCC/ARM_CM4F/port.o
                0x000000000800c13c                vPortSetupTimerInterrupt
 .text.vPortEnableVFP
                0x000000000800c184       0x14 ./Middlewares/Third_Party/FreeRTOS/Source/portable/GCC/ARM_CM4F/port.o
 .text.vPortValidateInterruptPriority
                0x000000000800c198       0x80 ./Middlewares/Third_Party/FreeRTOS/Source/portable/GCC/ARM_CM4F/port.o
                0x000000000800c198                vPortValidateInterruptPriority
 .text.pvPortMalloc
                0x000000000800c218      0x198 ./Middlewares/Third_Party/FreeRTOS/Source/portable/MemMang/heap_4.o
                0x000000000800c218                pvPortMalloc
 .text.vPortFree
                0x000000000800c3b0       0xc4 ./Middlewares/Third_Party/FreeRTOS/Source/portable/MemMang/heap_4.o
                0x000000000800c3b0                vPortFree
 .text.prvHeapInit
                0x000000000800c474       0xc4 ./Middlewares/Third_Party/FreeRTOS/Source/portable/MemMang/heap_4.o
 .text.prvInsertBlockIntoFreeList
                0x000000000800c538       0xb4 ./Middlewares/Third_Party/FreeRTOS/Source/portable/MemMang/heap_4.o
 .text.encodeMorse
                0x000000000800c5ec      0x36c ./Src/codificaMorse.o
                0x000000000800c5ec                encodeMorse
 .text.main     0x000000000800c958       0xdc ./Src/main.o
                0x000000000800c958                main
 .text.SystemClock_Config
                0x000000000800ca34       0xa6 ./Src/main.o
                0x000000000800ca34                SystemClock_Config
 .text.PeriphCommonClock_Config
                0x000000000800cada       0x58 ./Src/main.o
                0x000000000800cada                PeriphCommonClock_Config
 *fill*         0x000000000800cb32        0x2 
 .text.MX_ADC1_Init
                0x000000000800cb34       0xf0 ./Src/main.o
 .text.MX_ADC3_Init
                0x000000000800cc24       0xc8 ./Src/main.o
 .text.MX_COMP1_Init
                0x000000000800ccec       0x58 ./Src/main.o
 .text.MX_DAC1_Init
                0x000000000800cd44       0x78 ./Src/main.o
 .text.MX_LCD_Init
                0x000000000800cdbc       0x70 ./Src/main.o
 .text.MX_OPAMP1_Init
                0x000000000800ce2c       0x50 ./Src/main.o
 .text.MX_OPAMP2_Init
                0x000000000800ce7c       0x50 ./Src/main.o
 .text.MX_GPIO_Init
                0x000000000800cecc      0x1fc ./Src/main.o
 .text.StartDefaultTask
                0x000000000800d0c8       0x14 ./Src/main.o
                0x000000000800d0c8                StartDefaultTask
 .text.StartproducerTask
                0x000000000800d0dc      0x128 ./Src/main.o
                0x000000000800d0dc                StartproducerTask
 .text.StartconsumerTask
                0x000000000800d204      0x130 ./Src/main.o
                0x000000000800d204                StartconsumerTask
 .text.HAL_TIM_PeriodElapsedCallback
                0x000000000800d334       0x24 ./Src/main.o
                0x000000000800d334                HAL_TIM_PeriodElapsedCallback
 .text.Error_Handler
                0x000000000800d358        0xe ./Src/main.o
                0x000000000800d358                Error_Handler
 *fill*         0x000000000800d366        0x2 
 .text.HAL_MspInit
                0x000000000800d368       0x60 ./Src/stm32l4xx_hal_msp.o
                0x000000000800d368                HAL_MspInit
 .text.HAL_ADC_MspInit
                0x000000000800d3c8      0x100 ./Src/stm32l4xx_hal_msp.o
                0x000000000800d3c8                HAL_ADC_MspInit
 .text.HAL_COMP_MspInit
                0x000000000800d4c8       0x68 ./Src/stm32l4xx_hal_msp.o
                0x000000000800d4c8                HAL_COMP_MspInit
 .text.HAL_DAC_MspInit
                0x000000000800d530       0x7c ./Src/stm32l4xx_hal_msp.o
                0x000000000800d530                HAL_DAC_MspInit
 .text.HAL_LCD_MspInit
                0x000000000800d5ac      0x154 ./Src/stm32l4xx_hal_msp.o
                0x000000000800d5ac                HAL_LCD_MspInit
 .text.HAL_OPAMP_MspInit
                0x000000000800d700      0x158 ./Src/stm32l4xx_hal_msp.o
                0x000000000800d700                HAL_OPAMP_MspInit
 .text.HAL_InitTick
                0x000000000800d858       0xac ./Src/stm32l4xx_hal_timebase_tim.o
                0x000000000800d858                HAL_InitTick
 .text.NMI_Handler
                0x000000000800d904        0xe ./Src/stm32l4xx_it.o
                0x000000000800d904                NMI_Handler
 .text.HardFault_Handler
                0x000000000800d912        0x6 ./Src/stm32l4xx_it.o
                0x000000000800d912                HardFault_Handler
 .text.MemManage_Handler
                0x000000000800d918        0x6 ./Src/stm32l4xx_it.o
                0x000000000800d918                MemManage_Handler
 .text.BusFault_Handler
                0x000000000800d91e        0x6 ./Src/stm32l4xx_it.o
                0x000000000800d91e                BusFault_Handler
 .text.UsageFault_Handler
                0x000000000800d924        0x6 ./Src/stm32l4xx_it.o
                0x000000000800d924                UsageFault_Handler
 .text.DebugMon_Handler
                0x000000000800d92a        0xe ./Src/stm32l4xx_it.o
                0x000000000800d92a                DebugMon_Handler
 .text.EXTI3_IRQHandler
                0x000000000800d938        0xe ./Src/stm32l4xx_it.o
                0x000000000800d938                EXTI3_IRQHandler
 *fill*         0x000000000800d946        0x2 
 .text.TIM1_UP_TIM16_IRQHandler
                0x000000000800d948       0x14 ./Src/stm32l4xx_it.o
                0x000000000800d948                TIM1_UP_TIM16_IRQHandler
 .text.EXTI15_10_IRQHandler
                0x000000000800d95c       0x10 ./Src/stm32l4xx_it.o
                0x000000000800d95c                EXTI15_10_IRQHandler
 .text.OTG_FS_IRQHandler
                0x000000000800d96c       0x14 ./Src/stm32l4xx_it.o
                0x000000000800d96c                OTG_FS_IRQHandler
 .text._sbrk    0x000000000800d980       0x6c ./Src/sysmem.o
                0x000000000800d980                _sbrk
 .text.SystemInit
                0x000000000800d9ec       0x6c ./Src/system_stm32l4xx.o
                0x000000000800d9ec                SystemInit
 .text.MX_USB_DEVICE_Init
                0x000000000800da58       0x60 ./Src/usb_device.o
                0x000000000800da58                MX_USB_DEVICE_Init
 .text.CDC_Init_FS
                0x000000000800dab8       0x28 ./Src/usbd_cdc_if.o
 .text.CDC_DeInit_FS
                0x000000000800dae0       0x10 ./Src/usbd_cdc_if.o
 .text.CDC_Control_FS
                0x000000000800daf0       0xe4 ./Src/usbd_cdc_if.o
 .text.CDC_Receive_FS
                0x000000000800dbd4       0x3c ./Src/usbd_cdc_if.o
 .text.CDC_Transmit_FS
                0x000000000800dc10       0x4c ./Src/usbd_cdc_if.o
                0x000000000800dc10                CDC_Transmit_FS
 .text.CDC_TransmitCplt_FS
                0x000000000800dc5c       0x22 ./Src/usbd_cdc_if.o
 *fill*         0x000000000800dc7e        0x2 
 .text.HAL_PCD_MspInit
                0x000000000800dc80      0x104 ./Src/usbd_conf.o
                0x000000000800dc80                HAL_PCD_MspInit
 .text.HAL_PCD_SetupStageCallback
                0x000000000800dd84       0x24 ./Src/usbd_conf.o
                0x000000000800dd84                HAL_PCD_SetupStageCallback
 .text.HAL_PCD_DataOutStageCallback
                0x000000000800dda8       0x36 ./Src/usbd_conf.o
                0x000000000800dda8                HAL_PCD_DataOutStageCallback
 .text.HAL_PCD_DataInStageCallback
                0x000000000800ddde       0x34 ./Src/usbd_conf.o
                0x000000000800ddde                HAL_PCD_DataInStageCallback
 .text.HAL_PCD_SOFCallback
                0x000000000800de12       0x1c ./Src/usbd_conf.o
                0x000000000800de12                HAL_PCD_SOFCallback
 .text.HAL_PCD_ResetCallback
                0x000000000800de2e       0x3c ./Src/usbd_conf.o
                0x000000000800de2e                HAL_PCD_ResetCallback
 *fill*         0x000000000800de6a        0x2 
 .text.HAL_PCD_SuspendCallback
                0x000000000800de6c       0x4c ./Src/usbd_conf.o
                0x000000000800de6c                HAL_PCD_SuspendCallback
 .text.HAL_PCD_ResumeCallback
                0x000000000800deb8       0x50 ./Src/usbd_conf.o
                0x000000000800deb8                HAL_PCD_ResumeCallback
 .text.HAL_PCD_ISOOUTIncompleteCallback
                0x000000000800df08       0x24 ./Src/usbd_conf.o
                0x000000000800df08                HAL_PCD_ISOOUTIncompleteCallback
 .text.HAL_PCD_ISOINIncompleteCallback
                0x000000000800df2c       0x24 ./Src/usbd_conf.o
                0x000000000800df2c                HAL_PCD_ISOINIncompleteCallback
 .text.HAL_PCD_ConnectCallback
                0x000000000800df50       0x1c ./Src/usbd_conf.o
                0x000000000800df50                HAL_PCD_ConnectCallback
 .text.HAL_PCD_DisconnectCallback
                0x000000000800df6c       0x1c ./Src/usbd_conf.o
                0x000000000800df6c                HAL_PCD_DisconnectCallback
 .text.USBD_LL_Init
                0x000000000800df88       0x98 ./Src/usbd_conf.o
                0x000000000800df88                USBD_LL_Init
 .text.USBD_LL_Start
                0x000000000800e020       0x64 ./Src/usbd_conf.o
                0x000000000800e020                USBD_LL_Start
 .text.USBD_LL_OpenEP
                0x000000000800e084       0x7c ./Src/usbd_conf.o
                0x000000000800e084                USBD_LL_OpenEP
 .text.USBD_LL_CloseEP
                0x000000000800e100       0x6c ./Src/usbd_conf.o
                0x000000000800e100                USBD_LL_CloseEP
 .text.USBD_LL_StallEP
                0x000000000800e16c       0x6c ./Src/usbd_conf.o
                0x000000000800e16c                USBD_LL_StallEP
 .text.USBD_LL_ClearStallEP
                0x000000000800e1d8       0x6c ./Src/usbd_conf.o
                0x000000000800e1d8                USBD_LL_ClearStallEP
 .text.USBD_LL_IsStallEP
                0x000000000800e244       0x58 ./Src/usbd_conf.o
                0x000000000800e244                USBD_LL_IsStallEP
 .text.USBD_LL_SetUSBAddress
                0x000000000800e29c       0x6c ./Src/usbd_conf.o
                0x000000000800e29c                USBD_LL_SetUSBAddress
 .text.USBD_LL_Transmit
                0x000000000800e308       0x70 ./Src/usbd_conf.o
                0x000000000800e308                USBD_LL_Transmit
 .text.USBD_LL_PrepareReceive
                0x000000000800e378       0x70 ./Src/usbd_conf.o
                0x000000000800e378                USBD_LL_PrepareReceive
 .text.USBD_LL_GetRxDataSize
                0x000000000800e3e8       0x26 ./Src/usbd_conf.o
                0x000000000800e3e8                USBD_LL_GetRxDataSize
 *fill*         0x000000000800e40e        0x2 
 .text.USBD_static_malloc
                0x000000000800e410       0x1c ./Src/usbd_conf.o
                0x000000000800e410                USBD_static_malloc
 .text.USBD_static_free
                0x000000000800e42c       0x14 ./Src/usbd_conf.o
                0x000000000800e42c                USBD_static_free
 .text.SystemClockConfig_Resume
                0x000000000800e440        0xc ./Src/usbd_conf.o
 .text.USBD_FS_DeviceDescriptor
                0x000000000800e44c       0x24 ./Src/usbd_desc.o
                0x000000000800e44c                USBD_FS_DeviceDescriptor
 .text.USBD_FS_LangIDStrDescriptor
                0x000000000800e470       0x24 ./Src/usbd_desc.o
                0x000000000800e470                USBD_FS_LangIDStrDescriptor
 .text.USBD_FS_ProductStrDescriptor
                0x000000000800e494       0x3c ./Src/usbd_desc.o
                0x000000000800e494                USBD_FS_ProductStrDescriptor
 .text.USBD_FS_ManufacturerStrDescriptor
                0x000000000800e4d0       0x28 ./Src/usbd_desc.o
                0x000000000800e4d0                USBD_FS_ManufacturerStrDescriptor
 .text.USBD_FS_SerialStrDescriptor
                0x000000000800e4f8       0x24 ./Src/usbd_desc.o
                0x000000000800e4f8                USBD_FS_SerialStrDescriptor
 .text.USBD_FS_ConfigStrDescriptor
                0x000000000800e51c       0x3c ./Src/usbd_desc.o
                0x000000000800e51c                USBD_FS_ConfigStrDescriptor
 .text.USBD_FS_InterfaceStrDescriptor
                0x000000000800e558       0x3c ./Src/usbd_desc.o
                0x000000000800e558                USBD_FS_InterfaceStrDescriptor
 .text.Get_SerialNum
                0x000000000800e594       0x58 ./Src/usbd_desc.o
 .text.IntToUnicode
                0x000000000800e5ec       0x7e ./Src/usbd_desc.o
 *fill*         0x000000000800e66a        0x2 
 .text.usbserialInit
                0x000000000800e66c       0x60 ./Src/usbserial.o
                0x000000000800e66c                usbserialInit
 .text.usbserialQueue
                0x000000000800e6cc       0x5c ./Src/usbserial.o
                0x000000000800e6cc                usbserialQueue
 .text.usbserialGetByte
                0x000000000800e728       0x50 ./Src/usbserial.o
                0x000000000800e728                usbserialGetByte
 .text.usbserialPutByte
                0x000000000800e778       0x28 ./Src/usbserial.o
                0x000000000800e778                usbserialPutByte
 .text.usbserialWriteData
                0x000000000800e7a0       0x28 ./Src/usbserial.o
                0x000000000800e7a0                usbserialWriteData
 .text.usbserialPrint
                0x000000000800e7c8       0x20 ./Src/usbserial.o
                0x000000000800e7c8                usbserialPrint
 .text.usbserialReadChar
                0x000000000800e7e8       0x2c ./Src/usbserial.o
                0x000000000800e7e8                usbserialReadChar
 .text.usbserialPrintf
                0x000000000800e814       0x36 ./Src/usbserial.o
                0x000000000800e814                usbserialPrintf
 *fill*         0x000000000800e84a        0x2 
 .text.usbserialTxWakeup
                0x000000000800e84c       0x18 ./Src/usbserial.o
                0x000000000800e84c                usbserialTxWakeup
 .text.StartUsbTxTask
                0x000000000800e864       0x5c ./Src/usbserial.o
                0x000000000800e864                StartUsbTxTask
 .text.Reset_Handler
                0x000000000800e8c0       0x50 ./Startup/startup_stm32l496vetx.o
                0x000000000800e8c0                Reset_Handler
 .text.Default_Handler
                0x000000000800e910        0x2 ./Startup/startup_stm32l496vetx.o
                0x000000000800e910                RTC_Alarm_IRQHandler
                0x000000000800e910                EXTI2_IRQHandler
                0x000000000800e910                TIM8_TRG_COM_IRQHandler
                0x000000000800e910                TIM8_CC_IRQHandler
                0x000000000800e910                TIM1_CC_IRQHandler
                0x000000000800e910                TSC_IRQHandler
                0x000000000800e910                TAMP_STAMP_IRQHandler
                0x000000000800e910                CAN2_RX1_IRQHandler
                0x000000000800e910                LPTIM2_IRQHandler
                0x000000000800e910                DFSDM1_FLT1_IRQHandler
                0x000000000800e910                I2C3_ER_IRQHandler
                0x000000000800e910                DFSDM1_FLT2_IRQHandler
                0x000000000800e910                EXTI0_IRQHandler
                0x000000000800e910                I2C2_EV_IRQHandler
                0x000000000800e910                CAN1_RX0_IRQHandler
                0x000000000800e910                FPU_IRQHandler
                0x000000000800e910                CAN2_SCE_IRQHandler
                0x000000000800e910                ADC1_2_IRQHandler
                0x000000000800e910                SPI1_IRQHandler
                0x000000000800e910                TIM6_DAC_IRQHandler
                0x000000000800e910                DCMI_IRQHandler
                0x000000000800e910                CAN2_RX0_IRQHandler
                0x000000000800e910                TIM8_UP_IRQHandler
                0x000000000800e910                DMA2_Channel2_IRQHandler
                0x000000000800e910                DMA1_Channel4_IRQHandler
                0x000000000800e910                SAI2_IRQHandler
                0x000000000800e910                DFSDM1_FLT3_IRQHandler
                0x000000000800e910                USART3_IRQHandler
                0x000000000800e910                DMA1_Channel7_IRQHandler
                0x000000000800e910                CAN1_RX1_IRQHandler
                0x000000000800e910                LCD_IRQHandler
                0x000000000800e910                UART5_IRQHandler
                0x000000000800e910                ADC3_IRQHandler
                0x000000000800e910                TIM4_IRQHandler
                0x000000000800e910                DMA2_Channel1_IRQHandler
                0x000000000800e910                QUADSPI_IRQHandler
                0x000000000800e910                I2C1_EV_IRQHandler
                0x000000000800e910                DMA1_Channel6_IRQHandler
                0x000000000800e910                UART4_IRQHandler
                0x000000000800e910                DMA2_Channel4_IRQHandler
                0x000000000800e910                TIM3_IRQHandler
                0x000000000800e910                RCC_IRQHandler
                0x000000000800e910                DMA1_Channel1_IRQHandler
                0x000000000800e910                Default_Handler
                0x000000000800e910                DMA2_Channel7_IRQHandler
                0x000000000800e910                TIM7_IRQHandler
                0x000000000800e910                SDMMC1_IRQHandler
                0x000000000800e910                CAN2_TX_IRQHandler
                0x000000000800e910                TIM5_IRQHandler
                0x000000000800e910                I2C3_EV_IRQHandler
                0x000000000800e910                EXTI9_5_IRQHandler
                0x000000000800e910                RTC_WKUP_IRQHandler
                0x000000000800e910                PVD_PVM_IRQHandler
                0x000000000800e910                SPI2_IRQHandler
                0x000000000800e910                CAN1_TX_IRQHandler
                0x000000000800e910                DMA2_Channel5_IRQHandler
                0x000000000800e910                CRS_IRQHandler
                0x000000000800e910                DMA1_Channel5_IRQHandler
                0x000000000800e910                EXTI4_IRQHandler
                0x000000000800e910                RNG_IRQHandler
                0x000000000800e910                TIM1_TRG_COM_TIM17_IRQHandler
                0x000000000800e910                DMA1_Channel3_IRQHandler
                0x000000000800e910                COMP_IRQHandler
                0x000000000800e910                WWDG_IRQHandler
                0x000000000800e910                I2C4_EV_IRQHandler
                0x000000000800e910                LPUART1_IRQHandler
                0x000000000800e910                DMA2_Channel6_IRQHandler
                0x000000000800e910                TIM2_IRQHandler
                0x000000000800e910                EXTI1_IRQHandler
                0x000000000800e910                USART2_IRQHandler
                0x000000000800e910                DFSDM1_FLT0_IRQHandler
                0x000000000800e910                I2C2_ER_IRQHandler
                0x000000000800e910                DMA1_Channel2_IRQHandler
                0x000000000800e910                TIM8_BRK_IRQHandler
                0x000000000800e910                CAN1_SCE_IRQHandler
                0x000000000800e910                FLASH_IRQHandler
                0x000000000800e910                USART1_IRQHandler
                0x000000000800e910                SPI3_IRQHandler
                0x000000000800e910                I2C1_ER_IRQHandler
                0x000000000800e910                FMC_IRQHandler
                0x000000000800e910                SWPMI1_IRQHandler
                0x000000000800e910                LPTIM1_IRQHandler
                0x000000000800e910                I2C4_ER_IRQHandler
                0x000000000800e910                SAI1_IRQHandler
                0x000000000800e910                DMA2_Channel3_IRQHandler
                0x000000000800e910                TIM1_BRK_TIM15_IRQHandler
 *fill*         0x000000000800e912        0x2 
 .text.__errno  0x000000000800e914        0xc c:/st/stm32cubeide_1.9.0/stm32cubeide/plugins/com.st.stm32cube.ide.mcu.externaltools.gnu-tools-for-stm32.10.3-2021.10.win32_1.0.0.202111181127/tools/bin/../lib/gcc/arm-none-eabi/10.3.1/../../../../arm-none-eabi/lib/thumb/v7e-m+fp/hard\libc_nano.a(lib_a-errno.o)
                0x000000000800e914                __errno
 .text.__libc_init_array
                0x000000000800e920       0x48 c:/st/stm32cubeide_1.9.0/stm32cubeide/plugins/com.st.stm32cube.ide.mcu.externaltools.gnu-tools-for-stm32.10.3-2021.10.win32_1.0.0.202111181127/tools/bin/../lib/gcc/arm-none-eabi/10.3.1/../../../../arm-none-eabi/lib/thumb/v7e-m+fp/hard\libc_nano.a(lib_a-init.o)
                0x000000000800e920                __libc_init_array
 .text.__retarget_lock_acquire_recursive
                0x000000000800e968        0x2 c:/st/stm32cubeide_1.9.0/stm32cubeide/plugins/com.st.stm32cube.ide.mcu.externaltools.gnu-tools-for-stm32.10.3-2021.10.win32_1.0.0.202111181127/tools/bin/../lib/gcc/arm-none-eabi/10.3.1/../../../../arm-none-eabi/lib/thumb/v7e-m+fp/hard\libc_nano.a(lib_a-lock.o)
                0x000000000800e968                __retarget_lock_acquire_recursive
 .text.__retarget_lock_release_recursive
                0x000000000800e96a        0x2 c:/st/stm32cubeide_1.9.0/stm32cubeide/plugins/com.st.stm32cube.ide.mcu.externaltools.gnu-tools-for-stm32.10.3-2021.10.win32_1.0.0.202111181127/tools/bin/../lib/gcc/arm-none-eabi/10.3.1/../../../../arm-none-eabi/lib/thumb/v7e-m+fp/hard\libc_nano.a(lib_a-lock.o)
                0x000000000800e96a                __retarget_lock_release_recursive
 .text.memcpy   0x000000000800e96c       0x1c c:/st/stm32cubeide_1.9.0/stm32cubeide/plugins/com.st.stm32cube.ide.mcu.externaltools.gnu-tools-for-stm32.10.3-2021.10.win32_1.0.0.202111181127/tools/bin/../lib/gcc/arm-none-eabi/10.3.1/../../../../arm-none-eabi/lib/thumb/v7e-m+fp/hard\libc_nano.a(lib_a-memcpy-stub.o)
                0x000000000800e96c                memcpy
 .text.memset   0x000000000800e988       0x10 c:/st/stm32cubeide_1.9.0/stm32cubeide/plugins/com.st.stm32cube.ide.mcu.externaltools.gnu-tools-for-stm32.10.3-2021.10.win32_1.0.0.202111181127/tools/bin/../lib/gcc/arm-none-eabi/10.3.1/../../../../arm-none-eabi/lib/thumb/v7e-m+fp/hard\libc_nano.a(lib_a-memset.o)
                0x000000000800e988                memset
 .text.sbrk_aligned
                0x000000000800e998       0x40 c:/st/stm32cubeide_1.9.0/stm32cubeide/plugins/com.st.stm32cube.ide.mcu.externaltools.gnu-tools-for-stm32.10.3-2021.10.win32_1.0.0.202111181127/tools/bin/../lib/gcc/arm-none-eabi/10.3.1/../../../../arm-none-eabi/lib/thumb/v7e-m+fp/hard\libc_nano.a(lib_a-nano-mallocr.o)
 .text._malloc_r
                0x000000000800e9d8       0xe8 c:/st/stm32cubeide_1.9.0/stm32cubeide/plugins/com.st.stm32cube.ide.mcu.externaltools.gnu-tools-for-stm32.10.3-2021.10.win32_1.0.0.202111181127/tools/bin/../lib/gcc/arm-none-eabi/10.3.1/../../../../arm-none-eabi/lib/thumb/v7e-m+fp/hard\libc_nano.a(lib_a-nano-mallocr.o)
                0x000000000800e9d8                _malloc_r
 .text.cleanup_glue
                0x000000000800eac0       0x1a c:/st/stm32cubeide_1.9.0/stm32cubeide/plugins/com.st.stm32cube.ide.mcu.externaltools.gnu-tools-for-stm32.10.3-2021.10.win32_1.0.0.202111181127/tools/bin/../lib/gcc/arm-none-eabi/10.3.1/../../../../arm-none-eabi/lib/thumb/v7e-m+fp/hard\libc_nano.a(lib_a-reent.o)
                0x000000000800eac0                cleanup_glue
 *fill*         0x000000000800eada        0x2 
 .text._reclaim_reent
                0x000000000800eadc       0xb8 c:/st/stm32cubeide_1.9.0/stm32cubeide/plugins/com.st.stm32cube.ide.mcu.externaltools.gnu-tools-for-stm32.10.3-2021.10.win32_1.0.0.202111181127/tools/bin/../lib/gcc/arm-none-eabi/10.3.1/../../../../arm-none-eabi/lib/thumb/v7e-m+fp/hard\libc_nano.a(lib_a-reent.o)
                0x000000000800eadc                _reclaim_reent
 .text._sbrk_r  0x000000000800eb94       0x20 c:/st/stm32cubeide_1.9.0/stm32cubeide/plugins/com.st.stm32cube.ide.mcu.externaltools.gnu-tools-for-stm32.10.3-2021.10.win32_1.0.0.202111181127/tools/bin/../lib/gcc/arm-none-eabi/10.3.1/../../../../arm-none-eabi/lib/thumb/v7e-m+fp/hard\libc_nano.a(lib_a-sbrkr.o)
                0x000000000800eb94                _sbrk_r
 .text._vsnprintf_r
                0x000000000800ebb4       0x56 c:/st/stm32cubeide_1.9.0/stm32cubeide/plugins/com.st.stm32cube.ide.mcu.externaltools.gnu-tools-for-stm32.10.3-2021.10.win32_1.0.0.202111181127/tools/bin/../lib/gcc/arm-none-eabi/10.3.1/../../../../arm-none-eabi/lib/thumb/v7e-m+fp/hard\libc_nano.a(lib_a-vsnprintf.o)
                0x000000000800ebb4                _vsniprintf_r
                0x000000000800ebb4                _vsnprintf_r
 *fill*         0x000000000800ec0a        0x2 
 .text.vsnprintf
                0x000000000800ec0c       0x1c c:/st/stm32cubeide_1.9.0/stm32cubeide/plugins/com.st.stm32cube.ide.mcu.externaltools.gnu-tools-for-stm32.10.3-2021.10.win32_1.0.0.202111181127/tools/bin/../lib/gcc/arm-none-eabi/10.3.1/../../../../arm-none-eabi/lib/thumb/v7e-m+fp/hard\libc_nano.a(lib_a-vsnprintf.o)
                0x000000000800ec0c                vsniprintf
                0x000000000800ec0c                vsnprintf
 .text.__malloc_lock
                0x000000000800ec28        0xc c:/st/stm32cubeide_1.9.0/stm32cubeide/plugins/com.st.stm32cube.ide.mcu.externaltools.gnu-tools-for-stm32.10.3-2021.10.win32_1.0.0.202111181127/tools/bin/../lib/gcc/arm-none-eabi/10.3.1/../../../../arm-none-eabi/lib/thumb/v7e-m+fp/hard\libc_nano.a(lib_a-mlock.o)
                0x000000000800ec28                __malloc_lock
 .text.__malloc_unlock
                0x000000000800ec34        0xc c:/st/stm32cubeide_1.9.0/stm32cubeide/plugins/com.st.stm32cube.ide.mcu.externaltools.gnu-tools-for-stm32.10.3-2021.10.win32_1.0.0.202111181127/tools/bin/../lib/gcc/arm-none-eabi/10.3.1/../../../../arm-none-eabi/lib/thumb/v7e-m+fp/hard\libc_nano.a(lib_a-mlock.o)
                0x000000000800ec34                __malloc_unlock
 .text._free_r  0x000000000800ec40       0x98 c:/st/stm32cubeide_1.9.0/stm32cubeide/plugins/com.st.stm32cube.ide.mcu.externaltools.gnu-tools-for-stm32.10.3-2021.10.win32_1.0.0.202111181127/tools/bin/../lib/gcc/arm-none-eabi/10.3.1/../../../../arm-none-eabi/lib/thumb/v7e-m+fp/hard\libc_nano.a(lib_a-nano-freer.o)
                0x000000000800ec40                _free_r
 .text.__ssputs_r
                0x000000000800ecd8       0xb6 c:/st/stm32cubeide_1.9.0/stm32cubeide/plugins/com.st.stm32cube.ide.mcu.externaltools.gnu-tools-for-stm32.10.3-2021.10.win32_1.0.0.202111181127/tools/bin/../lib/gcc/arm-none-eabi/10.3.1/../../../../arm-none-eabi/lib/thumb/v7e-m+fp/hard\libc_nano.a(lib_a-nano-svfprintf.o)
                0x000000000800ecd8                __ssputs_r
 *fill*         0x000000000800ed8e        0x2 
 .text._svfprintf_r
                0x000000000800ed90      0x200 c:/st/stm32cubeide_1.9.0/stm32cubeide/plugins/com.st.stm32cube.ide.mcu.externaltools.gnu-tools-for-stm32.10.3-2021.10.win32_1.0.0.202111181127/tools/bin/../lib/gcc/arm-none-eabi/10.3.1/../../../../arm-none-eabi/lib/thumb/v7e-m+fp/hard\libc_nano.a(lib_a-nano-svfprintf.o)
                0x000000000800ed90                _svfiprintf_r
                0x000000000800ed90                _svfprintf_r
 .text._printf_common
                0x000000000800ef90       0xda c:/st/stm32cubeide_1.9.0/stm32cubeide/plugins/com.st.stm32cube.ide.mcu.externaltools.gnu-tools-for-stm32.10.3-2021.10.win32_1.0.0.202111181127/tools/bin/../lib/gcc/arm-none-eabi/10.3.1/../../../../arm-none-eabi/lib/thumb/v7e-m+fp/hard\libc_nano.a(lib_a-nano-vfprintf_i.o)
                0x000000000800ef90                _printf_common
 *fill*         0x000000000800f06a        0x2 
 .text._printf_i
                0x000000000800f06c      0x24c c:/st/stm32cubeide_1.9.0/stm32cubeide/plugins/com.st.stm32cube.ide.mcu.externaltools.gnu-tools-for-stm32.10.3-2021.10.win32_1.0.0.202111181127/tools/bin/../lib/gcc/arm-none-eabi/10.3.1/../../../../arm-none-eabi/lib/thumb/v7e-m+fp/hard\libc_nano.a(lib_a-nano-vfprintf_i.o)
                0x000000000800f06c                _printf_i
 .text.memmove  0x000000000800f2b8       0x34 c:/st/stm32cubeide_1.9.0/stm32cubeide/plugins/com.st.stm32cube.ide.mcu.externaltools.gnu-tools-for-stm32.10.3-2021.10.win32_1.0.0.202111181127/tools/bin/../lib/gcc/arm-none-eabi/10.3.1/../../../../arm-none-eabi/lib/thumb/v7e-m+fp/hard\libc_nano.a(lib_a-memmove.o)
                0x000000000800f2b8                memmove
 .text._realloc_r
                0x000000000800f2ec       0x5e c:/st/stm32cubeide_1.9.0/stm32cubeide/plugins/com.st.stm32cube.ide.mcu.externaltools.gnu-tools-for-stm32.10.3-2021.10.win32_1.0.0.202111181127/tools/bin/../lib/gcc/arm-none-eabi/10.3.1/../../../../arm-none-eabi/lib/thumb/v7e-m+fp/hard\libc_nano.a(lib_a-nano-reallocr.o)
                0x000000000800f2ec                _realloc_r
 .text._malloc_usable_size_r
                0x000000000800f34a       0x10 c:/st/stm32cubeide_1.9.0/stm32cubeide/plugins/com.st.stm32cube.ide.mcu.externaltools.gnu-tools-for-stm32.10.3-2021.10.win32_1.0.0.202111181127/tools/bin/../lib/gcc/arm-none-eabi/10.3.1/../../../../arm-none-eabi/lib/thumb/v7e-m+fp/hard\libc_nano.a(lib_a-nano-msizer.o)
                0x000000000800f34a                _malloc_usable_size_r
 *(.glue_7)
 .glue_7        0x000000000800f35a        0x0 linker stubs
 *(.glue_7t)
 .glue_7t       0x000000000800f35a        0x0 linker stubs
 *(.eh_frame)
 *fill*         0x000000000800f35a        0x2 
 .eh_frame      0x000000000800f35c        0x0 c:/st/stm32cubeide_1.9.0/stm32cubeide/plugins/com.st.stm32cube.ide.mcu.externaltools.gnu-tools-for-stm32.10.3-2021.10.win32_1.0.0.202111181127/tools/bin/../lib/gcc/arm-none-eabi/10.3.1/thumb/v7e-m+fp/hard/crtbegin.o
 *(.init)
 .init          0x000000000800f35c        0x4 c:/st/stm32cubeide_1.9.0/stm32cubeide/plugins/com.st.stm32cube.ide.mcu.externaltools.gnu-tools-for-stm32.10.3-2021.10.win32_1.0.0.202111181127/tools/bin/../lib/gcc/arm-none-eabi/10.3.1/thumb/v7e-m+fp/hard/crti.o
                0x000000000800f35c                _init
 .init          0x000000000800f360        0x8 c:/st/stm32cubeide_1.9.0/stm32cubeide/plugins/com.st.stm32cube.ide.mcu.externaltools.gnu-tools-for-stm32.10.3-2021.10.win32_1.0.0.202111181127/tools/bin/../lib/gcc/arm-none-eabi/10.3.1/thumb/v7e-m+fp/hard/crtn.o
 *(.fini)
 .fini          0x000000000800f368        0x4 c:/st/stm32cubeide_1.9.0/stm32cubeide/plugins/com.st.stm32cube.ide.mcu.externaltools.gnu-tools-for-stm32.10.3-2021.10.win32_1.0.0.202111181127/tools/bin/../lib/gcc/arm-none-eabi/10.3.1/thumb/v7e-m+fp/hard/crti.o
                0x000000000800f368                _fini
 .fini          0x000000000800f36c        0x8 c:/st/stm32cubeide_1.9.0/stm32cubeide/plugins/com.st.stm32cube.ide.mcu.externaltools.gnu-tools-for-stm32.10.3-2021.10.win32_1.0.0.202111181127/tools/bin/../lib/gcc/arm-none-eabi/10.3.1/thumb/v7e-m+fp/hard/crtn.o
                0x000000000800f374                . = ALIGN (0x4)
                0x000000000800f374                _etext = .

.vfp11_veneer   0x000000000800f374        0x0
 .vfp11_veneer  0x000000000800f374        0x0 linker stubs

.v4_bx          0x000000000800f374        0x0
 .v4_bx         0x000000000800f374        0x0 linker stubs

.iplt           0x000000000800f374        0x0
 .iplt          0x000000000800f374        0x0 c:/st/stm32cubeide_1.9.0/stm32cubeide/plugins/com.st.stm32cube.ide.mcu.externaltools.gnu-tools-for-stm32.10.3-2021.10.win32_1.0.0.202111181127/tools/bin/../lib/gcc/arm-none-eabi/10.3.1/thumb/v7e-m+fp/hard/crtbegin.o
