../Src/usbserial.c:111:13:nibbleToHex	0	static
../Src/usbserial.c:45:6:usbserialInit	16	static
../Src/usbserial.c:62:5:usbserialQueue	24	static
../Src/usbserial.c:79:15:usbserialGetByte	16	static
../Src/usbserial.c:93:6:usbserialPutByte	16	static
../Src/usbserial.c:99:6:usbserialWriteData	0	static
../Src/usbserial.c:103:6:usbserialPrint	8	static
../Src/usbserial.c:107:6:usbserialWriteChar	0	static
../Src/usbserial.c:119:6:usbserialWriteHexNibble	8	static
../Src/usbserial.c:123:6:usbserialWriteHexByte	8	static
../Src/usbserial.c:128:6:usbserialWriteHexWord16	8	static
../Src/usbserial.c:135:6:usbserialWriteHexWord32	8	static
../Src/usbserial.c:183:6:usbserialEchoOn	0	static
../Src/usbserial.c:187:6:usbserialEchoOff	0	static
../Src/usbserial.c:191:6:usbserialReadChar	8	static
../Src/usbserial.c:148:14:usbserialReadHexNibble	8	static
../Src/usbserial.c:163:14:usbserialReadHexByte	8	static
../Src/usbserial.c:167:14:usbserialReadHexWord16	16	static
../Src/usbserial.c:173:14:usbserialReadHexWord32	32	static
../Src/usbserial.c:200:5:usbserialDataAvailable	0	static
../Src/usbserial.c:204:6:usbserialPrintf	144	static
../Src/usbserial.c:217:5:usbserialIsReady	0	static
../Src/usbserial.c:224:6:usbserialTxWakeup	0	static
../Src/usbserial.c:233:6:StartUsbTxTask	80	static
