../Drivers/STM32L4xx_HAL_Driver/Src/stm32l4xx_hal_pcd.c:296:13:HAL_PCD_MspInit	0	static
../Drivers/STM32L4xx_HAL_Driver/Src/stm32l4xx_hal_pcd.c:130:19:HAL_PCD_Init	64	static
../Drivers/STM32L4xx_HAL_Driver/Src/stm32l4xx_hal_pcd.c:311:13:HAL_PCD_MspDeInit	0	static
../Drivers/STM32L4xx_HAL_Driver/Src/stm32l4xx_hal_pcd.c:257:19:HAL_PCD_DeInit	16	static
../Drivers/STM32L4xx_HAL_Driver/Src/stm32l4xx_hal_pcd.c:1014:19:HAL_PCD_Start	8	static
../Drivers/STM32L4xx_HAL_Driver/Src/stm32l4xx_hal_pcd.c:1040:19:HAL_PCD_Stop	16	static
../Drivers/STM32L4xx_HAL_Driver/Src/stm32l4xx_hal_pcd.c:1595:13:HAL_PCD_DataOutStageCallback	0	static
../Drivers/STM32L4xx_HAL_Driver/Src/stm32l4xx_hal_pcd.c:1612:13:HAL_PCD_DataInStageCallback	0	static
../Drivers/STM32L4xx_HAL_Driver/Src/stm32l4xx_hal_pcd.c:1627:13:HAL_PCD_SetupStageCallback	0	static
../Drivers/STM32L4xx_HAL_Driver/Src/stm32l4xx_hal_pcd.c:1642:13:HAL_PCD_SOFCallback	0	static
../Drivers/STM32L4xx_HAL_Driver/Src/stm32l4xx_hal_pcd.c:1657:13:HAL_PCD_ResetCallback	0	static
../Drivers/STM32L4xx_HAL_Driver/Src/stm32l4xx_hal_pcd.c:1672:13:HAL_PCD_SuspendCallback	0	static
../Drivers/STM32L4xx_HAL_Driver/Src/stm32l4xx_hal_pcd.c:1687:13:HAL_PCD_ResumeCallback	0	static
../Drivers/STM32L4xx_HAL_Driver/Src/stm32l4xx_hal_pcd.c:1703:13:HAL_PCD_ISOOUTIncompleteCallback	0	static
../Drivers/STM32L4xx_HAL_Driver/Src/stm32l4xx_hal_pcd.c:1720:13:HAL_PCD_ISOINIncompleteCallback	0	static
../Drivers/STM32L4xx_HAL_Driver/Src/stm32l4xx_hal_pcd.c:1736:13:HAL_PCD_ConnectCallback	0	static
../Drivers/STM32L4xx_HAL_Driver/Src/stm32l4xx_hal_pcd.c:1751:13:HAL_PCD_DisconnectCallback	0	static
../Drivers/STM32L4xx_HAL_Driver/Src/stm32l4xx_hal_pcd.c:1071:6:HAL_PCD_IRQHandler	56	static
../Drivers/STM32L4xx_HAL_Driver/Src/stm32l4xx_hal_pcd.c:1785:19:HAL_PCD_DevConnect	8	static
../Drivers/STM32L4xx_HAL_Driver/Src/stm32l4xx_hal_pcd.c:1812:19:HAL_PCD_DevDisconnect	16	static
../Drivers/STM32L4xx_HAL_Driver/Src/stm32l4xx_hal_pcd.c:1840:19:HAL_PCD_SetAddress	8	static
../Drivers/STM32L4xx_HAL_Driver/Src/stm32l4xx_hal_pcd.c:1857:19:HAL_PCD_EP_Open	16	static
../Drivers/STM32L4xx_HAL_Driver/Src/stm32l4xx_hal_pcd.c:1902:19:HAL_PCD_EP_Close	8	static
../Drivers/STM32L4xx_HAL_Driver/Src/stm32l4xx_hal_pcd.c:1933:19:HAL_PCD_EP_Receive	16	static
../Drivers/STM32L4xx_HAL_Driver/Src/stm32l4xx_hal_pcd.c:1964:10:HAL_PCD_EP_GetRxCount	0	static
../Drivers/STM32L4xx_HAL_Driver/Src/stm32l4xx_hal_pcd.c:1976:19:HAL_PCD_EP_Transmit	16	static
../Drivers/STM32L4xx_HAL_Driver/Src/stm32l4xx_hal_pcd.c:2011:19:HAL_PCD_EP_SetStall	16	static
../Drivers/STM32L4xx_HAL_Driver/Src/stm32l4xx_hal_pcd.c:2054:19:HAL_PCD_EP_ClrStall	16	static
../Drivers/STM32L4xx_HAL_Driver/Src/stm32l4xx_hal_pcd.c:2090:19:HAL_PCD_EP_Abort	0	static
../Drivers/STM32L4xx_HAL_Driver/Src/stm32l4xx_hal_pcd.c:2116:19:HAL_PCD_EP_Flush	8	static
../Drivers/STM32L4xx_HAL_Driver/Src/stm32l4xx_hal_pcd.c:2139:19:HAL_PCD_ActivateRemoteWakeup	0	static
../Drivers/STM32L4xx_HAL_Driver/Src/stm32l4xx_hal_pcd.c:2149:19:HAL_PCD_DeActivateRemoteWakeup	0	static
../Drivers/STM32L4xx_HAL_Driver/Src/stm32l4xx_hal_pcd.c:2178:18:HAL_PCD_GetState	0	static
