../Drivers/STM32L4xx_HAL_Driver/Src/stm32l4xx_ll_usb.c:83:19:USB_CoreInit	16	static
../Drivers/STM32L4xx_HAL_Driver/Src/stm32l4xx_ll_usb.c:114:19:USB_SetTurnaroundTime	0	static
../Drivers/STM32L4xx_HAL_Driver/Src/stm32l4xx_ll_usb.c:193:19:USB_EnableGlobalInt	0	static
../Drivers/STM32L4xx_HAL_Driver/Src/stm32l4xx_ll_usb.c:205:19:USB_DisableGlobalInt	0	static
../Drivers/STM32L4xx_HAL_Driver/Src/stm32l4xx_ll_usb.c:220:19:USB_SetCurrentMode	16	static
../Drivers/STM32L4xx_HAL_Driver/Src/stm32l4xx_ll_usb.c:403:19:USB_FlushTxFifo	8	static
../Drivers/STM32L4xx_HAL_Driver/Src/stm32l4xx_ll_usb.c:436:19:USB_FlushRxFifo	8	static
../Drivers/STM32L4xx_HAL_Driver/Src/stm32l4xx_ll_usb.c:473:19:USB_SetDevSpeed	0	static
../Drivers/STM32L4xx_HAL_Driver/Src/stm32l4xx_ll_usb.c:267:19:USB_DevInit	32	static
../Drivers/STM32L4xx_HAL_Driver/Src/stm32l4xx_ll_usb.c:488:9:USB_GetDevSpeed	0	static
../Drivers/STM32L4xx_HAL_Driver/Src/stm32l4xx_ll_usb.c:513:19:USB_ActivateEndpoint	12	static
../Drivers/STM32L4xx_HAL_Driver/Src/stm32l4xx_ll_usb.c:551:19:USB_ActivateDedicatedEndpoint	20	static
../Drivers/STM32L4xx_HAL_Driver/Src/stm32l4xx_ll_usb.c:590:19:USB_DeactivateEndpoint	8	static
../Drivers/STM32L4xx_HAL_Driver/Src/stm32l4xx_ll_usb.c:637:19:USB_DeactivateDedicatedEndpoint	0	static
../Drivers/STM32L4xx_HAL_Driver/Src/stm32l4xx_ll_usb.c:781:19:USB_EP0StartXfer	20	static
../Drivers/STM32L4xx_HAL_Driver/Src/stm32l4xx_ll_usb.c:854:19:USB_EPStopXfer	8	static
../Drivers/STM32L4xx_HAL_Driver/Src/stm32l4xx_ll_usb.c:910:19:USB_WritePacket	0	static
../Drivers/STM32L4xx_HAL_Driver/Src/stm32l4xx_ll_usb.c:675:19:USB_EPStartXfer	24	static
../Drivers/STM32L4xx_HAL_Driver/Src/stm32l4xx_ll_usb.c:938:7:USB_ReadPacket	16	static
../Drivers/STM32L4xx_HAL_Driver/Src/stm32l4xx_ll_usb.c:980:19:USB_EPSetStall	0	static
../Drivers/STM32L4xx_HAL_Driver/Src/stm32l4xx_ll_usb.c:1011:19:USB_EPClearStall	0	static
../Drivers/STM32L4xx_HAL_Driver/Src/stm32l4xx_ll_usb.c:1040:19:USB_StopDevice	8	static
../Drivers/STM32L4xx_HAL_Driver/Src/stm32l4xx_ll_usb.c:1081:20:USB_SetDevAddress	0	static
../Drivers/STM32L4xx_HAL_Driver/Src/stm32l4xx_ll_usb.c:1096:20:USB_DevConnect	0	static
../Drivers/STM32L4xx_HAL_Driver/Src/stm32l4xx_ll_usb.c:1113:20:USB_DevDisconnect	0	static
../Drivers/STM32L4xx_HAL_Driver/Src/stm32l4xx_ll_usb.c:1130:11:USB_ReadInterrupts	0	static
../Drivers/STM32L4xx_HAL_Driver/Src/stm32l4xx_ll_usb.c:1145:10:USB_ReadDevAllOutEpInterrupt	0	static
../Drivers/STM32L4xx_HAL_Driver/Src/stm32l4xx_ll_usb.c:1161:10:USB_ReadDevAllInEpInterrupt	0	static
../Drivers/STM32L4xx_HAL_Driver/Src/stm32l4xx_ll_usb.c:1179:10:USB_ReadDevOutEPInterrupt	0	static
../Drivers/STM32L4xx_HAL_Driver/Src/stm32l4xx_ll_usb.c:1197:10:USB_ReadDevInEPInterrupt	8	static
../Drivers/STM32L4xx_HAL_Driver/Src/stm32l4xx_ll_usb.c:1218:7:USB_ClearInterrupts	0	static
../Drivers/STM32L4xx_HAL_Driver/Src/stm32l4xx_ll_usb.c:1231:10:USB_GetMode	0	static
../Drivers/STM32L4xx_HAL_Driver/Src/stm32l4xx_ll_usb.c:1241:20:USB_ActivateSetup	0	static
../Drivers/STM32L4xx_HAL_Driver/Src/stm32l4xx_ll_usb.c:1259:19:USB_EP0_OutStart	0	static
../Drivers/STM32L4xx_HAL_Driver/Src/stm32l4xx_ll_usb.c:1322:19:USB_HostInit	16	static
../Drivers/STM32L4xx_HAL_Driver/Src/stm32l4xx_ll_usb.c:1389:19:USB_InitFSLSPClkSel	8	static
../Drivers/STM32L4xx_HAL_Driver/Src/stm32l4xx_ll_usb.c:1419:19:USB_ResetPort	24	static
../Drivers/STM32L4xx_HAL_Driver/Src/stm32l4xx_ll_usb.c:1446:19:USB_DriveVbus	8	static
../Drivers/STM32L4xx_HAL_Driver/Src/stm32l4xx_ll_usb.c:1475:10:USB_GetHostSpeed	8	static
../Drivers/STM32L4xx_HAL_Driver/Src/stm32l4xx_ll_usb.c:1489:10:USB_GetCurrentFrame	0	static
../Drivers/STM32L4xx_HAL_Driver/Src/stm32l4xx_ll_usb.c:1519:19:USB_HC_Init	24	static
../Drivers/STM32L4xx_HAL_Driver/Src/stm32l4xx_ll_usb.c:1633:19:USB_HC_StartXfer	32	static
../Drivers/STM32L4xx_HAL_Driver/Src/stm32l4xx_ll_usb.c:1743:10:USB_HC_ReadInterrupt	0	static
../Drivers/STM32L4xx_HAL_Driver/Src/stm32l4xx_ll_usb.c:1757:19:USB_HC_Halt	24	static
../Drivers/STM32L4xx_HAL_Driver/Src/stm32l4xx_ll_usb.c:1828:19:USB_DoPing	0	static
../Drivers/STM32L4xx_HAL_Driver/Src/stm32l4xx_ll_usb.c:1852:19:USB_StopHost	24	static
../Drivers/STM32L4xx_HAL_Driver/Src/stm32l4xx_ll_usb.c:1915:19:USB_ActivateRemoteWakeup	0	static
../Drivers/STM32L4xx_HAL_Driver/Src/stm32l4xx_ll_usb.c:1933:19:USB_DeActivateRemoteWakeup	0	static
