../Drivers/STM32L4xx_HAL_Driver/Src/stm32l4xx_hal_opamp.c:490:13:HAL_OPAMP_MspInit	0	static
../Drivers/STM32L4xx_HAL_Driver/Src/stm32l4xx_hal_opamp.c:276:19:HAL_OPAMP_Init	16	static
../Drivers/STM32L4xx_HAL_Driver/Src/stm32l4xx_hal_opamp.c:505:13:HAL_OPAMP_MspDeInit	0	static
../Drivers/STM32L4xx_HAL_Driver/Src/stm32l4xx_hal_opamp.c:440:19:HAL_OPAMP_DeInit	8	static
../Drivers/STM32L4xx_HAL_Driver/Src/stm32l4xx_hal_opamp.c:541:19:HAL_OPAMP_Start	0	static
../Drivers/STM32L4xx_HAL_Driver/Src/stm32l4xx_hal_opamp.c:583:19:HAL_OPAMP_Stop	0	static
../Drivers/STM32L4xx_HAL_Driver/Src/stm32l4xx_hal_opamp.c:637:19:HAL_OPAMP_SelfCalibrate	32	static
../Drivers/STM32L4xx_HAL_Driver/Src/stm32l4xx_hal_opamp.c:866:19:HAL_OPAMP_Lock	0	static
../Drivers/STM32L4xx_HAL_Driver/Src/stm32l4xx_hal_opamp.c:915:32:HAL_OPAMP_GetTrimOffset	0	static
../Drivers/STM32L4xx_HAL_Driver/Src/stm32l4xx_hal_opamp.c:1002:24:HAL_OPAMP_GetState	0	static
