../Drivers/STM32L4xx_HAL_Driver/Src/stm32l4xx_hal_comp.c:526:13:HAL_COMP_MspInit	0	static
../Drivers/STM32L4xx_HAL_Driver/Src/stm32l4xx_hal_comp.c:262:19:HAL_COMP_Init	24	static
../Drivers/STM32L4xx_HAL_Driver/Src/stm32l4xx_hal_comp.c:541:13:HAL_COMP_MspDeInit	0	static
../Drivers/STM32L4xx_HAL_Driver/Src/stm32l4xx_hal_comp.c:477:19:HAL_COMP_DeInit	16	static
../Drivers/STM32L4xx_HAL_Driver/Src/stm32l4xx_hal_comp.c:735:19:HAL_COMP_Start	8	static
../Drivers/STM32L4xx_HAL_Driver/Src/stm32l4xx_hal_comp.c:787:19:HAL_COMP_Stop	0	static
../Drivers/STM32L4xx_HAL_Driver/Src/stm32l4xx_hal_comp.c:892:19:HAL_COMP_Lock	0	static
../Drivers/STM32L4xx_HAL_Driver/Src/stm32l4xx_hal_comp.c:953:10:HAL_COMP_GetOutputLevel	0	static
../Drivers/STM32L4xx_HAL_Driver/Src/stm32l4xx_hal_comp.c:967:13:HAL_COMP_TriggerCallback	0	static
../Drivers/STM32L4xx_HAL_Driver/Src/stm32l4xx_hal_comp.c:829:6:HAL_COMP_IRQHandler	8	static
../Drivers/STM32L4xx_HAL_Driver/Src/stm32l4xx_hal_comp.c:1001:23:HAL_COMP_GetState	0	static
../Drivers/STM32L4xx_HAL_Driver/Src/stm32l4xx_hal_comp.c:1021:10:HAL_COMP_GetError	0	static
