../Drivers/STM32L4xx_HAL_Driver/Src/stm32l4xx_hal_lcd.c:291:13:HAL_LCD_MspDeInit	0	static
../Drivers/STM32L4xx_HAL_Driver/Src/stm32l4xx_hal_lcd.c:261:19:HAL_LCD_DeInit	8	static
../Drivers/STM32L4xx_HAL_Driver/Src/stm32l4xx_hal_lcd.c:306:13:HAL_LCD_MspInit	0	static
../Drivers/STM32L4xx_HAL_Driver/Src/stm32l4xx_hal_lcd.c:374:19:HAL_LCD_Write	24	static
../Drivers/STM32L4xx_HAL_Driver/Src/stm32l4xx_hal_lcd.c:480:19:HAL_LCD_UpdateDisplayRequest	16	static
../Drivers/STM32L4xx_HAL_Driver/Src/stm32l4xx_hal_lcd.c:424:19:HAL_LCD_Clear	16	static
../Drivers/STM32L4xx_HAL_Driver/Src/stm32l4xx_hal_lcd.c:539:22:HAL_LCD_GetState	0	static
../Drivers/STM32L4xx_HAL_Driver/Src/stm32l4xx_hal_lcd.c:550:10:HAL_LCD_GetError	0	static
../Drivers/STM32L4xx_HAL_Driver/Src/stm32l4xx_hal_lcd.c:572:19:LCD_WaitForSynchro	16	static
../Drivers/STM32L4xx_HAL_Driver/Src/stm32l4xx_hal_lcd.c:138:19:HAL_LCD_Init	16	static
