Archive member included to satisfy reference by file (symbol)

c:/st/stm32cubeide_1.9.0/stm32cubeide/plugins/com.st.stm32cube.ide.mcu.externaltools.gnu-tools-for-stm32.10.3-2021.10.win32_1.0.0.202111181127/tools/bin/../lib/gcc/arm-none-eabi/10.3.1/../../../../arm-none-eabi/lib/thumb/v7e-m+fp/hard\libc_nano.a(lib_a-ctype_.o)
                              ./Src/usbserial.o (_ctype_)
c:/st/stm32cubeide_1.9.0/stm32cubeide/plugins/com.st.stm32cube.ide.mcu.externaltools.gnu-tools-for-stm32.10.3-2021.10.win32_1.0.0.202111181127/tools/bin/../lib/gcc/arm-none-eabi/10.3.1/../../../../arm-none-eabi/lib/thumb/v7e-m+fp/hard\libc_nano.a(lib_a-errno.o)
                              ./Src/syscalls.o (__errno)
c:/st/stm32cubeide_1.9.0/stm32cubeide/plugins/com.st.stm32cube.ide.mcu.externaltools.gnu-tools-for-stm32.10.3-2021.10.win32_1.0.0.202111181127/tools/bin/../lib/gcc/arm-none-eabi/10.3.1/../../../../arm-none-eabi/lib/thumb/v7e-m+fp/hard\libc_nano.a(lib_a-exit.o)
                              c:/st/stm32cubeide_1.9.0/stm32cubeide/plugins/com.st.stm32cube.ide.mcu.externaltools.gnu-tools-for-stm32.10.3-2021.10.win32_1.0.0.202111181127/tools/bin/../lib/gcc/arm-none-eabi/10.3.1/../../../../arm-none-eabi/lib/thumb/v7e-m+fp/hard/crt0.o (exit)
c:/st/stm32cubeide_1.9.0/stm32cubeide/plugins/com.st.stm32cube.ide.mcu.externaltools.gnu-tools-for-stm32.10.3-2021.10.win32_1.0.0.202111181127/tools/bin/../lib/gcc/arm-none-eabi/10.3.1/../../../../arm-none-eabi/lib/thumb/v7e-m+fp/hard\libc_nano.a(lib_a-findfp.o)
                              ./Middlewares/Third_Party/FreeRTOS/Source/tasks.o (__sf_fake_stderr)
c:/st/stm32cubeide_1.9.0/stm32cubeide/plugins/com.st.stm32cube.ide.mcu.externaltools.gnu-tools-for-stm32.10.3-2021.10.win32_1.0.0.202111181127/tools/bin/../lib/gcc/arm-none-eabi/10.3.1/../../../../arm-none-eabi/lib/thumb/v7e-m+fp/hard\libc_nano.a(lib_a-fwalk.o)
                              c:/st/stm32cubeide_1.9.0/stm32cubeide/plugins/com.st.stm32cube.ide.mcu.externaltools.gnu-tools-for-stm32.10.3-2021.10.win32_1.0.0.202111181127/tools/bin/../lib/gcc/arm-none-eabi/10.3.1/../../../../arm-none-eabi/lib/thumb/v7e-m+fp/hard\libc_nano.a(lib_a-findfp.o) (_fwalk)
c:/st/stm32cubeide_1.9.0/stm32cubeide/plugins/com.st.stm32cube.ide.mcu.externaltools.gnu-tools-for-stm32.10.3-2021.10.win32_1.0.0.202111181127/tools/bin/../lib/gcc/arm-none-eabi/10.3.1/../../../../arm-none-eabi/lib/thumb/v7e-m+fp/hard\libc_nano.a(lib_a-impure.o)
                              c:/st/stm32cubeide_1.9.0/stm32cubeide/plugins/com.st.stm32cube.ide.mcu.externaltools.gnu-tools-for-stm32.10.3-2021.10.win32_1.0.0.202111181127/tools/bin/../lib/gcc/arm-none-eabi/10.3.1/../../../../arm-none-eabi/lib/thumb/v7e-m+fp/hard\libc_nano.a(lib_a-exit.o) (_global_impure_ptr)
c:/st/stm32cubeide_1.9.0/stm32cubeide/plugins/com.st.stm32cube.ide.mcu.externaltools.gnu-tools-for-stm32.10.3-2021.10.win32_1.0.0.202111181127/tools/bin/../lib/gcc/arm-none-eabi/10.3.1/../../../../arm-none-eabi/lib/thumb/v7e-m+fp/hard\libc_nano.a(lib_a-init.o)
                              c:/st/stm32cubeide_1.9.0/stm32cubeide/plugins/com.st.stm32cube.ide.mcu.externaltools.gnu-tools-for-stm32.10.3-2021.10.win32_1.0.0.202111181127/tools/bin/../lib/gcc/arm-none-eabi/10.3.1/../../../../arm-none-eabi/lib/thumb/v7e-m+fp/hard/crt0.o (__libc_init_array)
c:/st/stm32cubeide_1.9.0/stm32cubeide/plugins/com.st.stm32cube.ide.mcu.externaltools.gnu-tools-for-stm32.10.3-2021.10.win32_1.0.0.202111181127/tools/bin/../lib/gcc/arm-none-eabi/10.3.1/../../../../arm-none-eabi/lib/thumb/v7e-m+fp/hard\libc_nano.a(lib_a-lock.o)
                              c:/st/stm32cubeide_1.9.0/stm32cubeide/plugins/com.st.stm32cube.ide.mcu.externaltools.gnu-tools-for-stm32.10.3-2021.10.win32_1.0.0.202111181127/tools/bin/../lib/gcc/arm-none-eabi/10.3.1/../../../../arm-none-eabi/lib/thumb/v7e-m+fp/hard\libc_nano.a(lib_a-findfp.o) (__retarget_lock_init_recursive)
c:/st/stm32cubeide_1.9.0/stm32cubeide/plugins/com.st.stm32cube.ide.mcu.externaltools.gnu-tools-for-stm32.10.3-2021.10.win32_1.0.0.202111181127/tools/bin/../lib/gcc/arm-none-eabi/10.3.1/../../../../arm-none-eabi/lib/thumb/v7e-m+fp/hard\libc_nano.a(lib_a-memcpy-stub.o)
                              ./Middlewares/Third_Party/FreeRTOS/Source/CMSIS_RTOS_V2/cmsis_os2.o (memcpy)
c:/st/stm32cubeide_1.9.0/stm32cubeide/plugins/com.st.stm32cube.ide.mcu.externaltools.gnu-tools-for-stm32.10.3-2021.10.win32_1.0.0.202111181127/tools/bin/../lib/gcc/arm-none-eabi/10.3.1/../../../../arm-none-eabi/lib/thumb/v7e-m+fp/hard\libc_nano.a(lib_a-memset.o)
                              c:/st/stm32cubeide_1.9.0/stm32cubeide/plugins/com.st.stm32cube.ide.mcu.externaltools.gnu-tools-for-stm32.10.3-2021.10.win32_1.0.0.202111181127/tools/bin/../lib/gcc/arm-none-eabi/10.3.1/../../../../arm-none-eabi/lib/thumb/v7e-m+fp/hard/crt0.o (memset)
[...]
Memory Configuration

Name             Origin             Length             Attributes
RAM              0x0000000020000000 0x0000000000050000 xrw
FLASH            0x0000000008000000 0x0000000000080000 xr
*default*        0x0000000000000000 0xffffffffffffffff

Linker script and memory map

LOAD c:/st/stm32cubeide_1.9.0/stm32cubeide/plugins/com.st.stm32cube.ide.mcu.externaltools.gnu-tools-for-stm32.10.3-2021.10.win32_1.0.0.202111181127/tools/bin/../lib/gcc/arm-none-eabi/10.3.1/thumb/v7e-m+fp/hard/crti.o
LOAD c:/st/stm32cubeide_1.9.0/stm32cubeide/plugins/com.st.stm32cube.ide.mcu.externaltools.gnu-tools-for-stm32.10.3-2021.10.win32_1.0.0.202111181127/tools/bin/../lib/gcc/arm-none-eabi/10.3.1/thumb/v7e-m+fp/hard/crtbegin.o
LOAD c:/st/stm32cubeide_1.9.0/stm32cubeide/plugins/com.st.stm32cube.ide.mcu.externaltools.gnu-tools-for-stm32.10.3-2021.10.win32_1.0.0.202111181127/tools/bin/../lib/gcc/arm-none-eabi/10.3.1/../../../../arm-none-eabi/lib/thumb/v7e-m+fp/hard/crt0.o
LOAD ./Drivers/STM32L4xx_HAL_Driver/Src/stm32l4xx_hal.o
LOAD ./Drivers/STM32L4xx_HAL_Driver/Src/stm32l4xx_hal_adc.o
LOAD ./Drivers/STM32L4xx_HAL_Driver/Src/stm32l4xx_hal_adc_ex.o
LOAD ./Drivers/STM32L4xx_HAL_Driver/Src/stm32l4xx_hal_comp.o
LOAD ./Drivers/STM32L4xx_HAL_Driver/Src/stm32l4xx_hal_cortex.o
LOAD ./Drivers/STM32L4xx_HAL_Driver/Src/stm32l4xx_hal_dac.o
LOAD ./Drivers/STM32L4xx_HAL_Driver/Src/stm32l4xx_hal_dac_ex.o
LOAD ./Drivers/STM32L4xx_HAL_Driver/Src/stm32l4xx_hal_dma.o
LOAD ./Drivers/STM32L4xx_HAL_Driver/Src/stm32l4xx_hal_dma_ex.o
LOAD ./Drivers/STM32L4xx_HAL_Driver/Src/stm32l4xx_hal_exti.o
LOAD ./Drivers/STM32L4xx_HAL_Driver/Src/stm32l4xx_hal_flash.o
LOAD ./Drivers/STM32L4xx_HAL_Driver/Src/stm32l4xx_hal_flash_ex.o
LOAD ./Drivers/STM32L4xx_HAL_Driver/Src/stm32l4xx_hal_flash_ramfunc.o
LOAD ./Drivers/STM32L4xx_HAL_Driver/Src/stm32l4xx_hal_gpio.o
LOAD ./Drivers/STM32L4xx_HAL_Driver/Src/stm32l4xx_hal_i2c.o
LOAD ./Drivers/STM32L4xx_HAL_Driver/Src/stm32l4xx_hal_i2c_ex.o
LOAD ./Drivers/STM32L4xx_HAL_Driver/Src/stm32l4xx_hal_lcd.o
LOAD ./Drivers/STM32L4xx_HAL_Driver/Src/stm32l4xx_hal_opamp.o
LOAD ./Drivers/STM32L4xx_HAL_Driver/Src/stm32l4xx_hal_opamp_ex.o
LOAD ./Drivers/STM32L4xx_HAL_Driver/Src/stm32l4xx_hal_pcd.o
LOAD ./Drivers/STM32L4xx_HAL_Driver/Src/stm32l4xx_hal_pcd_ex.o
LOAD ./Drivers/STM32L4xx_HAL_Driver/Src/stm32l4xx_hal_pwr.o
LOAD ./Drivers/STM32L4xx_HAL_Driver/Src/stm32l4xx_hal_pwr_ex.o
LOAD ./Drivers/STM32L4xx_HAL_Driver/Src/stm32l4xx_hal_rcc.o
LOAD ./Drivers/STM32L4xx_HAL_Driver/Src/stm32l4xx_hal_rcc_ex.o
LOAD ./Drivers/STM32L4xx_HAL_Driver/Src/stm32l4xx_hal_tim.o
LOAD ./Drivers/STM32L4xx_HAL_Driver/Src/stm32l4xx_hal_tim_ex.o
LOAD ./Drivers/STM32L4xx_HAL_Driver/Src/stm32l4xx_ll_exti.o
LOAD ./Drivers/STM32L4xx_HAL_Driver/Src/stm32l4xx_ll_gpio.o
LOAD ./Drivers/STM32L4xx_HAL_Driver/Src/stm32l4xx_ll_usb.o
LOAD ./Drivers/STM32L4xx_HAL_Driver/Src/stm32l4xx_ll_utils.o
LOAD ./Middlewares/ST/STM32_USB_Device_Library/Class/CDC/Src/usbd_cdc.o
LOAD ./Middlewares/ST/STM32_USB_Device_Library/Core/Src/usbd_core.o
LOAD ./Middlewares/ST/STM32_USB_Device_Library/Core/Src/usbd_ctlreq.o
LOAD ./Middlewares/ST/STM32_USB_Device_Library/Core/Src/usbd_ioreq.o
LOAD ./Middlewares/Third_Party/FreeRTOS/Source/CMSIS_RTOS_V2/cmsis_os2.o
LOAD ./Middlewares/Third_Party/FreeRTOS/Source/croutine.o
LOAD ./Middlewares/Third_Party/FreeRTOS/Source/event_groups.o
LOAD ./Middlewares/Third_Party/FreeRTOS/Source/list.o
LOAD ./Middlewares/Third_Party/FreeRTOS/Source/queue.o
LOAD ./Middlewares/Third_Party/FreeRTOS/Source/stream_buffer.o
LOAD ./Middlewares/Third_Party/FreeRTOS/Source/tasks.o
LOAD ./Middlewares/Third_Party/FreeRTOS/Source/timers.o
LOAD ./Middlewares/Third_Party/FreeRTOS/Source/portable/GCC/ARM_CM4F/port.o
LOAD ./Middlewares/Third_Party/FreeRTOS/Source/portable/MemMang/heap_4.o
LOAD ./Src/application.o
LOAD ./Src/freertos.o
LOAD ./Src/io.o
LOAD ./Src/main.o
LOAD ./Src/stm32l4xx_hal_msp.o
LOAD ./Src/stm32l4xx_hal_timebase_tim.o
LOAD ./Src/stm32l4xx_it.o
LOAD ./Src/syscalls.o
LOAD ./Src/sysmem.o
LOAD ./Src/system_stm32l4xx.o
LOAD ./Src/usb_device.o
LOAD ./Src/usbd_cdc_if.o
LOAD ./Src/usbd_conf.o
LOAD ./Src/usbd_desc.o
LOAD ./Src/usbserial.o
LOAD ./Startup/startup_stm32l496vetx.o
START GROUP
LOAD c:/st/stm32cubeide_1.9.0/stm32cubeide/plugins/com.st.stm32cube.ide.mcu.externaltools.gnu-tools-for-stm32.10.3-2021.10.win32_1.0.0.202111181127/tools/bin/../lib/gcc/arm-none-eabi/10.3.1/../../../../arm-none-eabi/lib/thumb/v7e-m+fp/hard\libc_nano.a
LOAD c:/st/stm32cubeide_1.9.0/stm32cubeide/plugins/com.st.stm32cube.ide.mcu.externaltools.gnu-tools-for-stm32.10.3-2021.10.win32_1.0.0.202111181127/tools/bin/../lib/gcc/arm-none-eabi/10.3.1/../../../../arm-none-eabi/lib/thumb/v7e-m+fp/hard\libm.a
END GROUP
START GROUP
LOAD c:/st/stm32cubeide_1.9.0/stm32cubeide/plugins/com.st.stm32cube.ide.mcu.externaltools.gnu-tools-for-stm32.10.3-2021.10.win32_1.0.0.202111181127/tools/bin/../lib/gcc/arm-none-eabi/10.3.1/thumb/v7e-m+fp/hard\libgcc.a
LOAD c:/st/stm32cubeide_1.9.0/stm32cubeide/plugins/com.st.stm32cube.ide.mcu.externaltools.gnu-tools-for-stm32.10.3-2021.10.win32_1.0.0.202111181127/tools/bin/../lib/gcc/arm-none-eabi/10.3.1/../../../../arm-none-eabi/lib/thumb/v7e-m+fp/hard\libc_nano.a
END GROUP
START GROUP
LOAD c:/st/stm32cubeide_1.9.0/stm32cubeide/plugins/com.st.stm32cube.ide.mcu.externaltools.gnu-tools-for-stm32.10.3-2021.10.win32_1.0.0.202111181127/tools/bin/../lib/gcc/arm-none-eabi/10.3.1/thumb/v7e-m+fp/hard\libgcc.a
LOAD c:/st/stm32cubeide_1.9.0/stm32cubeide/plugins/com.st.stm32cube.ide.mcu.externaltools.gnu-tools-for-stm32.10.3-2021.10.win32_1.0.0.202111181127/tools/bin/../lib/gcc/arm-none-eabi/10.3.1/../../../../arm-none-eabi/lib/thumb/v7e-m+fp/hard\libc_nano.a
LOAD c:/st/stm32cubeide_1.9.0/stm32cubeide/plugins/com.st.stm32cube.ide.mcu.externaltools.gnu-tools-for-stm32.10.3-2021.10.win32_1.0.0.202111181127/tools/bin/../lib/gcc/arm-none-eabi/10.3.1/../../../../arm-none-eabi/lib/thumb/v7e-m+fp/hard\libnosys.a
END GROUP
START GROUP
LOAD c:/st/stm32cubeide_1.9.0/stm32cubeide/plugins/com.st.stm32cube.ide.mcu.externaltools.gnu-tools-for-stm32.10.3-2021.10.win32_1.0.0.202111181127/tools/bin/../lib/gcc/arm-none-eabi/10.3.1/thumb/v7e-m+fp/hard\libgcc.a
LOAD c:/st/stm32cubeide_1.9.0/stm32cubeide/plugins/com.st.stm32cube.ide.mcu.externaltools.gnu-tools-for-stm32.10.3-2021.10.win32_1.0.0.202111181127/tools/bin/../lib/gcc/arm-none-eabi/10.3.1/../../../../arm-none-eabi/lib/thumb/v7e-m+fp/hard\libc_nano.a
LOAD c:/st/stm32cubeide_1.9.0/stm32cubeide/plugins/com.st.stm32cube.ide.mcu.externaltools.gnu-tools-for-stm32.10.3-2021.10.win32_1.0.0.202111181127/tools/bin/../lib/gcc/arm-none-eabi/10.3.1/../../../../arm-none-eabi/lib/thumb/v7e-m+fp/hard\libnosys.a
END GROUP
LOAD c:/st/stm32cubeide_1.9.0/stm32cubeide/plugins/com.st.stm32cube.ide.mcu.externaltools.gnu-tools-for-stm32.10.3-2021.10.win32_1.0.0.202111181127/tools/bin/../lib/gcc/arm-none-eabi/10.3.1/thumb/v7e-m+fp/hard/crtend.o
LOAD c:/st/stm32cubeide_1.9.0/stm32cubeide/plugins/com.st.stm32cube.ide.mcu.externaltools.gnu-tools-for-stm32.10.3-2021.10.win32_1.0.0.202111181127/tools/bin/../lib/gcc/arm-none-eabi/10.3.1/thumb/v7e-m+fp/hard/crtn.o
                0x0000000020050000                _estack = (ORIGIN (RAM) + LENGTH (RAM))
                0x0000000000000200                _Min_Heap_Size = 0x200
                0x0000000000000400                _Min_Stack_Size = 0x400

.isr_vector     0x0000000008000000      0x1ac
                0x0000000008000000                . = ALIGN (0x4)
 *(.isr_vector)
 .isr_vector    0x0000000008000000      0x1ac ./Startup/startup_stm32l496vetx.o
                0x0000000008000000                g_pfnVectors
                0x00000000080001ac                . = ALIGN (0x4)

.text           0x00000000080001b0     0x7784
                0x00000000080001b0                . = ALIGN (0x4)
 *(.text)
 .text          0x00000000080001b0       0x40 c:/st/stm32cubeide_1.9.0/stm32cubeide/plugins/com.st.stm32cube.ide.mcu.externaltools.gnu-tools-for-stm32.10.3-2021.10.win32_1.0.0.202111181127/tools/bin/../lib/gcc/arm-none-eabi/10.3.1/thumb/v7e-m+fp/hard/crtbegin.o
 .text          0x00000000080001f0       0x10 c:/st/stm32cubeide_1.9.0/stm32cubeide/plugins/com.st.stm32cube.ide.mcu.externaltools.gnu-tools-for-stm32.10.3-2021.10.win32_1.0.0.202111181127/tools/bin/../lib/gcc/arm-none-eabi/10.3.1/../../../../arm-none-eabi/lib/thumb/v7e-m+fp/hard\libc_nano.a(lib_a-strlen.o)
                0x00000000080001f0                strlen
 *(.text*)
 .text.HAL_Init
                0x0000000008000200       0x1e ./Drivers/STM32L4xx_HAL_Driver/Src/stm32l4xx_hal.o
                0x0000000008000200                HAL_Init
 *fill*         0x000000000800021e        0x2 
 .text.HAL_IncTick
                0x0000000008000220       0x18 ./Drivers/STM32L4xx_HAL_Driver/Src/stm32l4xx_hal.o
                0x0000000008000220                HAL_IncTick
 .text.HAL_GetTick
                0x0000000008000238        0xc ./Drivers/STM32L4xx_HAL_Driver/Src/stm32l4xx_hal.o
                0x0000000008000238                HAL_GetTick
 .text.HAL_Delay
                0x0000000008000244       0x28 ./Drivers/STM32L4xx_HAL_Driver/Src/stm32l4xx_hal.o
                0x0000000008000244                HAL_Delay
 .text.HAL_SYSCFG_VREFBUF_VoltageScalingConfig
                0x000000000800026c       0x14 ./Drivers/STM32L4xx_HAL_Driver/Src/stm32l4xx_hal.o
                0x000000000800026c                HAL_SYSCFG_VREFBUF_VoltageScalingConfig
 .text.HAL_SYSCFG_VREFBUF_HighImpedanceConfig
                0x0000000008000280       0x14 ./Drivers/STM32L4xx_HAL_Driver/Src/stm32l4xx_hal.o
                0x0000000008000280                HAL_SYSCFG_VREFBUF_HighImpedanceConfig
 .text.HAL_SYSCFG_EnableVREFBUF
                0x0000000008000294       0x30 ./Drivers/STM32L4xx_HAL_Driver/Src/stm32l4xx_hal.o
                0x0000000008000294                HAL_SYSCFG_EnableVREFBUF
 .text.LL_ADC_SetChannelSamplingTime
                0x00000000080002c4       0x22 ./Drivers/STM32L4xx_HAL_Driver/Src/stm32l4xx_hal_adc.o
 .text.LL_ADC_REG_IsConversionOngoing
                0x00000000080002e6        0x8 ./Drivers/STM32L4xx_HAL_Driver/Src/stm32l4xx_hal_adc.o
 *fill*         0x00000000080002ee        0x2 
 .text.HAL_ADC_Init
                0x00000000080002f0      0x1bc ./Drivers/STM32L4xx_HAL_Driver/Src/stm32l4xx_hal_adc.o
                0x00000000080002f0                HAL_ADC_Init
 .text.HAL_ADC_ConfigChannel
                0x00000000080004ac      0x39c ./Drivers/STM32L4xx_HAL_Driver/Src/stm32l4xx_hal_adc.o
                0x00000000080004ac                HAL_ADC_ConfigChannel
 .text.LL_ADC_REG_IsConversionOngoing
                0x0000000008000848        0x8 ./Drivers/STM32L4xx_HAL_Driver/Src/stm32l4xx_hal_adc_ex.o
 .text.HAL_ADCEx_MultiModeConfigChannel
                0x0000000008000850       0xd8 ./Drivers/STM32L4xx_HAL_Driver/Src/stm32l4xx_hal_adc_ex.o
                0x0000000008000850                HAL_ADCEx_MultiModeConfigChannel
 .text.HAL_COMP_Init
                0x0000000008000928      0x134 ./Drivers/STM32L4xx_HAL_Driver/Src/stm32l4xx_hal_comp.o
                0x0000000008000928                HAL_COMP_Init
 .text.HAL_NVIC_SetPriorityGrouping
                0x0000000008000a5c       0x24 ./Drivers/STM32L4xx_HAL_Driver/Src/stm32l4xx_hal_cortex.o
                0x0000000008000a5c                HAL_NVIC_SetPriorityGrouping
 .text.HAL_NVIC_SetPriority
                0x0000000008000a80       0x64 ./Drivers/STM32L4xx_HAL_Driver/Src/stm32l4xx_hal_cortex.o
                0x0000000008000a80                HAL_NVIC_SetPriority
 .text.HAL_NVIC_EnableIRQ
                0x0000000008000ae4       0x1c ./Drivers/STM32L4xx_HAL_Driver/Src/stm32l4xx_hal_cortex.o
                0x0000000008000ae4                HAL_NVIC_EnableIRQ
 .text.HAL_DAC_Init
                0x0000000008000b00       0x26 ./Drivers/STM32L4xx_HAL_Driver/Src/stm32l4xx_hal_dac.o
                0x0000000008000b00                HAL_DAC_Init
 .text.HAL_DAC_ConfigChannel
                0x0000000008000b26      0x112 ./Drivers/STM32L4xx_HAL_Driver/Src/stm32l4xx_hal_dac.o
                0x0000000008000b26                HAL_DAC_ConfigChannel
 .text.HAL_GPIO_Init
                0x0000000008000c38      0x1b4 ./Drivers/STM32L4xx_HAL_Driver/Src/stm32l4xx_hal_gpio.o
                0x0000000008000c38                HAL_GPIO_Init
 .text.HAL_GPIO_WritePin
                0x0000000008000dec        0xa ./Drivers/STM32L4xx_HAL_Driver/Src/stm32l4xx_hal_gpio.o
                0x0000000008000dec                HAL_GPIO_WritePin
 .text.LCD_WaitForSynchro
                0x0000000008000df6       0x2a ./Drivers/STM32L4xx_HAL_Driver/Src/stm32l4xx_hal_lcd.o
                0x0000000008000df6                LCD_WaitForSynchro
 .text.HAL_LCD_Init
                0x0000000008000e20       0xf6 ./Drivers/STM32L4xx_HAL_Driver/Src/stm32l4xx_hal_lcd.o
                0x0000000008000e20                HAL_LCD_Init
 *fill*         0x0000000008000f16        0x2 
 .text.HAL_OPAMP_Init
                0x0000000008000f18       0xfc ./Drivers/STM32L4xx_HAL_Driver/Src/stm32l4xx_hal_opamp.o
                0x0000000008000f18                HAL_OPAMP_Init
 .text.HAL_PCD_Init
                0x0000000008001014      0x116 ./Drivers/STM32L4xx_HAL_Driver/Src/stm32l4xx_hal_pcd.o
                0x0000000008001014                HAL_PCD_Init
 .text.HAL_PCD_Start
                0x000000000800112a       0x38 ./Drivers/STM32L4xx_HAL_Driver/Src/stm32l4xx_hal_pcd.o
                0x000000000800112a                HAL_PCD_Start
 *fill*         0x0000000008001162        0x2 
 .text.HAL_PCD_IRQHandler
                0x0000000008001164      0x4e4 ./Drivers/STM32L4xx_HAL_Driver/Src/stm32l4xx_hal_pcd.o
                0x0000000008001164                HAL_PCD_IRQHandler
 .text.HAL_PCD_SetAddress
                0x0000000008001648       0x28 ./Drivers/STM32L4xx_HAL_Driver/Src/stm32l4xx_hal_pcd.o
                0x0000000008001648                HAL_PCD_SetAddress
 .text.HAL_PCD_EP_Open
                0x0000000008001670       0x70 ./Drivers/STM32L4xx_HAL_Driver/Src/stm32l4xx_hal_pcd.o
                0x0000000008001670                HAL_PCD_EP_Open
 .text.HAL_PCD_EP_Close
                0x00000000080016e0       0x5e ./Drivers/STM32L4xx_HAL_Driver/Src/stm32l4xx_hal_pcd.o
                0x00000000080016e0                HAL_PCD_EP_Close
 .text.HAL_PCD_EP_Receive
                0x000000000800173e       0x3c ./Drivers/STM32L4xx_HAL_Driver/Src/stm32l4xx_hal_pcd.o
                0x000000000800173e                HAL_PCD_EP_Receive
 .text.HAL_PCD_EP_GetRxCount
                0x000000000800177a       0x10 ./Drivers/STM32L4xx_HAL_Driver/Src/stm32l4xx_hal_pcd.o
                0x000000000800177a                HAL_PCD_EP_GetRxCount
 .text.HAL_PCD_EP_Transmit
                0x000000000800178a       0x36 ./Drivers/STM32L4xx_HAL_Driver/Src/stm32l4xx_hal_pcd.o
                0x000000000800178a                HAL_PCD_EP_Transmit
 .text.HAL_PCD_EP_SetStall
                0x00000000080017c0       0x6e ./Drivers/STM32L4xx_HAL_Driver/Src/stm32l4xx_hal_pcd.o
                0x00000000080017c0                HAL_PCD_EP_SetStall
 .text.HAL_PCD_EP_ClrStall
                0x000000000800182e       0x6c ./Drivers/STM32L4xx_HAL_Driver/Src/stm32l4xx_hal_pcd.o
                0x000000000800182e                HAL_PCD_EP_ClrStall
 .text.HAL_PCDEx_SetTxFiFo
                0x000000000800189a       0x40 ./Drivers/STM32L4xx_HAL_Driver/Src/stm32l4xx_hal_pcd_ex.o
                0x000000000800189a                HAL_PCDEx_SetTxFiFo
 .text.HAL_PCDEx_SetRxFiFo
                0x00000000080018da        0x8 ./Drivers/STM32L4xx_HAL_Driver/Src/stm32l4xx_hal_pcd_ex.o
                0x00000000080018da                HAL_PCDEx_SetRxFiFo
 .text.HAL_PCDEx_ActivateLPM
                0x00000000080018e2       0x26 ./Drivers/STM32L4xx_HAL_Driver/Src/stm32l4xx_hal_pcd_ex.o
                0x00000000080018e2                HAL_PCDEx_ActivateLPM
 .text.HAL_PCDEx_LPM_Callback
                0x0000000008001908        0x2 ./Drivers/STM32L4xx_HAL_Driver/Src/stm32l4xx_hal_pcd_ex.o
                0x0000000008001908                HAL_PCDEx_LPM_Callback
 *fill*         0x000000000800190a        0x2 
 .text.HAL_PWREx_GetVoltageRange
                0x000000000800190c       0x10 ./Drivers/STM32L4xx_HAL_Driver/Src/stm32l4xx_hal_pwr_ex.o
                0x000000000800190c                HAL_PWREx_GetVoltageRange
 .text.HAL_PWREx_ControlVoltageScaling
                0x000000000800191c       0x6c ./Drivers/STM32L4xx_HAL_Driver/Src/stm32l4xx_hal_pwr_ex.o
                0x000000000800191c                HAL_PWREx_ControlVoltageScaling
 .text.HAL_PWREx_EnableVddUSB
                0x0000000008001988       0x10 ./Drivers/STM32L4xx_HAL_Driver/Src/stm32l4xx_hal_pwr_ex.o
                0x0000000008001988                HAL_PWREx_EnableVddUSB
 .text.RCC_SetFlashLatencyFromMSIRange
                0x0000000008001998       0x84 ./Drivers/STM32L4xx_HAL_Driver/Src/stm32l4xx_hal_rcc.o
 .text.HAL_RCC_GetSysClockFreq
                0x0000000008001a1c       0x9c ./Drivers/STM32L4xx_HAL_Driver/Src/stm32l4xx_hal_rcc.o
                0x0000000008001a1c                HAL_RCC_GetSysClockFreq
 .text.HAL_RCC_OscConfig
                0x0000000008001ab8      0x55c ./Drivers/STM32L4xx_HAL_Driver/Src/stm32l4xx_hal_rcc.o
                0x0000000008001ab8                HAL_RCC_OscConfig
 .text.HAL_RCC_ClockConfig
                0x0000000008002014      0x128 ./Drivers/STM32L4xx_HAL_Driver/Src/stm32l4xx_hal_rcc.o
                0x0000000008002014                HAL_RCC_ClockConfig
 .text.HAL_RCC_GetHCLKFreq
                0x000000000800213c        0xc ./Drivers/STM32L4xx_HAL_Driver/Src/stm32l4xx_hal_rcc.o
                0x000000000800213c                HAL_RCC_GetHCLKFreq
 .text.HAL_RCC_GetPCLK2Freq
                0x0000000008002148       0x24 ./Drivers/STM32L4xx_HAL_Driver/Src/stm32l4xx_hal_rcc.o
                0x0000000008002148                HAL_RCC_GetPCLK2Freq
 .text.HAL_RCC_GetClockConfig
                0x000000000800216c       0x3c ./Drivers/STM32L4xx_HAL_Driver/Src/stm32l4xx_hal_rcc.o
                0x000000000800216c                HAL_RCC_GetClockConfig
 .text.RCCEx_PLLSAI1_Config
                0x00000000080021a8      0x114 ./Drivers/STM32L4xx_HAL_Driver/Src/stm32l4xx_hal_rcc_ex.o
 .text.RCCEx_PLLSAI2_Config
                0x00000000080022bc       0xf4 ./Drivers/STM32L4xx_HAL_Driver/Src/stm32l4xx_hal_rcc_ex.o
 .text.HAL_RCCEx_PeriphCLKConfig
                0x00000000080023b0      0x3f0 ./Drivers/STM32L4xx_HAL_Driver/Src/stm32l4xx_hal_rcc_ex.o
                0x00000000080023b0                HAL_RCCEx_PeriphCLKConfig
 .text.HAL_TIM_Base_MspInit
                0x00000000080027a0        0x2 ./Drivers/STM32L4xx_HAL_Driver/Src/stm32l4xx_hal_tim.o
                0x00000000080027a0                HAL_TIM_Base_MspInit
 *fill*         0x00000000080027a2        0x2 
 .text.HAL_TIM_Base_Start_IT
                0x00000000080027a4       0x74 ./Drivers/STM32L4xx_HAL_Driver/Src/stm32l4xx_hal_tim.o
                0x00000000080027a4                HAL_TIM_Base_Start_IT
 .text.HAL_TIM_OC_DelayElapsedCallback
                0x0000000008002818        0x2 ./Drivers/STM32L4xx_HAL_Driver/Src/stm32l4xx_hal_tim.o
                0x0000000008002818                HAL_TIM_OC_DelayElapsedCallback
 .text.HAL_TIM_IC_CaptureCallback
                0x000000000800281a        0x2 ./Drivers/STM32L4xx_HAL_Driver/Src/stm32l4xx_hal_tim.o
                0x000000000800281a                HAL_TIM_IC_CaptureCallback
 .text.HAL_TIM_PWM_PulseFinishedCallback
                0x000000000800281c        0x2 ./Drivers/STM32L4xx_HAL_Driver/Src/stm32l4xx_hal_tim.o
                0x000000000800281c                HAL_TIM_PWM_PulseFinishedCallback
 .text.HAL_TIM_TriggerCallback
                0x000000000800281e        0x2 ./Drivers/STM32L4xx_HAL_Driver/Src/stm32l4xx_hal_tim.o
                0x000000000800281e                HAL_TIM_TriggerCallback
 .text.HAL_TIM_IRQHandler
                0x0000000008002820      0x160 ./Drivers/STM32L4xx_HAL_Driver/Src/stm32l4xx_hal_tim.o
                0x0000000008002820                HAL_TIM_IRQHandler
 .text.TIM_Base_SetConfig
                0x0000000008002980       0xcc ./Drivers/STM32L4xx_HAL_Driver/Src/stm32l4xx_hal_tim.o
                0x0000000008002980                TIM_Base_SetConfig
 .text.HAL_TIM_Base_Init
                0x0000000008002a4c       0x60 ./Drivers/STM32L4xx_HAL_Driver/Src/stm32l4xx_hal_tim.o
                0x0000000008002a4c                HAL_TIM_Base_Init
 .text.HAL_TIMEx_CommutCallback
                0x0000000008002aac        0x2 ./Drivers/STM32L4xx_HAL_Driver/Src/stm32l4xx_hal_tim_ex.o
                0x0000000008002aac                HAL_TIMEx_CommutCallback
 .text.HAL_TIMEx_BreakCallback
                0x0000000008002aae        0x2 ./Drivers/STM32L4xx_HAL_Driver/Src/stm32l4xx_hal_tim_ex.o
                0x0000000008002aae                HAL_TIMEx_BreakCallback
 .text.HAL_TIMEx_Break2Callback
                0x0000000008002ab0        0x2 ./Drivers/STM32L4xx_HAL_Driver/Src/stm32l4xx_hal_tim_ex.o
                0x0000000008002ab0                HAL_TIMEx_Break2Callback
 *fill*         0x0000000008002ab2        0x2 
 .text.LL_EXTI_Init
                0x0000000008002ab4      0x144 ./Drivers/STM32L4xx_HAL_Driver/Src/stm32l4xx_ll_exti.o
                0x0000000008002ab4                LL_EXTI_Init
 .text.LL_GPIO_Init
                0x0000000008002bf8      0x136 ./Drivers/STM32L4xx_HAL_Driver/Src/stm32l4xx_ll_gpio.o
                0x0000000008002bf8                LL_GPIO_Init
 *fill*         0x0000000008002d2e        0x2 
 .text.USB_CoreInit
                0x0000000008002d30       0x70 ./Drivers/STM32L4xx_HAL_Driver/Src/stm32l4xx_ll_usb.o
                0x0000000008002d30                USB_CoreInit
 .text.USB_SetTurnaroundTime
                0x0000000008002da0       0xe0 ./Drivers/STM32L4xx_HAL_Driver/Src/stm32l4xx_ll_usb.o
                0x0000000008002da0                USB_SetTurnaroundTime
 .text.USB_EnableGlobalInt
                0x0000000008002e80        0xc ./Drivers/STM32L4xx_HAL_Driver/Src/stm32l4xx_ll_usb.o
                0x0000000008002e80                USB_EnableGlobalInt
 .text.USB_DisableGlobalInt
                0x0000000008002e8c        0xc ./Drivers/STM32L4xx_HAL_Driver/Src/stm32l4xx_ll_usb.o
                0x0000000008002e8c                USB_DisableGlobalInt
 .text.USB_SetCurrentMode
                0x0000000008002e98       0x60 ./Drivers/STM32L4xx_HAL_Driver/Src/stm32l4xx_ll_usb.o
                0x0000000008002e98                USB_SetCurrentMode
 .text.USB_FlushTxFifo
                0x0000000008002ef8       0x48 ./Drivers/STM32L4xx_HAL_Driver/Src/stm32l4xx_ll_usb.o
                0x0000000008002ef8                USB_FlushTxFifo
 .text.USB_FlushRxFifo
                0x0000000008002f40       0x44 ./Drivers/STM32L4xx_HAL_Driver/Src/stm32l4xx_ll_usb.o
                0x0000000008002f40                USB_FlushRxFifo
 .text.USB_SetDevSpeed
                0x0000000008002f84        0xe ./Drivers/STM32L4xx_HAL_Driver/Src/stm32l4xx_ll_usb.o
                0x0000000008002f84                USB_SetDevSpeed
 *fill*         0x0000000008002f92        0x2 
 .text.USB_DevInit
                0x0000000008002f94      0x150 ./Drivers/STM32L4xx_HAL_Driver/Src/stm32l4xx_ll_usb.o
                0x0000000008002f94                USB_DevInit
 .text.USB_GetDevSpeed
                0x00000000080030e4       0x14 ./Drivers/STM32L4xx_HAL_Driver/Src/stm32l4xx_ll_usb.o
                0x00000000080030e4                USB_GetDevSpeed
 .text.USB_ActivateEndpoint
                0x00000000080030f8       0x7c ./Drivers/STM32L4xx_HAL_Driver/Src/stm32l4xx_ll_usb.o
                0x00000000080030f8                USB_ActivateEndpoint
 .text.USB_DeactivateEndpoint
                0x0000000008003174       0xac ./Drivers/STM32L4xx_HAL_Driver/Src/stm32l4xx_ll_usb.o
                0x0000000008003174                USB_DeactivateEndpoint
 .text.USB_EP0StartXfer
                0x0000000008003220       0xc8 ./Drivers/STM32L4xx_HAL_Driver/Src/stm32l4xx_ll_usb.o
                0x0000000008003220                USB_EP0StartXfer
 .text.USB_WritePacket
                0x00000000080032e8       0x1e ./Drivers/STM32L4xx_HAL_Driver/Src/stm32l4xx_ll_usb.o
                0x00000000080032e8                USB_WritePacket
 *fill*         0x0000000008003306        0x2 
 .text.USB_EPStartXfer
                0x0000000008003308      0x164 ./Drivers/STM32L4xx_HAL_Driver/Src/stm32l4xx_ll_usb.o
                0x0000000008003308                USB_EPStartXfer
 .text.USB_ReadPacket
                0x000000000800346c       0x40 ./Drivers/STM32L4xx_HAL_Driver/Src/stm32l4xx_ll_usb.o
                0x000000000800346c                USB_ReadPacket
 .text.USB_EPSetStall
                0x00000000080034ac       0x56 ./Drivers/STM32L4xx_HAL_Driver/Src/stm32l4xx_ll_usb.o
                0x00000000080034ac                USB_EPSetStall
 .text.USB_EPClearStall
                0x0000000008003502       0x52 ./Drivers/STM32L4xx_HAL_Driver/Src/stm32l4xx_ll_usb.o
                0x0000000008003502                USB_EPClearStall
 .text.USB_SetDevAddress
                0x0000000008003554       0x20 ./Drivers/STM32L4xx_HAL_Driver/Src/stm32l4xx_ll_usb.o
                0x0000000008003554                USB_SetDevAddress
 .text.USB_DevConnect
                0x0000000008003574       0x1c ./Drivers/STM32L4xx_HAL_Driver/Src/stm32l4xx_ll_usb.o
                0x0000000008003574                USB_DevConnect
 .text.USB_DevDisconnect
                0x0000000008003590       0x1c ./Drivers/STM32L4xx_HAL_Driver/Src/stm32l4xx_ll_usb.o
                0x0000000008003590                USB_DevDisconnect
 .text.USB_ReadInterrupts
                0x00000000080035ac        0x8 ./Drivers/STM32L4xx_HAL_Driver/Src/stm32l4xx_ll_usb.o
                0x00000000080035ac                USB_ReadInterrupts
 .text.USB_ReadDevAllOutEpInterrupt
                0x00000000080035b4       0x10 ./Drivers/STM32L4xx_HAL_Driver/Src/stm32l4xx_ll_usb.o
                0x00000000080035b4                USB_ReadDevAllOutEpInterrupt
 .text.USB_ReadDevAllInEpInterrupt
                0x00000000080035c4       0x10 ./Drivers/STM32L4xx_HAL_Driver/Src/stm32l4xx_ll_usb.o
                0x00000000080035c4                USB_ReadDevAllInEpInterrupt
 .text.USB_ReadDevOutEPInterrupt
                0x00000000080035d4       0x12 ./Drivers/STM32L4xx_HAL_Driver/Src/stm32l4xx_ll_usb.o
                0x00000000080035d4                USB_ReadDevOutEPInterrupt
 .text.USB_ReadDevInEPInterrupt
                0x00000000080035e6       0x24 ./Drivers/STM32L4xx_HAL_Driver/Src/stm32l4xx_ll_usb.o
                0x00000000080035e6                USB_ReadDevInEPInterrupt
 .text.USB_GetMode
                0x000000000800360a        0x8 ./Drivers/STM32L4xx_HAL_Driver/Src/stm32l4xx_ll_usb.o
                0x000000000800360a                USB_GetMode
 .text.USB_ActivateSetup
                0x0000000008003612       0x20 ./Drivers/STM32L4xx_HAL_Driver/Src/stm32l4xx_ll_usb.o
                0x0000000008003612                USB_ActivateSetup
 *fill*         0x0000000008003632        0x2 
 .text.USB_EP0_OutStart
                0x0000000008003634       0x38 ./Drivers/STM32L4xx_HAL_Driver/Src/stm32l4xx_ll_usb.o
                0x0000000008003634                USB_EP0_OutStart
 .text.USBD_CDC_EP0_RxReady
                0x000000000800366c       0x2e ./Middlewares/ST/STM32_USB_Device_Library/Class/CDC/Src/usbd_cdc.o
 *fill*         0x000000000800369a        0x2 
 .text.USBD_CDC_GetFSCfgDesc
                0x000000000800369c        0xc ./Middlewares/ST/STM32_USB_Device_Library/Class/CDC/Src/usbd_cdc.o
 .text.USBD_CDC_GetHSCfgDesc
                0x00000000080036a8        0xc ./Middlewares/ST/STM32_USB_Device_Library/Class/CDC/Src/usbd_cdc.o
 .text.USBD_CDC_GetOtherSpeedCfgDesc
                0x00000000080036b4        0xc ./Middlewares/ST/STM32_USB_Device_Library/Class/CDC/Src/usbd_cdc.o
 .text.USBD_CDC_GetDeviceQualifierDescriptor
                0x00000000080036c0        0xc ./Middlewares/ST/STM32_USB_Device_Library/Class/CDC/Src/usbd_cdc.o
                0x00000000080036c0                USBD_CDC_GetDeviceQualifierDescriptor
 .text.USBD_CDC_DataOut
                0x00000000080036cc       0x2a ./Middlewares/ST/STM32_USB_Device_Library/Class/CDC/Src/usbd_cdc.o
 .text.USBD_CDC_DataIn
                0x00000000080036f6       0x5e ./Middlewares/ST/STM32_USB_Device_Library/Class/CDC/Src/usbd_cdc.o
 .text.USBD_CDC_Setup
                0x0000000008003754       0xf8 ./Middlewares/ST/STM32_USB_Device_Library/Class/CDC/Src/usbd_cdc.o
 .text.USBD_CDC_DeInit
                0x000000000800384c       0x42 ./Middlewares/ST/STM32_USB_Device_Library/Class/CDC/Src/usbd_cdc.o
 .text.USBD_CDC_Init
                0x000000000800388e       0xa6 ./Middlewares/ST/STM32_USB_Device_Library/Class/CDC/Src/usbd_cdc.o
 .text.USBD_CDC_RegisterInterface
                0x0000000008003934        0xe ./Middlewares/ST/STM32_USB_Device_Library/Class/CDC/Src/usbd_cdc.o
                0x0000000008003934                USBD_CDC_RegisterInterface
 .text.USBD_CDC_SetTxBuffer
                0x0000000008003942       0x16 ./Middlewares/ST/STM32_USB_Device_Library/Class/CDC/Src/usbd_cdc.o
                0x0000000008003942                USBD_CDC_SetTxBuffer
 .text.USBD_CDC_SetRxBuffer
                0x0000000008003958       0x12 ./Middlewares/ST/STM32_USB_Device_Library/Class/CDC/Src/usbd_cdc.o
                0x0000000008003958                USBD_CDC_SetRxBuffer
 .text.USBD_CDC_TransmitPacket
                0x000000000800396a       0x30 ./Middlewares/ST/STM32_USB_Device_Library/Class/CDC/Src/usbd_cdc.o
                0x000000000800396a                USBD_CDC_TransmitPacket
 .text.USBD_CDC_ReceivePacket
                0x000000000800399a       0x2e ./Middlewares/ST/STM32_USB_Device_Library/Class/CDC/Src/usbd_cdc.o
                0x000000000800399a                USBD_CDC_ReceivePacket
 .text.USBD_Init
                0x00000000080039c8       0x26 ./Middlewares/ST/STM32_USB_Device_Library/Core/Src/usbd_core.o
                0x00000000080039c8                USBD_Init
 .text.USBD_RegisterClass
                0x00000000080039ee       0x2c ./Middlewares/ST/STM32_USB_Device_Library/Core/Src/usbd_core.o
                0x00000000080039ee                USBD_RegisterClass
 .text.USBD_Start
                0x0000000008003a1a        0x4 ./Middlewares/ST/STM32_USB_Device_Library/Core/Src/usbd_core.o
                0x0000000008003a1a                USBD_Start
 .text.USBD_SetClassConfig
                0x0000000008003a1e        0xe ./Middlewares/ST/STM32_USB_Device_Library/Core/Src/usbd_core.o
                0x0000000008003a1e                USBD_SetClassConfig
 .text.USBD_ClrClassConfig
                0x0000000008003a2c       0x10 ./Middlewares/ST/STM32_USB_Device_Library/Core/Src/usbd_core.o
                0x0000000008003a2c                USBD_ClrClassConfig
 .text.USBD_LL_SetupStage
                0x0000000008003a3c       0x60 ./Middlewares/ST/STM32_USB_Device_Library/Core/Src/usbd_core.o
                0x0000000008003a3c                USBD_LL_SetupStage
 .text.USBD_LL_DataOutStage
                0x0000000008003a9c       0x60 ./Middlewares/ST/STM32_USB_Device_Library/Core/Src/usbd_core.o
                0x0000000008003a9c                USBD_LL_DataOutStage
 .text.USBD_LL_DataInStage
                0x0000000008003afc       0xa4 ./Middlewares/ST/STM32_USB_Device_Library/Core/Src/usbd_core.o
                0x0000000008003afc                USBD_LL_DataInStage
 .text.USBD_LL_Reset
                0x0000000008003ba0       0x58 ./Middlewares/ST/STM32_USB_Device_Library/Core/Src/usbd_core.o
                0x0000000008003ba0                USBD_LL_Reset
 .text.USBD_LL_SetSpeed
                0x0000000008003bf8        0x6 ./Middlewares/ST/STM32_USB_Device_Library/Core/Src/usbd_core.o
                0x0000000008003bf8                USBD_LL_SetSpeed
 .text.USBD_LL_Suspend
                0x0000000008003bfe       0x14 ./Middlewares/ST/STM32_USB_Device_Library/Core/Src/usbd_core.o
                0x0000000008003bfe                USBD_LL_Suspend
 .text.USBD_LL_Resume
                0x0000000008003c12       0x16 ./Middlewares/ST/STM32_USB_Device_Library/Core/Src/usbd_core.o
                0x0000000008003c12                USBD_LL_Resume
 .text.USBD_LL_SOF
                0x0000000008003c28       0x22 ./Middlewares/ST/STM32_USB_Device_Library/Core/Src/usbd_core.o
                0x0000000008003c28                USBD_LL_SOF
 .text.USBD_LL_IsoINIncomplete
                0x0000000008003c4a       0x22 ./Middlewares/ST/STM32_USB_Device_Library/Core/Src/usbd_core.o
                0x0000000008003c4a                USBD_LL_IsoINIncomplete
 .text.USBD_LL_IsoOUTIncomplete
                0x0000000008003c6c       0x22 ./Middlewares/ST/STM32_USB_Device_Library/Core/Src/usbd_core.o
                0x0000000008003c6c                USBD_LL_IsoOUTIncomplete
 .text.USBD_LL_DevConnected
                0x0000000008003c8e        0x4 ./Middlewares/ST/STM32_USB_Device_Library/Core/Src/usbd_core.o
                0x0000000008003c8e                USBD_LL_DevConnected
 .text.USBD_LL_DevDisconnected
                0x0000000008003c92       0x18 ./Middlewares/ST/STM32_USB_Device_Library/Core/Src/usbd_core.o
                0x0000000008003c92                USBD_LL_DevDisconnected
 .text.USBD_CtlError.constprop.0
                0x0000000008003caa       0x16 ./Middlewares/ST/STM32_USB_Device_Library/Core/Src/usbd_ctlreq.o
 .text.USBD_StdDevReq
                0x0000000008003cc0      0x284 ./Middlewares/ST/STM32_USB_Device_Library/Core/Src/usbd_ctlreq.o
                0x0000000008003cc0                USBD_StdDevReq
 .text.USBD_StdItfReq
                0x0000000008003f44       0x4c ./Middlewares/ST/STM32_USB_Device_Library/Core/Src/usbd_ctlreq.o
                0x0000000008003f44                USBD_StdItfReq
 .text.USBD_StdEPReq
                0x0000000008003f90      0x120 ./Middlewares/ST/STM32_USB_Device_Library/Core/Src/usbd_ctlreq.o
                0x0000000008003f90                USBD_StdEPReq
 .text.USBD_ParseSetupRequest
                0x00000000080040b0       0x16 ./Middlewares/ST/STM32_USB_Device_Library/Core/Src/usbd_ctlreq.o
                0x00000000080040b0                USBD_ParseSetupRequest
 .text.USBD_CtlError
                0x00000000080040c6       0x16 ./Middlewares/ST/STM32_USB_Device_Library/Core/Src/usbd_ctlreq.o
                0x00000000080040c6                USBD_CtlError
 .text.USBD_GetString
                0x00000000080040dc       0x38 ./Middlewares/ST/STM32_USB_Device_Library/Core/Src/usbd_ctlreq.o
                0x00000000080040dc                USBD_GetString
 .text.USBD_CtlSendData
                0x0000000008004114       0x1a ./Middlewares/ST/STM32_USB_Device_Library/Core/Src/usbd_ioreq.o
                0x0000000008004114                USBD_CtlSendData
 .text.USBD_CtlContinueSendData
                0x000000000800412e       0x10 ./Middlewares/ST/STM32_USB_Device_Library/Core/Src/usbd_ioreq.o
                0x000000000800412e                USBD_CtlContinueSendData
 .text.USBD_CtlPrepareRx
                0x000000000800413e       0x1a ./Middlewares/ST/STM32_USB_Device_Library/Core/Src/usbd_ioreq.o
                0x000000000800413e                USBD_CtlPrepareRx
 .text.USBD_CtlContinueRx
                0x0000000008004158       0x10 ./Middlewares/ST/STM32_USB_Device_Library/Core/Src/usbd_ioreq.o
                0x0000000008004158                USBD_CtlContinueRx
 .text.USBD_CtlSendStatus
                0x0000000008004168       0x16 ./Middlewares/ST/STM32_USB_Device_Library/Core/Src/usbd_ioreq.o
                0x0000000008004168                USBD_CtlSendStatus
 .text.USBD_CtlReceiveStatus
                0x000000000800417e       0x16 ./Middlewares/ST/STM32_USB_Device_Library/Core/Src/usbd_ioreq.o
                0x000000000800417e                USBD_CtlReceiveStatus
 .text.SysTick_Handler
                0x0000000008004194       0x1a ./Middlewares/Third_Party/FreeRTOS/Source/CMSIS_RTOS_V2/cmsis_os2.o
                0x0000000008004194                SysTick_Handler
 *fill*         0x00000000080041ae        0x2 
 .text.osKernelInitialize
                0x00000000080041b0       0x24 ./Middlewares/Third_Party/FreeRTOS/Source/CMSIS_RTOS_V2/cmsis_os2.o
                0x00000000080041b0                osKernelInitialize
 .text.osKernelStart
                0x00000000080041d4       0x34 ./Middlewares/Third_Party/FreeRTOS/Source/CMSIS_RTOS_V2/cmsis_os2.o
                0x00000000080041d4                osKernelStart
 .text.osThreadNew
                0x0000000008004208       0x92 ./Middlewares/Third_Party/FreeRTOS/Source/CMSIS_RTOS_V2/cmsis_os2.o
                0x0000000008004208                osThreadNew
 .text.osThreadFlagsSet
                0x000000000800429a       0x74 ./Middlewares/Third_Party/FreeRTOS/Source/CMSIS_RTOS_V2/cmsis_os2.o
                0x000000000800429a                osThreadFlagsSet
 .text.osThreadFlagsWait
                0x000000000800430e       0x98 ./Middlewares/Third_Party/FreeRTOS/Source/CMSIS_RTOS_V2/cmsis_os2.o
                0x000000000800430e                osThreadFlagsWait
 .text.osDelay  0x00000000080043a6       0x18 ./Middlewares/Third_Party/FreeRTOS/Source/CMSIS_RTOS_V2/cmsis_os2.o
                0x00000000080043a6                osDelay
 .text.osMessageQueueNew
                0x00000000080043be       0x76 ./Middlewares/Third_Party/FreeRTOS/Source/CMSIS_RTOS_V2/cmsis_os2.o
                0x00000000080043be                osMessageQueueNew
 .text.vApplicationGetIdleTaskMemory
                0x0000000008004434       0x18 ./Middlewares/Third_Party/FreeRTOS/Source/CMSIS_RTOS_V2/cmsis_os2.o
                0x0000000008004434                vApplicationGetIdleTaskMemory
 .text.vApplicationGetTimerTaskMemory
                0x000000000800444c       0x18 ./Middlewares/Third_Party/FreeRTOS/Source/CMSIS_RTOS_V2/cmsis_os2.o
                0x000000000800444c                vApplicationGetTimerTaskMemory
 .text.vListInitialise
                0x0000000008004464       0x16 ./Middlewares/Third_Party/FreeRTOS/Source/list.o
                0x0000000008004464                vListInitialise
 .text.vListInitialiseItem
                0x000000000800447a        0x6 ./Middlewares/Third_Party/FreeRTOS/Source/list.o
                0x000000000800447a                vListInitialiseItem
 .text.vListInsertEnd
                0x0000000008004480       0x18 ./Middlewares/Third_Party/FreeRTOS/Source/list.o
                0x0000000008004480                vListInsertEnd
 .text.vListInsert
                0x0000000008004498       0x2e ./Middlewares/Third_Party/FreeRTOS/Source/list.o
                0x0000000008004498                vListInsert
 .text.uxListRemove
                0x00000000080044c6       0x20 ./Middlewares/Third_Party/FreeRTOS/Source/list.o
                0x00000000080044c6                uxListRemove
 .text.prvIsQueueEmpty
                0x00000000080044e6       0x16 ./Middlewares/Third_Party/FreeRTOS/Source/queue.o
 .text.prvCopyDataToQueue
                0x00000000080044fc       0x6a ./Middlewares/Third_Party/FreeRTOS/Source/queue.o
 .text.prvCopyDataFromQueue
                0x0000000008004566       0x2c ./Middlewares/Third_Party/FreeRTOS/Source/queue.o
 .text.prvUnlockQueue
                0x0000000008004592       0x70 ./Middlewares/Third_Party/FreeRTOS/Source/queue.o
 .text.xQueueGenericReset
                0x0000000008004602       0x7e ./Middlewares/Third_Party/FreeRTOS/Source/queue.o
                0x0000000008004602                xQueueGenericReset
 .text.xQueueGenericCreateStatic
                0x0000000008004680       0x9c ./Middlewares/Third_Party/FreeRTOS/Source/queue.o
                0x0000000008004680                xQueueGenericCreateStatic
 .text.xQueueGenericCreate
                0x000000000800471c       0x4e ./Middlewares/Third_Party/FreeRTOS/Source/queue.o
                0x000000000800471c                xQueueGenericCreate
 .text.xQueueGenericSend
                0x000000000800476a      0x166 ./Middlewares/Third_Party/FreeRTOS/Source/queue.o
                0x000000000800476a                xQueueGenericSend
 .text.xQueueGenericSendFromISR
                0x00000000080048d0       0xc4 ./Middlewares/Third_Party/FreeRTOS/Source/queue.o
                0x00000000080048d0                xQueueGenericSendFromISR
 .text.xQueueReceive
                0x0000000008004994      0x13e ./Middlewares/Third_Party/FreeRTOS/Source/queue.o
                0x0000000008004994                xQueueReceive
 *fill*         0x0000000008004ad2        0x2 
 .text.vQueueAddToRegistry
                0x0000000008004ad4       0x24 ./Middlewares/Third_Party/FreeRTOS/Source/queue.o
                0x0000000008004ad4                vQueueAddToRegistry
 .text.vQueueWaitForMessageRestricted
                0x0000000008004af8       0x46 ./Middlewares/Third_Party/FreeRTOS/Source/queue.o
                0x0000000008004af8                vQueueWaitForMessageRestricted
 .text.prvBytesInBuffer
                0x0000000008004b3e       0x12 ./Middlewares/Third_Party/FreeRTOS/Source/stream_buffer.o
 .text.prvReadBytesFromBuffer
                0x0000000008004b50       0x94 ./Middlewares/Third_Party/FreeRTOS/Source/stream_buffer.o
 .text.prvInitialiseNewStreamBuffer
                0x0000000008004be4       0x46 ./Middlewares/Third_Party/FreeRTOS/Source/stream_buffer.o
 .text.prvWriteBytesToBuffer.part.0
                0x0000000008004c2a       0x72 ./Middlewares/Third_Party/FreeRTOS/Source/stream_buffer.o
 .text.prvWriteMessageToBuffer
                0x0000000008004c9c       0x54 ./Middlewares/Third_Party/FreeRTOS/Source/stream_buffer.o
 .text.xStreamBufferGenericCreateStatic
                0x0000000008004cf0       0xa2 ./Middlewares/Third_Party/FreeRTOS/Source/stream_buffer.o
                0x0000000008004cf0                xStreamBufferGenericCreateStatic
 .text.xStreamBufferSpacesAvailable
                0x0000000008004d92       0x28 ./Middlewares/Third_Party/FreeRTOS/Source/stream_buffer.o
                0x0000000008004d92                xStreamBufferSpacesAvailable
 .text.xStreamBufferSend
                0x0000000008004dba      0x10a ./Middlewares/Third_Party/FreeRTOS/Source/stream_buffer.o
                0x0000000008004dba                xStreamBufferSend
 .text.xStreamBufferSendFromISR
                0x0000000008004ec4       0x9a ./Middlewares/Third_Party/FreeRTOS/Source/stream_buffer.o
                0x0000000008004ec4                xStreamBufferSendFromISR
 .text.xStreamBufferReceive
                0x0000000008004f5e       0xfa ./Middlewares/Third_Party/FreeRTOS/Source/stream_buffer.o
                0x0000000008004f5e                xStreamBufferReceive
 .text.prvAddNewTaskToReadyList
                0x0000000008005058      0x100 ./Middlewares/Third_Party/FreeRTOS/Source/tasks.o
 .text.prvAddCurrentTaskToDelayedList
                0x0000000008005158       0x70 ./Middlewares/Third_Party/FreeRTOS/Source/tasks.o
 .text.prvResetNextTaskUnblockTime
                0x00000000080051c8       0x24 ./Middlewares/Third_Party/FreeRTOS/Source/tasks.o
 .text.prvDeleteTCB
                0x00000000080051ec       0x3c ./Middlewares/Third_Party/FreeRTOS/Source/tasks.o
 .text.prvIdleTask
                0x0000000008005228       0x60 ./Middlewares/Third_Party/FreeRTOS/Source/tasks.o
 .text.prvInitialiseNewTask.constprop.0
                0x0000000008005288       0xc0 ./Middlewares/Third_Party/FreeRTOS/Source/tasks.o
 .text.xTaskCreateStatic
                0x0000000008005348       0x70 ./Middlewares/Third_Party/FreeRTOS/Source/tasks.o
                0x0000000008005348                xTaskCreateStatic
 .text.xTaskCreate
                0x00000000080053b8       0x5a ./Middlewares/Third_Party/FreeRTOS/Source/tasks.o
                0x00000000080053b8                xTaskCreate
 *fill*         0x0000000008005412        0x2 
 .text.vTaskStartScheduler
                0x0000000008005414       0xa0 ./Middlewares/Third_Party/FreeRTOS/Source/tasks.o
                0x0000000008005414                vTaskStartScheduler
 .text.vTaskSuspendAll
                0x00000000080054b4       0x10 ./Middlewares/Third_Party/FreeRTOS/Source/tasks.o
                0x00000000080054b4                vTaskSuspendAll
 .text.xTaskGetTickCount
                0x00000000080054c4        0xc ./Middlewares/Third_Party/FreeRTOS/Source/tasks.o
                0x00000000080054c4                xTaskGetTickCount
 .text.xTaskIncrementTick
                0x00000000080054d0      0x12c ./Middlewares/Third_Party/FreeRTOS/Source/tasks.o
                0x00000000080054d0                xTaskIncrementTick
 .text.xTaskResumeAll
                0x00000000080055fc       0xe8 ./Middlewares/Third_Party/FreeRTOS/Source/tasks.o
                0x00000000080055fc                xTaskResumeAll
 .text.vTaskDelay
                0x00000000080056e4       0x48 ./Middlewares/Third_Party/FreeRTOS/Source/tasks.o
                0x00000000080056e4                vTaskDelay
 .text.vTaskSwitchContext
                0x000000000800572c       0x80 ./Middlewares/Third_Party/FreeRTOS/Source/tasks.o
                0x000000000800572c                vTaskSwitchContext
 .text.vTaskPlaceOnEventList
                0x00000000080057ac       0x34 ./Middlewares/Third_Party/FreeRTOS/Source/tasks.o
                0x00000000080057ac                vTaskPlaceOnEventList
 .text.vTaskPlaceOnEventListRestricted
                0x00000000080057e0       0x3c ./Middlewares/Third_Party/FreeRTOS/Source/tasks.o
                0x00000000080057e0                vTaskPlaceOnEventListRestricted
 .text.xTaskRemoveFromEventList
                0x000000000800581c       0x88 ./Middlewares/Third_Party/FreeRTOS/Source/tasks.o
                0x000000000800581c                xTaskRemoveFromEventList
 .text.vTaskSetTimeOutState
                0x00000000080058a4       0x38 ./Middlewares/Third_Party/FreeRTOS/Source/tasks.o
                0x00000000080058a4                vTaskSetTimeOutState
 .text.vTaskInternalSetTimeOutState
                0x00000000080058dc       0x18 ./Middlewares/Third_Party/FreeRTOS/Source/tasks.o
                0x00000000080058dc                vTaskInternalSetTimeOutState
 .text.xTaskCheckForTimeOut
                0x00000000080058f4       0x78 ./Middlewares/Third_Party/FreeRTOS/Source/tasks.o
                0x00000000080058f4                xTaskCheckForTimeOut
 .text.vTaskMissedYield
                0x000000000800596c        0xc ./Middlewares/Third_Party/FreeRTOS/Source/tasks.o
                0x000000000800596c                vTaskMissedYield
 .text.xTaskGetCurrentTaskHandle
                0x0000000008005978        0xc ./Middlewares/Third_Party/FreeRTOS/Source/tasks.o
                0x0000000008005978                xTaskGetCurrentTaskHandle
 .text.xTaskGetSchedulerState
                0x0000000008005984       0x20 ./Middlewares/Third_Party/FreeRTOS/Source/tasks.o
                0x0000000008005984                xTaskGetSchedulerState
 .text.xTaskPriorityDisinherit
                0x00000000080059a4       0x88 ./Middlewares/Third_Party/FreeRTOS/Source/tasks.o
                0x00000000080059a4                xTaskPriorityDisinherit
 .text.xTaskNotifyWait
                0x0000000008005a2c       0x94 ./Middlewares/Third_Party/FreeRTOS/Source/tasks.o
                0x0000000008005a2c                xTaskNotifyWait
 .text.xTaskGenericNotify
                0x0000000008005ac0       0xf4 ./Middlewares/Third_Party/FreeRTOS/Source/tasks.o
                0x0000000008005ac0                xTaskGenericNotify
 .text.xTaskGenericNotifyFromISR
                0x0000000008005bb4      0x124 ./Middlewares/Third_Party/FreeRTOS/Source/tasks.o
                0x0000000008005bb4                xTaskGenericNotifyFromISR
 .text.xTaskNotifyStateClear
                0x0000000008005cd8       0x2c ./Middlewares/Third_Party/FreeRTOS/Source/tasks.o
                0x0000000008005cd8                xTaskNotifyStateClear
 .text.prvCheckForValidListAndQueue
                0x0000000008005d04       0x68 ./Middlewares/Third_Party/FreeRTOS/Source/timers.o
 .text.prvInsertTimerInActiveList
                0x0000000008005d6c       0x3c ./Middlewares/Third_Party/FreeRTOS/Source/timers.o
 .text.xTimerCreateTimerTask
                0x0000000008005da8       0x64 ./Middlewares/Third_Party/FreeRTOS/Source/timers.o
                0x0000000008005da8                xTimerCreateTimerTask
 .text.xTimerGenericCommand
                0x0000000008005e0c       0x58 ./Middlewares/Third_Party/FreeRTOS/Source/timers.o
                0x0000000008005e0c                xTimerGenericCommand
 .text.prvSampleTimeNow
                0x0000000008005e64       0xac ./Middlewares/Third_Party/FreeRTOS/Source/timers.o
 .text.prvTimerTask
                0x0000000008005f10      0x1cc ./Middlewares/Third_Party/FreeRTOS/Source/timers.o
 .text.prvPortStartFirstTask
                0x00000000080060dc       0x28 ./Middlewares/Third_Party/FreeRTOS/Source/portable/GCC/ARM_CM4F/port.o
 .text.vPortEnableVFP
                0x0000000008006104       0x14 ./Middlewares/Third_Party/FreeRTOS/Source/portable/GCC/ARM_CM4F/port.o
 .text.prvTaskExitError
                0x0000000008006118       0x40 ./Middlewares/Third_Party/FreeRTOS/Source/portable/GCC/ARM_CM4F/port.o
 .text.pxPortInitialiseStack
                0x0000000008006158       0x2c ./Middlewares/Third_Party/FreeRTOS/Source/portable/GCC/ARM_CM4F/port.o
                0x0000000008006158                pxPortInitialiseStack
 *fill*         0x0000000008006184        0xc 
 .text.SVC_Handler
                0x0000000008006190       0x24 ./Middlewares/Third_Party/FreeRTOS/Source/portable/GCC/ARM_CM4F/port.o
                0x0000000008006190                SVC_Handler
 .text.vPortEnterCritical
                0x00000000080061b4       0x40 ./Middlewares/Third_Party/FreeRTOS/Source/portable/GCC/ARM_CM4F/port.o
                0x00000000080061b4                vPortEnterCritical
 .text.vPortExitCritical
                0x00000000080061f4       0x28 ./Middlewares/Third_Party/FreeRTOS/Source/portable/GCC/ARM_CM4F/port.o
                0x00000000080061f4                vPortExitCritical
 *fill*         0x000000000800621c        0x4 
 .text.PendSV_Handler
                0x0000000008006220       0x64 ./Middlewares/Third_Party/FreeRTOS/Source/portable/GCC/ARM_CM4F/port.o
                0x0000000008006220                PendSV_Handler
 .text.xPortSysTickHandler
                0x0000000008006284       0x2c ./Middlewares/Third_Party/FreeRTOS/Source/portable/GCC/ARM_CM4F/port.o
                0x0000000008006284                xPortSysTickHandler
 .text.vPortSetupTimerInterrupt
                0x00000000080062b0       0x24 ./Middlewares/Third_Party/FreeRTOS/Source/portable/GCC/ARM_CM4F/port.o
                0x00000000080062b0                vPortSetupTimerInterrupt
 .text.xPortStartScheduler
                0x00000000080062d4      0x10c ./Middlewares/Third_Party/FreeRTOS/Source/portable/GCC/ARM_CM4F/port.o
                0x00000000080062d4                xPortStartScheduler
 .text.vPortValidateInterruptPriority
                0x00000000080063e0       0x5c ./Middlewares/Third_Party/FreeRTOS/Source/portable/GCC/ARM_CM4F/port.o
                0x00000000080063e0                vPortValidateInterruptPriority
 .text.prvInsertBlockIntoFreeList
                0x000000000800643c       0x48 ./Middlewares/Third_Party/FreeRTOS/Source/portable/MemMang/heap_4.o
 .text.pvPortMalloc
                0x0000000008006484      0x130 ./Middlewares/Third_Party/FreeRTOS/Source/portable/MemMang/heap_4.o
                0x0000000008006484                pvPortMalloc
 .text.vPortFree
                0x00000000080065b4       0x7c ./Middlewares/Third_Party/FreeRTOS/Source/portable/MemMang/heap_4.o
                0x00000000080065b4                vPortFree
 .text.led3     0x0000000008006630       0x1c ./Src/io.o
                0x0000000008006630                led3
 .text.LL_AHB2_GRP1_EnableClock
                0x000000000800664c       0x1c ./Src/main.o
 .text.StartDefaultTask
                0x0000000008006668       0x54 ./Src/main.o
                0x0000000008006668                StartDefaultTask
 .text.StartprodTask
                0x00000000080066bc       0x28 ./Src/main.o
                0x00000000080066bc                StartprodTask
 .text.StartconsTask
                0x00000000080066e4       0x28 ./Src/main.o
                0x00000000080066e4                StartconsTask
 .text.LL_GPIO_SetPinPull.constprop.0
                0x000000000800670c       0x28 ./Src/main.o
 .text.LL_GPIO_SetPinMode.constprop.0
                0x0000000008006734       0x28 ./Src/main.o
 .text.SystemClock_Config
                0x000000000800675c       0x66 ./Src/main.o
                0x000000000800675c                SystemClock_Config
 .text.PeriphCommonClock_Config
                0x00000000080067c2       0x44 ./Src/main.o
                0x00000000080067c2                PeriphCommonClock_Config
 *fill*         0x0000000008006806        0x2 
 .text.startup.main
                0x0000000008006808      0x3f0 ./Src/main.o
                0x0000000008006808                main
 .text.HAL_TIM_PeriodElapsedCallback
                0x0000000008006bf8       0x14 ./Src/main.o
                0x0000000008006bf8                HAL_TIM_PeriodElapsedCallback
 .text.Error_Handler
                0x0000000008006c0c        0x2 ./Src/main.o
                0x0000000008006c0c                Error_Handler
 *fill*         0x0000000008006c0e        0x2 
 .text.HAL_MspInit
                0x0000000008006c10       0x50 ./Src/stm32l4xx_hal_msp.o
                0x0000000008006c10                HAL_MspInit
 .text.HAL_ADC_MspInit
                0x0000000008006c60       0xc4 ./Src/stm32l4xx_hal_msp.o
                0x0000000008006c60                HAL_ADC_MspInit
 .text.HAL_COMP_MspInit
                0x0000000008006d24       0x4c ./Src/stm32l4xx_hal_msp.o
                0x0000000008006d24                HAL_COMP_MspInit
 .text.HAL_DAC_MspInit
                0x0000000008006d70       0x5c ./Src/stm32l4xx_hal_msp.o
                0x0000000008006d70                HAL_DAC_MspInit
 .text.HAL_LCD_MspInit
                0x0000000008006dcc       0xe4 ./Src/stm32l4xx_hal_msp.o
                0x0000000008006dcc                HAL_LCD_MspInit
 .text.HAL_OPAMP_MspInit
                0x0000000008006eb0      0x100 ./Src/stm32l4xx_hal_msp.o
                0x0000000008006eb0                HAL_OPAMP_MspInit
 .text.HAL_InitTick
                0x0000000008006fb0       0x78 ./Src/stm32l4xx_hal_timebase_tim.o
                0x0000000008006fb0                HAL_InitTick
 .text.NMI_Handler
                0x0000000008007028        0x2 ./Src/stm32l4xx_it.o
                0x0000000008007028                NMI_Handler
 .text.HardFault_Handler
                0x000000000800702a        0x2 ./Src/stm32l4xx_it.o
                0x000000000800702a                HardFault_Handler
 .text.MemManage_Handler
                0x000000000800702c        0x2 ./Src/stm32l4xx_it.o
                0x000000000800702c                MemManage_Handler
 .text.BusFault_Handler
                0x000000000800702e        0x2 ./Src/stm32l4xx_it.o
                0x000000000800702e                BusFault_Handler
 .text.UsageFault_Handler
                0x0000000008007030        0x2 ./Src/stm32l4xx_it.o
                0x0000000008007030                UsageFault_Handler
 .text.DebugMon_Handler
                0x0000000008007032        0x2 ./Src/stm32l4xx_it.o
                0x0000000008007032                DebugMon_Handler
 .text.TIM1_UP_TIM16_IRQHandler
                0x0000000008007034        0xc ./Src/stm32l4xx_it.o
                0x0000000008007034                TIM1_UP_TIM16_IRQHandler
 .text.EXTI15_10_IRQHandler
                0x0000000008007040       0x14 ./Src/stm32l4xx_it.o
                0x0000000008007040                EXTI15_10_IRQHandler
 .text.OTG_FS_IRQHandler
                0x0000000008007054        0xc ./Src/stm32l4xx_it.o
                0x0000000008007054                OTG_FS_IRQHandler
 .text.SystemInit
                0x0000000008007060       0x48 ./Src/system_stm32l4xx.o
                0x0000000008007060                SystemInit
 .text.MX_USB_DEVICE_Init
                0x00000000080070a8       0x50 ./Src/usb_device.o
                0x00000000080070a8                MX_USB_DEVICE_Init
 .text.CDC_DeInit_FS
                0x00000000080070f8        0x4 ./Src/usbd_cdc_if.o
 .text.CDC_TransmitCplt_FS
                0x00000000080070fc        0xa ./Src/usbd_cdc_if.o
 *fill*         0x0000000008007106        0x2 
 .text.CDC_Receive_FS
                0x0000000008007108       0x28 ./Src/usbd_cdc_if.o
 .text.CDC_Init_FS
                0x0000000008007130       0x28 ./Src/usbd_cdc_if.o
 .text.CDC_Control_FS
                0x0000000008007158       0x30 ./Src/usbd_cdc_if.o
 .text.CDC_Transmit_FS
                0x0000000008007188       0x2c ./Src/usbd_cdc_if.o
                0x0000000008007188                CDC_Transmit_FS
 .text.HAL_PCD_MspInit
                0x00000000080071b4       0xbc ./Src/usbd_conf.o
                0x00000000080071b4                HAL_PCD_MspInit
 .text.HAL_PCD_SetupStageCallback
                0x0000000008007270        0xc ./Src/usbd_conf.o
                0x0000000008007270                HAL_PCD_SetupStageCallback
 .text.HAL_PCD_DataOutStageCallback
                0x000000000800727c       0x12 ./Src/usbd_conf.o
                0x000000000800727c                HAL_PCD_DataOutStageCallback
 .text.HAL_PCD_DataInStageCallback
                0x000000000800728e       0x10 ./Src/usbd_conf.o
                0x000000000800728e                HAL_PCD_DataInStageCallback
 .text.HAL_PCD_SOFCallback
                0x000000000800729e        0x8 ./Src/usbd_conf.o
                0x000000000800729e                HAL_PCD_SOFCallback
 .text.HAL_PCD_ResetCallback
                0x00000000080072a6       0x24 ./Src/usbd_conf.o
                0x00000000080072a6                HAL_PCD_ResetCallback
 *fill*         0x00000000080072ca        0x2 
 .text.HAL_PCD_SuspendCallback
                0x00000000080072cc       0x30 ./Src/usbd_conf.o
                0x00000000080072cc                HAL_PCD_SuspendCallback
 .text.HAL_PCD_ResumeCallback
                0x00000000080072fc       0x34 ./Src/usbd_conf.o
                0x00000000080072fc                HAL_PCD_ResumeCallback
 .text.HAL_PCD_ISOOUTIncompleteCallback
                0x0000000008007330        0x8 ./Src/usbd_conf.o
                0x0000000008007330                HAL_PCD_ISOOUTIncompleteCallback
 .text.HAL_PCD_ISOINIncompleteCallback
                0x0000000008007338        0x8 ./Src/usbd_conf.o
                0x0000000008007338                HAL_PCD_ISOINIncompleteCallback
 .text.HAL_PCD_ConnectCallback
                0x0000000008007340        0x8 ./Src/usbd_conf.o
                0x0000000008007340                HAL_PCD_ConnectCallback
 .text.HAL_PCD_DisconnectCallback
                0x0000000008007348        0x8 ./Src/usbd_conf.o
                0x0000000008007348                HAL_PCD_DisconnectCallback
 .text.USBD_LL_Init
                0x0000000008007350       0x5c ./Src/usbd_conf.o
                0x0000000008007350                USBD_LL_Init
 .text.USBD_LL_Start
                0x00000000080073ac       0x1c ./Src/usbd_conf.o
                0x00000000080073ac                USBD_LL_Start
 .text.USBD_LL_OpenEP
                0x00000000080073c8       0x20 ./Src/usbd_conf.o
                0x00000000080073c8                USBD_LL_OpenEP
 .text.USBD_LL_CloseEP
                0x00000000080073e8       0x1c ./Src/usbd_conf.o
                0x00000000080073e8                USBD_LL_CloseEP
 .text.USBD_LL_StallEP
                0x0000000008007404       0x1c ./Src/usbd_conf.o
                0x0000000008007404                USBD_LL_StallEP
 .text.USBD_LL_ClearStallEP
                0x0000000008007420       0x1c ./Src/usbd_conf.o
                0x0000000008007420                USBD_LL_ClearStallEP
 .text.USBD_LL_IsStallEP
                0x000000000800743c       0x26 ./Src/usbd_conf.o
                0x000000000800743c                USBD_LL_IsStallEP
 *fill*         0x0000000008007462        0x2 
 .text.USBD_LL_SetUSBAddress
                0x0000000008007464       0x1c ./Src/usbd_conf.o
                0x0000000008007464                USBD_LL_SetUSBAddress
 .text.USBD_LL_Transmit
                0x0000000008007480       0x1c ./Src/usbd_conf.o
                0x0000000008007480                USBD_LL_Transmit
 .text.USBD_LL_PrepareReceive
                0x000000000800749c       0x1c ./Src/usbd_conf.o
                0x000000000800749c                USBD_LL_PrepareReceive
 .text.USBD_LL_GetRxDataSize
                0x00000000080074b8        0x8 ./Src/usbd_conf.o
                0x00000000080074b8                USBD_LL_GetRxDataSize
 .text.USBD_static_malloc
                0x00000000080074c0        0x8 ./Src/usbd_conf.o
                0x00000000080074c0                USBD_static_malloc
 .text.USBD_static_free
                0x00000000080074c8        0x2 ./Src/usbd_conf.o
                0x00000000080074c8                USBD_static_free
 *fill*         0x00000000080074ca        0x2 
 .text.USBD_FS_DeviceDescriptor
                0x00000000080074cc        0xc ./Src/usbd_desc.o
                0x00000000080074cc                USBD_FS_DeviceDescriptor
 .text.USBD_FS_LangIDStrDescriptor
                0x00000000080074d8        0xc ./Src/usbd_desc.o
                0x00000000080074d8                USBD_FS_LangIDStrDescriptor
 .text.IntToUnicode
                0x00000000080074e4       0x2a ./Src/usbd_desc.o
 *fill*         0x000000000800750e        0x2 
 .text.USBD_FS_SerialStrDescriptor
                0x0000000008007510       0x3c ./Src/usbd_desc.o
                0x0000000008007510                USBD_FS_SerialStrDescriptor
 .text.USBD_FS_ManufacturerStrDescriptor
                0x000000000800754c       0x1c ./Src/usbd_desc.o
                0x000000000800754c                USBD_FS_ManufacturerStrDescriptor
 .text.USBD_FS_ProductStrDescriptor
                0x0000000008007568       0x1c ./Src/usbd_desc.o
                0x0000000008007568                USBD_FS_ProductStrDescriptor
 .text.USBD_FS_ConfigStrDescriptor
                0x0000000008007584       0x1c ./Src/usbd_desc.o
                0x0000000008007584                USBD_FS_ConfigStrDescriptor
 .text.USBD_FS_InterfaceStrDescriptor
                0x00000000080075a0       0x1c ./Src/usbd_desc.o
                0x00000000080075a0                USBD_FS_InterfaceStrDescriptor
 .text.usbserialInit
                0x00000000080075bc       0x58 ./Src/usbserial.o
                0x00000000080075bc                usbserialInit
 .text.usbserialQueue
                0x0000000008007614       0x3c ./Src/usbserial.o
                0x0000000008007614                usbserialQueue
 .text.usbserialWriteData
                0x0000000008007650       0x14 ./Src/usbserial.o
                0x0000000008007650                usbserialWriteData
 .text.usbserialPrint
                0x0000000008007664       0x14 ./Src/usbserial.o
                0x0000000008007664                usbserialPrint
 .text.usbserialTxWakeup
                0x0000000008007678       0x10 ./Src/usbserial.o
                0x0000000008007678                usbserialTxWakeup
 .text.StartUsbTxTask
                0x0000000008007688       0x44 ./Src/usbserial.o
                0x0000000008007688                StartUsbTxTask
 .text.Reset_Handler
                0x00000000080076cc       0x50 ./Startup/startup_stm32l496vetx.o
                0x00000000080076cc                Reset_Handler
 .text.Default_Handler
                0x000000000800771c        0x2 ./Startup/startup_stm32l496vetx.o
                0x000000000800771c                RTC_Alarm_IRQHandler
                0x000000000800771c                EXTI2_IRQHandler
                0x000000000800771c                TIM8_TRG_COM_IRQHandler
                0x000000000800771c                TIM8_CC_IRQHandler
                0x000000000800771c                TIM1_CC_IRQHandler
                0x000000000800771c                TSC_IRQHandler
                0x000000000800771c                TAMP_STAMP_IRQHandler
                0x000000000800771c                CAN2_RX1_IRQHandler
                0x000000000800771c                EXTI3_IRQHandler
                0x000000000800771c                LPTIM2_IRQHandler
                0x000000000800771c                DFSDM1_FLT1_IRQHandler
                0x000000000800771c                I2C3_ER_IRQHandler
                0x000000000800771c                DFSDM1_FLT2_IRQHandler
                0x000000000800771c                EXTI0_IRQHandler
                0x000000000800771c                I2C2_EV_IRQHandler
                0x000000000800771c                CAN1_RX0_IRQHandler
                0x000000000800771c                FPU_IRQHandler
                0x000000000800771c                CAN2_SCE_IRQHandler
                0x000000000800771c                ADC1_2_IRQHandler
                0x000000000800771c                SPI1_IRQHandler
                0x000000000800771c                TIM6_DAC_IRQHandler
                0x000000000800771c                DCMI_IRQHandler
                0x000000000800771c                CAN2_RX0_IRQHandler
                0x000000000800771c                TIM8_UP_IRQHandler
                0x000000000800771c                DMA2_Channel2_IRQHandler
                0x000000000800771c                DMA1_Channel4_IRQHandler
                0x000000000800771c                SAI2_IRQHandler
                0x000000000800771c                DFSDM1_FLT3_IRQHandler
                0x000000000800771c                USART3_IRQHandler
                0x000000000800771c                DMA1_Channel7_IRQHandler
                0x000000000800771c                CAN1_RX1_IRQHandler
                0x000000000800771c                LCD_IRQHandler
                0x000000000800771c                UART5_IRQHandler
                0x000000000800771c                ADC3_IRQHandler
                0x000000000800771c                TIM4_IRQHandler
                0x000000000800771c                DMA2_Channel1_IRQHandler
                0x000000000800771c                QUADSPI_IRQHandler
                0x000000000800771c                I2C1_EV_IRQHandler
                0x000000000800771c                DMA1_Channel6_IRQHandler
                0x000000000800771c                UART4_IRQHandler
                0x000000000800771c                DMA2_Channel4_IRQHandler
                0x000000000800771c                TIM3_IRQHandler
                0x000000000800771c                RCC_IRQHandler
                0x000000000800771c                DMA1_Channel1_IRQHandler
                0x000000000800771c                Default_Handler
                0x000000000800771c                DMA2_Channel7_IRQHandler
                0x000000000800771c                TIM7_IRQHandler
                0x000000000800771c                SDMMC1_IRQHandler
                0x000000000800771c                CAN2_TX_IRQHandler
                0x000000000800771c                TIM5_IRQHandler
                0x000000000800771c                I2C3_EV_IRQHandler
                0x000000000800771c                EXTI9_5_IRQHandler
                0x000000000800771c                RTC_WKUP_IRQHandler
                0x000000000800771c                PVD_PVM_IRQHandler
                0x000000000800771c                SPI2_IRQHandler
                0x000000000800771c                CAN1_TX_IRQHandler
                0x000000000800771c                DMA2_Channel5_IRQHandler
                0x000000000800771c                CRS_IRQHandler
                0x000000000800771c                DMA1_Channel5_IRQHandler
                0x000000000800771c                EXTI4_IRQHandler
                0x000000000800771c                RNG_IRQHandler
                0x000000000800771c                TIM1_TRG_COM_TIM17_IRQHandler
                0x000000000800771c                DMA1_Channel3_IRQHandler
                0x000000000800771c                COMP_IRQHandler
                0x000000000800771c                WWDG_IRQHandler
                0x000000000800771c                I2C4_EV_IRQHandler
                0x000000000800771c                LPUART1_IRQHandler
                0x000000000800771c                DMA2_Channel6_IRQHandler
                0x000000000800771c                TIM2_IRQHandler
                0x000000000800771c                EXTI1_IRQHandler
                0x000000000800771c                USART2_IRQHandler
                0x000000000800771c                DFSDM1_FLT0_IRQHandler
                0x000000000800771c                I2C2_ER_IRQHandler
                0x000000000800771c                DMA1_Channel2_IRQHandler
                0x000000000800771c                TIM8_BRK_IRQHandler
                0x000000000800771c                CAN1_SCE_IRQHandler
                0x000000000800771c                FLASH_IRQHandler
                0x000000000800771c                USART1_IRQHandler
                0x000000000800771c                SPI3_IRQHandler
                0x000000000800771c                I2C1_ER_IRQHandler
                0x000000000800771c                FMC_IRQHandler
                0x000000000800771c                SWPMI1_IRQHandler
                0x000000000800771c                LPTIM1_IRQHandler
                0x000000000800771c                I2C4_ER_IRQHandler
                0x000000000800771c                SAI1_IRQHandler
                0x000000000800771c                DMA2_Channel3_IRQHandler
                0x000000000800771c                TIM1_BRK_TIM15_IRQHandler
 *fill*         0x000000000800771e        0x2 
 .text.__libc_init_array
                0x0000000008007720       0x48 c:/st/stm32cubeide_1.9.0/stm32cubeide/plugins/com.st.stm32cube.ide.mcu.externaltools.gnu-tools-for-stm32.10.3-2021.10.win32_1.0.0.202111181127/tools/bin/../lib/gcc/arm-none-eabi/10.3.1/../../../../arm-none-eabi/lib/thumb/v7e-m+fp/hard\libc_nano.a(lib_a-init.o)
                0x0000000008007720                __libc_init_array
 .text.__retarget_lock_acquire_recursive
                0x0000000008007768        0x2 c:/st/stm32cubeide_1.9.0/stm32cubeide/plugins/com.st.stm32cube.ide.mcu.externaltools.gnu-tools-for-stm32.10.3-2021.10.win32_1.0.0.202111181127/tools/bin/../lib/gcc/arm-none-eabi/10.3.1/../../../../arm-none-eabi/lib/thumb/v7e-m+fp/hard\libc_nano.a(lib_a-lock.o)
                0x0000000008007768                __retarget_lock_acquire_recursive
 .text.__retarget_lock_release_recursive
                0x000000000800776a        0x2 c:/st/stm32cubeide_1.9.0/stm32cubeide/plugins/com.st.stm32cube.ide.mcu.externaltools.gnu-tools-for-stm32.10.3-2021.10.win32_1.0.0.202111181127/tools/bin/../lib/gcc/arm-none-eabi/10.3.1/../../../../arm-none-eabi/lib/thumb/v7e-m+fp/hard\libc_nano.a(lib_a-lock.o)
                0x000000000800776a                __retarget_lock_release_recursive
 .text.memcpy   0x000000000800776c       0x1c c:/st/stm32cubeide_1.9.0/stm32cubeide/plugins/com.st.stm32cube.ide.mcu.externaltools.gnu-tools-for-stm32.10.3-2021.10.win32_1.0.0.202111181127/tools/bin/../lib/gcc/arm-none-eabi/10.3.1/../../../../arm-none-eabi/lib/thumb/v7e-m+fp/hard\libc_nano.a(lib_a-memcpy-stub.o)
                0x000000000800776c                memcpy
 .text.memset   0x0000000008007788       0x10 c:/st/stm32cubeide_1.9.0/stm32cubeide/plugins/com.st.stm32cube.ide.mcu.externaltools.gnu-tools-for-stm32.10.3-2021.10.win32_1.0.0.202111181127/tools/bin/../lib/gcc/arm-none-eabi/10.3.1/../../../../arm-none-eabi/lib/thumb/v7e-m+fp/hard\libc_nano.a(lib_a-memset.o)
                0x0000000008007788                memset
 .text.cleanup_glue
                0x0000000008007798       0x1a c:/st/stm32cubeide_1.9.0/stm32cubeide/plugins/com.st.stm32cube.ide.mcu.externaltools.gnu-tools-for-stm32.10.3-2021.10.win32_1.0.0.202111181127/tools/bin/../lib/gcc/arm-none-eabi/10.3.1/../../../../arm-none-eabi/lib/thumb/v7e-m+fp/hard\libc_nano.a(lib_a-reent.o)
                0x0000000008007798                cleanup_glue
 *fill*         0x00000000080077b2        0x2 
 .text._reclaim_reent
                0x00000000080077b4       0xb8 c:/st/stm32cubeide_1.9.0/stm32cubeide/plugins/com.st.stm32cube.ide.mcu.externaltools.gnu-tools-for-stm32.10.3-2021.10.win32_1.0.0.202111181127/tools/bin/../lib/gcc/arm-none-eabi/10.3.1/../../../../arm-none-eabi/lib/thumb/v7e-m+fp/hard\libc_nano.a(lib_a-reent.o)
                0x00000000080077b4                _reclaim_reent
 .text.__malloc_lock
                0x000000000800786c        0xc c:/st/stm32cubeide_1.9.0/stm32cubeide/plugins/com.st.stm32cube.ide.mcu.externaltools.gnu-tools-for-stm32.10.3-2021.10.win32_1.0.0.202111181127/tools/bin/../lib/gcc/arm-none-eabi/10.3.1/../../../../arm-none-eabi/lib/thumb/v7e-m+fp/hard\libc_nano.a(lib_a-mlock.o)
                0x000000000800786c                __malloc_lock
 .text.__malloc_unlock
                0x0000000008007878        0xc c:/st/stm32cubeide_1.9.0/stm32cubeide/plugins/com.st.stm32cube.ide.mcu.externaltools.gnu-tools-for-stm32.10.3-2021.10.win32_1.0.0.202111181127/tools/bin/../lib/gcc/arm-none-eabi/10.3.1/../../../../arm-none-eabi/lib/thumb/v7e-m+fp/hard\libc_nano.a(lib_a-mlock.o)
                0x0000000008007878                __malloc_unlock
 .text._free_r  0x0000000008007884       0x98 c:/st/stm32cubeide_1.9.0/stm32cubeide/plugins/com.st.stm32cube.ide.mcu.externaltools.gnu-tools-for-stm32.10.3-2021.10.win32_1.0.0.202111181127/tools/bin/../lib/gcc/arm-none-eabi/10.3.1/../../../../arm-none-eabi/lib/thumb/v7e-m+fp/hard\libc_nano.a(lib_a-nano-freer.o)
                0x0000000008007884                _free_r
 *(.glue_7)
 .glue_7        0x000000000800791c        0x0 linker stubs
 *(.glue_7t)
 .glue_7t       0x000000000800791c        0x0 linker stubs
 *(.eh_frame)
 .eh_frame      0x000000000800791c        0x0 c:/st/stm32cubeide_1.9.0/stm32cubeide/plugins/com.st.stm32cube.ide.mcu.externaltools.gnu-tools-for-stm32.10.3-2021.10.win32_1.0.0.202111181127/tools/bin/../lib/gcc/arm-none-eabi/10.3.1/thumb/v7e-m+fp/hard/crtbegin.o
 *(.init)
 .init          0x000000000800791c        0x4 c:/st/stm32cubeide_1.9.0/stm32cubeide/plugins/com.st.stm32cube.ide.mcu.externaltools.gnu-tools-for-stm32.10.3-2021.10.win32_1.0.0.202111181127/tools/bin/../lib/gcc/arm-none-eabi/10.3.1/thumb/v7e-m+fp/hard/crti.o
                0x000000000800791c                _init
 .init          0x0000000008007920        0x8 c:/st/stm32cubeide_1.9.0/stm32cubeide/plugins/com.st.stm32cube.ide.mcu.externaltools.gnu-tools-for-stm32.10.3-2021.10.win32_1.0.0.202111181127/tools/bin/../lib/gcc/arm-none-eabi/10.3.1/thumb/v7e-m+fp/hard/crtn.o
 *(.fini)
 .fini          0x0000000008007928        0x4 c:/st/stm32cubeide_1.9.0/stm32cubeide/plugins/com.st.stm32cube.ide.mcu.externaltools.gnu-tools-for-stm32.10.3-2021.10.win32_1.0.0.202111181127/tools/bin/../lib/gcc/arm-none-eabi/10.3.1/thumb/v7e-m+fp/hard/crti.o
                0x0000000008007928                _fini
 .fini          0x000000000800792c        0x8 c:/st/stm32cubeide_1.9.0/stm32cubeide/plugins/com.st.stm32cube.ide.mcu.externaltools.gnu-tools-for-stm32.10.3-2021.10.win32_1.0.0.202111181127/tools/bin/../lib/gcc/arm-none-eabi/10.3.1/thumb/v7e-m+fp/hard/crtn.o
                0x0000000008007934                . = ALIGN (0x4)
                0x0000000008007934                _etext = .

.vfp11_veneer   0x0000000008007934        0x0
 .vfp11_veneer  0x0000000008007934        0x0 linker stubs

.v4_bx          0x0000000008007934        0x0
 .v4_bx         0x0000000008007934        0x0 linker stubs

.iplt           0x0000000008007934        0x0
 .iplt          0x0000000008007934        0x0 c:/st/stm32cubeide_1.9.0/stm32cubeide/plugins/com.st.stm32cube.ide.mcu.externaltools.gnu-tools-for-stm32.10.3-2021.10.win32_1.0.0.202111181127/tools/bin/../lib/gcc/arm-none-eabi/10.3.1/thumb/v7e-m+fp/hard/crtbegin.o

.rodata         0x0000000008007934      0x200
                0x0000000008007934                . = ALIGN (0x4)
 *(.rodata)
 *(.rodata*)
 .rodata.vTaskStartScheduler.str1.1
                0x0000000008007934        0x5 ./Middlewares/Third_Party/FreeRTOS/Source/tasks.o
 .rodata.prvCheckForValidListAndQueue.str1.1
                0x0000000008007939        0x5 ./Middlewares/Third_Party/FreeRTOS/Source/timers.o
 .rodata.xTimerCreateTimerTask.str1.1
                0x000000000800793e        0x8 ./Middlewares/Third_Party/FreeRTOS/Source/timers.o
 .rodata.StartDefaultTask.str1.1
                0x0000000008007946       0x17 ./Src/main.o
 .rodata.StartprodTask.str1.1
                0x000000000800795d        0xf ./Src/main.o
 .rodata.StartconsTask.str1.1
                0x000000000800796c        0xf ./Src/main.o
 .rodata.str1.1
                0x000000000800797b       0x32 ./Src/main.o
 *fill*         0x00000000080079ad        0x3 
 .rodata.consTask_attributes
                0x00000000080079b0       0x24 ./Src/main.o
                0x00000000080079b0                consTask_attributes
 .rodata.defaultTask_attributes
                0x00000000080079d4       0x24 ./Src/main.o
                0x00000000080079d4                defaultTask_attributes
 .rodata.myQueue01_attributes
                0x00000000080079f8       0x18 ./Src/main.o
                0x00000000080079f8                myQueue01_attributes
 .rodata.prodTask_attributes
                0x0000000008007a10       0x24 ./Src/main.o
                0x0000000008007a10                prodTask_attributes
 .rodata.usbTxTask_attributes
                0x0000000008007a34       0x24 ./Src/main.o
                0x0000000008007a34                usbTxTask_attributes
 .rodata.AHBPrescTable
                0x0000000008007a58       0x10 ./Src/system_stm32l4xx.o
                0x0000000008007a58                AHBPrescTable
 .rodata.APBPrescTable
                0x0000000008007a68        0x8 ./Src/system_stm32l4xx.o
                0x0000000008007a68                APBPrescTable
 .rodata.MSIRangeTable
                0x0000000008007a70       0x30 ./Src/system_stm32l4xx.o
                0x0000000008007a70                MSIRangeTable
 .rodata.CSWTCH.21
                0x0000000008007aa0        0x4 ./Src/usbd_conf.o
 .rodata.USBD_FS_ManufacturerStrDescriptor.str1.1
                0x0000000008007aa4        0x4 ./Src/usbd_desc.o
 .rodata.USBD_FS_ProductStrDescriptor.str1.1
                0x0000000008007aa8       0x10 ./Src/usbd_desc.o
 .rodata.USBD_FS_ConfigStrDescriptor.str1.1
                0x0000000008007ab8        0xb ./Src/usbd_desc.o
 .rodata.USBD_FS_InterfaceStrDescriptor.str1.1
                0x0000000008007ac3        0xe ./Src/usbd_desc.o
 *fill*         0x0000000008007ad1        0x3 
 .rodata.__sf_fake_stderr
                0x0000000008007ad4       0x20 c:/st/stm32cubeide_1.9.0/stm32cubeide/plugins/com.st.stm32cube.ide.mcu.externaltools.gnu-tools-for-stm32.10.3-2021.10.win32_1.0.0.202111181127/tools/bin/../lib/gcc/arm-none-eabi/10.3.1/../../../../arm-none-eabi/lib/thumb/v7e-m+fp/hard\libc_nano.a(lib_a-findfp.o)
                0x0000000008007ad4                __sf_fake_stderr
 .rodata.__sf_fake_stdin
                0x0000000008007af4       0x20 c:/st/stm32cubeide_1.9.0/stm32cubeide/plugins/com.st.stm32cube.ide.mcu.externaltools.gnu-tools-for-stm32.10.3-2021.10.win32_1.0.0.202111181127/tools/bin/../lib/gcc/arm-none-eabi/10.3.1/../../../../arm-none-eabi/lib/thumb/v7e-m+fp/hard\libc_nano.a(lib_a-findfp.o)
                0x0000000008007af4                __sf_fake_stdin
 .rodata.__sf_fake_stdout
                0x0000000008007b14       0x20 c:/st/stm32cubeide_1.9.0/stm32cubeide/plugins/com.st.stm32cube.ide.mcu.externaltools.gnu-tools-for-stm32.10.3-2021.10.win32_1.0.0.202111181127/tools/bin/../lib/gcc/arm-none-eabi/10.3.1/../../../../arm-none-eabi/lib/thumb/v7e-m+fp/hard\libc_nano.a(lib_a-findfp.o)
                0x0000000008007b14                __sf_fake_stdout
                0x0000000008007b34                . = ALIGN (0x4)

.rel.dyn        0x0000000008007b34        0x0
 .rel.iplt      0x0000000008007b34        0x0 c:/st/stm32cubeide_1.9.0/stm32cubeide/plugins/com.st.stm32cube.ide.mcu.externaltools.gnu-tools-for-stm32.10.3-2021.10.win32_1.0.0.202111181127/tools/bin/../lib/gcc/arm-none-eabi/10.3.1/thumb/v7e-m+fp/hard/crtbegin.o

.ARM.extab      0x0000000008007b34        0x0
                0x0000000008007b34                . = ALIGN (0x4)
 *(.ARM.extab* .gnu.linkonce.armextab.*)
                0x0000000008007b34                . = ALIGN (0x4)

.ARM            0x0000000008007b34        0x0
                0x0000000008007b34                . = ALIGN (0x4)
                0x0000000008007b34                __exidx_start = .
 *(.ARM.exidx*)
                0x0000000008007b34                __exidx_end = .
                0x0000000008007b34                . = ALIGN (0x4)

.preinit_array  0x0000000008007b34        0x0
                0x0000000008007b34                . = ALIGN (0x4)
                0x0000000008007b34                PROVIDE (__preinit_array_start = .)
 *(.preinit_array*)
                0x0000000008007b34                PROVIDE (__preinit_array_end = .)
                0x0000000008007b34                . = ALIGN (0x4)

.init_array     0x0000000008007b34        0x4
                0x0000000008007b34                . = ALIGN (0x4)
                0x0000000008007b34                PROVIDE (__init_array_start = .)
 *(SORT_BY_NAME(.init_array.*))
 *(.init_array*)
 .init_array    0x0000000008007b34        0x4 c:/st/stm32cubeide_1.9.0/stm32cubeide/plugins/com.st.stm32cube.ide.mcu.externaltools.gnu-tools-for-stm32.10.3-2021.10.win32_1.0.0.202111181127/tools/bin/../lib/gcc/arm-none-eabi/10.3.1/thumb/v7e-m+fp/hard/crtbegin.o
                0x0000000008007b38                PROVIDE (__init_array_end = .)
                0x0000000008007b38                . = ALIGN (0x4)

.fini_array     0x0000000008007b38        0x4
                0x0000000008007b38                . = ALIGN (0x4)
                [!provide]                        PROVIDE (__fini_array_start = .)
 *(SORT_BY_NAME(.fini_array.*))
 *(.fini_array*)
 .fini_array    0x0000000008007b38        0x4 c:/st/stm32cubeide_1.9.0/stm32cubeide/plugins/com.st.stm32cube.ide.mcu.externaltools.gnu-tools-for-stm32.10.3-2021.10.win32_1.0.0.202111181127/tools/bin/../lib/gcc/arm-none-eabi/10.3.1/thumb/v7e-m+fp/hard/crtbegin.o
                [!provide]                        PROVIDE (__fini_array_end = .)
                0x0000000008007b3c                . = ALIGN (0x4)
                0x0000000008007b3c                _sidata = LOADADDR (.data)

.data           0x0000000020000000      0x1f0 load address 0x0000000008007b3c
                0x0000000020000000                . = ALIGN (0x4)
                0x0000000020000000                _sdata = .
 *(.data)
 *(.data*)
 .data.uwTickFreq
                0x0000000020000000        0x1 ./Drivers/STM32L4xx_HAL_Driver/Src/stm32l4xx_hal.o
                0x0000000020000000                uwTickFreq
 *fill*         0x0000000020000001        0x3 
 .data.uwTickPrio
                0x0000000020000004        0x4 ./Drivers/STM32L4xx_HAL_Driver/Src/stm32l4xx_hal.o
                0x0000000020000004                uwTickPrio
 .data.USBD_CDC
                0x0000000020000008       0x38 ./Middlewares/ST/STM32_USB_Device_Library/Class/CDC/Src/usbd_cdc.o
                0x0000000020000008                USBD_CDC
 .data.USBD_CDC_CfgFSDesc
                0x0000000020000040       0x43 ./Middlewares/ST/STM32_USB_Device_Library/Class/CDC/Src/usbd_cdc.o
 *fill*         0x0000000020000083        0x1 
 .data.USBD_CDC_CfgHSDesc
                0x0000000020000084       0x43 ./Middlewares/ST/STM32_USB_Device_Library/Class/CDC/Src/usbd_cdc.o
 *fill*         0x00000000200000c7        0x1 
 .data.USBD_CDC_DeviceQualifierDesc
                0x00000000200000c8        0xa ./Middlewares/ST/STM32_USB_Device_Library/Class/CDC/Src/usbd_cdc.o
 *fill*         0x00000000200000d2        0x2 
 .data.USBD_CDC_OtherSpeedCfgDesc
                0x00000000200000d4       0x43 ./Middlewares/ST/STM32_USB_Device_Library/Class/CDC/Src/usbd_cdc.o
 *fill*         0x0000000020000117        0x1 
 .data.uxCriticalNesting
                0x0000000020000118        0x4 ./Middlewares/Third_Party/FreeRTOS/Source/portable/GCC/ARM_CM4F/port.o
 .data.SystemCoreClock
                0x000000002000011c        0x4 ./Src/system_stm32l4xx.o
                0x000000002000011c                SystemCoreClock
 .data.USBD_Interface_fops_FS
                0x0000000020000120       0x14 ./Src/usbd_cdc_if.o
                0x0000000020000120                USBD_Interface_fops_FS
 .data.lineCoding
                0x0000000020000134        0x7 ./Src/usbd_cdc_if.o
 *fill*         0x000000002000013b        0x1 
 .data.FS_Desc  0x000000002000013c       0x1c ./Src/usbd_desc.o
                0x000000002000013c                FS_Desc
 .data.USBD_FS_DeviceDesc
                0x0000000020000158       0x12 ./Src/usbd_desc.o
                0x0000000020000158                USBD_FS_DeviceDesc
 *fill*         0x000000002000016a        0x2 
 .data.USBD_LangIDDesc
                0x000000002000016c        0x4 ./Src/usbd_desc.o
                0x000000002000016c                USBD_LangIDDesc
 .data.USBD_StringSerial
                0x0000000020000170       0x1a ./Src/usbd_desc.o
                0x0000000020000170                USBD_StringSerial
 *fill*         0x000000002000018a        0x2 
 .data._impure_ptr
                0x000000002000018c        0x4 c:/st/stm32cubeide_1.9.0/stm32cubeide/plugins/com.st.stm32cube.ide.mcu.externaltools.gnu-tools-for-stm32.10.3-2021.10.win32_1.0.0.202111181127/tools/bin/../lib/gcc/arm-none-eabi/10.3.1/../../../../arm-none-eabi/lib/thumb/v7e-m+fp/hard\libc_nano.a(lib_a-impure.o)
                0x000000002000018c                _impure_ptr
 .data.impure_data
                0x0000000020000190       0x60 c:/st/stm32cubeide_1.9.0/stm32cubeide/plugins/com.st.stm32cube.ide.mcu.externaltools.gnu-tools-for-stm32.10.3-2021.10.win32_1.0.0.202111181127/tools/bin/../lib/gcc/arm-none-eabi/10.3.1/../../../../arm-none-eabi/lib/thumb/v7e-m+fp/hard\libc_nano.a(lib_a-impure.o)
                0x00000000200001f0                . = ALIGN (0x4)
                0x00000000200001f0                _edata = .

.igot.plt       0x00000000200001f0        0x0 load address 0x0000000008007d2c
 .igot.plt      0x00000000200001f0        0x0 c:/st/stm32cubeide_1.9.0/stm32cubeide/plugins/com.st.stm32cube.ide.mcu.externaltools.gnu-tools-for-stm32.10.3-2021.10.win32_1.0.0.202111181127/tools/bin/../lib/gcc/arm-none-eabi/10.3.1/thumb/v7e-m+fp/hard/crtbegin.o
                0x00000000200001f0                . = ALIGN (0x4)

.bss            0x00000000200001f0     0x68d8 load address 0x0000000008007d2c
                0x00000000200001f0                _sbss = .
                0x00000000200001f0                __bss_start__ = _sbss
 *(.bss)
 .bss           0x00000000200001f0       0x1c c:/st/stm32cubeide_1.9.0/stm32cubeide/plugins/com.st.stm32cube.ide.mcu.externaltools.gnu-tools-for-stm32.10.3-2021.10.win32_1.0.0.202111181127/tools/bin/../lib/gcc/arm-none-eabi/10.3.1/thumb/v7e-m+fp/hard/crtbegin.o
 *(.bss*)
 .bss.uwTick    0x000000002000020c        0x4 ./Drivers/STM32L4xx_HAL_Driver/Src/stm32l4xx_hal.o
                0x000000002000020c                uwTick
 .bss.cfgidx.0  0x0000000020000210        0x1 ./Middlewares/ST/STM32_USB_Device_Library/Core/Src/usbd_ctlreq.o
 *fill*         0x0000000020000211        0x3 
 .bss.Idle_Stack.2
                0x0000000020000214      0x200 ./Middlewares/Third_Party/FreeRTOS/Source/CMSIS_RTOS_V2/cmsis_os2.o
 .bss.Idle_TCB.3
                0x0000000020000414       0xbc ./Middlewares/Third_Party/FreeRTOS/Source/CMSIS_RTOS_V2/cmsis_os2.o
 .bss.KernelState
                0x00000000200004d0        0x4 ./Middlewares/Third_Party/FreeRTOS/Source/CMSIS_RTOS_V2/cmsis_os2.o
 .bss.Timer_Stack.0
                0x00000000200004d4      0x400 ./Middlewares/Third_Party/FreeRTOS/Source/CMSIS_RTOS_V2/cmsis_os2.o
 .bss.Timer_TCB.1
                0x00000000200008d4       0xbc ./Middlewares/Third_Party/FreeRTOS/Source/CMSIS_RTOS_V2/cmsis_os2.o
 .bss.xQueueRegistry
                0x0000000020000990       0x40 ./Middlewares/Third_Party/FreeRTOS/Source/queue.o
                0x0000000020000990                xQueueRegistry
 .bss.pxCurrentTCB
                0x00000000200009d0        0x4 ./Middlewares/Third_Party/FreeRTOS/Source/tasks.o
                0x00000000200009d0                pxCurrentTCB
 .bss.pxDelayedTaskList
                0x00000000200009d4        0x4 ./Middlewares/Third_Party/FreeRTOS/Source/tasks.o
 .bss.pxOverflowDelayedTaskList
                0x00000000200009d8        0x4 ./Middlewares/Third_Party/FreeRTOS/Source/tasks.o
 .bss.pxReadyTasksLists
                0x00000000200009dc      0x460 ./Middlewares/Third_Party/FreeRTOS/Source/tasks.o
 .bss.uxCurrentNumberOfTasks
                0x0000000020000e3c        0x4 ./Middlewares/Third_Party/FreeRTOS/Source/tasks.o
 .bss.uxDeletedTasksWaitingCleanUp
                0x0000000020000e40        0x4 ./Middlewares/Third_Party/FreeRTOS/Source/tasks.o
 .bss.uxSchedulerSuspended
                0x0000000020000e44        0x4 ./Middlewares/Third_Party/FreeRTOS/Source/tasks.o
 .bss.uxTaskNumber
                0x0000000020000e48        0x4 ./Middlewares/Third_Party/FreeRTOS/Source/tasks.o
 .bss.uxTopReadyPriority
                0x0000000020000e4c        0x4 ./Middlewares/Third_Party/FreeRTOS/Source/tasks.o
 .bss.xDelayedTaskList1
                0x0000000020000e50       0x14 ./Middlewares/Third_Party/FreeRTOS/Source/tasks.o
 .bss.xDelayedTaskList2
                0x0000000020000e64       0x14 ./Middlewares/Third_Party/FreeRTOS/Source/tasks.o
 .bss.xNextTaskUnblockTime
                0x0000000020000e78        0x4 ./Middlewares/Third_Party/FreeRTOS/Source/tasks.o
 .bss.xNumOfOverflows
                0x0000000020000e7c        0x4 ./Middlewares/Third_Party/FreeRTOS/Source/tasks.o
 .bss.xPendedTicks
                0x0000000020000e80        0x4 ./Middlewares/Third_Party/FreeRTOS/Source/tasks.o
 .bss.xPendingReadyList
                0x0000000020000e84       0x14 ./Middlewares/Third_Party/FreeRTOS/Source/tasks.o
 .bss.xSchedulerRunning
                0x0000000020000e98        0x4 ./Middlewares/Third_Party/FreeRTOS/Source/tasks.o
 .bss.xSuspendedTaskList
                0x0000000020000e9c       0x14 ./Middlewares/Third_Party/FreeRTOS/Source/tasks.o
 .bss.xTasksWaitingTermination
                0x0000000020000eb0       0x14 ./Middlewares/Third_Party/FreeRTOS/Source/tasks.o
 .bss.xTickCount
                0x0000000020000ec4        0x4 ./Middlewares/Third_Party/FreeRTOS/Source/tasks.o
 .bss.xYieldPending
                0x0000000020000ec8        0x4 ./Middlewares/Third_Party/FreeRTOS/Source/tasks.o
 .bss.pxCurrentTimerList
                0x0000000020000ecc        0x4 ./Middlewares/Third_Party/FreeRTOS/Source/timers.o
 .bss.pxOverflowTimerList
                0x0000000020000ed0        0x4 ./Middlewares/Third_Party/FreeRTOS/Source/timers.o
 .bss.ucStaticTimerQueueStorage.1
                0x0000000020000ed4       0xa0 ./Middlewares/Third_Party/FreeRTOS/Source/timers.o
 .bss.xActiveTimerList1
                0x0000000020000f74       0x14 ./Middlewares/Third_Party/FreeRTOS/Source/timers.o
 .bss.xActiveTimerList2
                0x0000000020000f88       0x14 ./Middlewares/Third_Party/FreeRTOS/Source/timers.o
 .bss.xLastTime.2
                0x0000000020000f9c        0x4 ./Middlewares/Third_Party/FreeRTOS/Source/timers.o
 .bss.xStaticTimerQueue.0
                0x0000000020000fa0       0x50 ./Middlewares/Third_Party/FreeRTOS/Source/timers.o
 .bss.xTimerQueue
                0x0000000020000ff0        0x4 ./Middlewares/Third_Party/FreeRTOS/Source/timers.o
 .bss.xTimerTaskHandle
                0x0000000020000ff4        0x4 ./Middlewares/Third_Party/FreeRTOS/Source/timers.o
 .bss.ucMaxSysCallPriority
                0x0000000020000ff8        0x1 ./Middlewares/Third_Party/FreeRTOS/Source/portable/GCC/ARM_CM4F/port.o
 *fill*         0x0000000020000ff9        0x3 
 .bss.ulMaxPRIGROUPValue
                0x0000000020000ffc        0x4 ./Middlewares/Third_Party/FreeRTOS/Source/portable/GCC/ARM_CM4F/port.o
 .bss.pxEnd     0x0000000020001000        0x4 ./Middlewares/Third_Party/FreeRTOS/Source/portable/MemMang/heap_4.o
 .bss.ucHeap    0x0000000020001004      0xbb8 ./Middlewares/Third_Party/FreeRTOS/Source/portable/MemMang/heap_4.o
 .bss.xBlockAllocatedBit
                0x0000000020001bbc        0x4 ./Middlewares/Third_Party/FreeRTOS/Source/portable/MemMang/heap_4.o
 .bss.xFreeBytesRemaining
                0x0000000020001bc0        0x4 ./Middlewares/Third_Party/FreeRTOS/Source/portable/MemMang/heap_4.o
 .bss.xMinimumEverFreeBytesRemaining
                0x0000000020001bc4        0x4 ./Middlewares/Third_Party/FreeRTOS/Source/portable/MemMang/heap_4.o
 .bss.xNumberOfSuccessfulAllocations
                0x0000000020001bc8        0x4 ./Middlewares/Third_Party/FreeRTOS/Source/portable/MemMang/heap_4.o
 .bss.xNumberOfSuccessfulFrees
                0x0000000020001bcc        0x4 ./Middlewares/Third_Party/FreeRTOS/Source/portable/MemMang/heap_4.o
 .bss.xStart    0x0000000020001bd0        0x8 ./Middlewares/Third_Party/FreeRTOS/Source/portable/MemMang/heap_4.o
 .bss.consTaskHandle
                0x0000000020001bd8        0x4 ./Src/main.o
                0x0000000020001bd8                consTaskHandle
 .bss.defaultTaskBuffer
                0x0000000020001bdc     0x1000 ./Src/main.o
                0x0000000020001bdc                defaultTaskBuffer
 .bss.defaultTaskControlBlock
                0x0000000020002bdc       0xbc ./Src/main.o
                0x0000000020002bdc                defaultTaskControlBlock
 .bss.defaultTaskHandle
                0x0000000020002c98        0x4 ./Src/main.o
                0x0000000020002c98                defaultTaskHandle
 .bss.hadc1     0x0000000020002c9c       0x68 ./Src/main.o
                0x0000000020002c9c                hadc1
 .bss.hadc3     0x0000000020002d04       0x68 ./Src/main.o
                0x0000000020002d04                hadc3
 .bss.hcomp1    0x0000000020002d6c       0x2c ./Src/main.o
                0x0000000020002d6c                hcomp1
 .bss.hdac1     0x0000000020002d98       0x14 ./Src/main.o
                0x0000000020002d98                hdac1
 .bss.hlcd      0x0000000020002dac       0x3c ./Src/main.o