../Src/io.c:16:6:led0	16	static
../Src/io.c:24:6:led1	16	static
../Src/io.c:32:6:led2	16	static
../Src/io.c:40:6:led3	16	static
../Src/io.c:52:9:getSwitches	16	static
../Src/io.c:64:5:getSwitch0	8	static
../Src/io.c:68:5:getSwitch1	8	static
../Src/io.c:72:5:getSwitch2	8	static
../Src/io.c:76:5:getSwitch3	8	static
../Src/io.c:80:5:getSwitch4	8	static
../Src/io.c:84:5:getSwitch5	8	static
../Src/io.c:88:5:getSwitch6	8	static
../Src/io.c:92:5:getSwitch7	8	static
../Src/io.c:100:10:getIoState	16	static
../Src/io.c:147:6:lcdWriteDigit	32	static
../Src/io.c:224:6:lcdUpdateDisplay	8	static
../Src/io.c:228:6:lcdWriteHexDigit	16	static
