../Src/main.c:140:5:main	8	static
../Src/main.c:246:6:SystemClock_Config	96	static
../Src/main.c:295:6:PeriphCommonClock_Config	152	static
../Src/main.c:321:13:MX_ADC1_Init	48	static
../Src/main.c:385:13:MX_ADC3_Init	32	static
../Src/main.c:441:13:MX_COMP1_Init	8	static
../Src/main.c:475:13:MX_DAC1_Init	48	static
../Src/main.c:522:13:MX_LCD_Init	8	static
../Src/main.c:560:13:MX_OPAMP1_Init	8	static
../Src/main.c:593:13:MX_OPAMP2_Init	8	static
../Src/main.c:626:13:MX_GPIO_Init	56	static
../Src/main.c:736:6:StartDefaultTask	16	static
../Src/main.c:756:6:StartproducerTask	40	static
../Src/main.c:825:6:StartconsumerTask	24	static
../Src/main.c:891:6:HAL_TIM_PeriodElapsedCallback	16	static
../Src/main.c:908:6:Error_Handler	4	static
