../Src/usbd_conf.c:70:6:HAL_PCD_MspInit	192	static
../Src/usbd_conf.c:124:6:HAL_PCD_MspDeInit	24	static
../Src/usbd_conf.c:169:6:HAL_PCD_SetupStageCallback	16	static
../Src/usbd_conf.c:184:6:HAL_PCD_DataOutStageCallback	16	static
../Src/usbd_conf.c:199:6:HAL_PCD_DataInStageCallback	16	static
../Src/usbd_conf.c:213:6:HAL_PCD_SOFCallback	16	static
../Src/usbd_conf.c:227:6:HAL_PCD_ResetCallback	24	static
../Src/usbd_conf.c:252:6:HAL_PCD_SuspendCallback	16	static
../Src/usbd_conf.c:277:6:HAL_PCD_ResumeCallback	16	static
../Src/usbd_conf.c:302:6:HAL_PCD_ISOOUTIncompleteCallback	16	static
../Src/usbd_conf.c:317:6:HAL_PCD_ISOINIncompleteCallback	16	static
../Src/usbd_conf.c:331:6:HAL_PCD_ConnectCallback	16	static
../Src/usbd_conf.c:345:6:HAL_PCD_DisconnectCallback	16	static
../Src/usbd_conf.c:360:20:USBD_LL_Init	16	static
../Src/usbd_conf.c:411:20:USBD_LL_DeInit	24	static
../Src/usbd_conf.c:443:20:USBD_LL_Start	24	static
../Src/usbd_conf.c:475:20:USBD_LL_Stop	24	static
../Src/usbd_conf.c:510:20:USBD_LL_OpenEP	24	static
../Src/usbd_conf.c:543:20:USBD_LL_CloseEP	24	static
../Src/usbd_conf.c:576:20:USBD_LL_FlushEP	24	static
../Src/usbd_conf.c:609:20:USBD_LL_StallEP	24	static
../Src/usbd_conf.c:642:20:USBD_LL_ClearStallEP	24	static
../Src/usbd_conf.c:675:9:USBD_LL_IsStallEP	24	static
../Src/usbd_conf.c:695:20:USBD_LL_SetUSBAddress	24	static
../Src/usbd_conf.c:730:20:USBD_LL_Transmit	32	static
../Src/usbd_conf.c:765:20:USBD_LL_PrepareReceive	32	static
../Src/usbd_conf.c:798:10:USBD_LL_GetRxDataSize	16	static
../Src/usbd_conf.c:808:6:USBD_LL_Delay	16	static
../Src/usbd_conf.c:818:7:USBD_static_malloc	16	static
../Src/usbd_conf.c:829:6:USBD_static_free	16	static
../Src/usbd_conf.c:840:13:SystemClockConfig_Resume	8	static
