../Src/usbserial.c:45:6:usbserialInit	16	static
../Src/usbserial.c:62:5:usbserialQueue	32	static
../Src/usbserial.c:79:15:usbserialGetByte	16	static
../Src/usbserial.c:93:6:usbserialPutByte	16	static
../Src/usbserial.c:99:6:usbserialWriteData	16	static
../Src/usbserial.c:103:6:usbserialPrint	16	static
../Src/usbserial.c:107:6:usbserialWriteChar	16	static
../Src/usbserial.c:111:13:nibbleToHex	24	static
../Src/usbserial.c:119:6:usbserialWriteHexNibble	16	static
../Src/usbserial.c:123:6:usbserialWriteHexByte	16	static
../Src/usbserial.c:128:6:usbserialWriteHexWord16	16	static
../Src/usbserial.c:135:6:usbserialWriteHexWord32	16	static
../Src/usbserial.c:148:14:usbserialReadHexNibble	16	static
../Src/usbserial.c:163:14:usbserialReadHexByte	16	static
../Src/usbserial.c:167:14:usbserialReadHexWord16	16	static
../Src/usbserial.c:173:14:usbserialReadHexWord32	16	static
../Src/usbserial.c:183:6:usbserialEchoOn	4	static
../Src/usbserial.c:187:6:usbserialEchoOff	4	static
../Src/usbserial.c:191:6:usbserialReadChar	16	static
../Src/usbserial.c:200:5:usbserialDataAvailable	8	static
../Src/usbserial.c:204:6:usbserialPrintf	144	static
../Src/usbserial.c:217:5:usbserialIsReady	4	static
../Src/usbserial.c:224:6:usbserialTxWakeup	8	static
../Src/usbserial.c:233:6:StartUsbTxTask	88	static
